
=================== 2026-09-27 22:59:01  unit tests ===================
[skip] tests

=================== 2026-09-27 22:59:01  copy materials from the plain run (~/stackem_work/outputs_teacher) ===================
[skip] copy

=================== 2026-09-27 22:59:01  distil the student SKN ===================
[skip] distill

=================== 2026-09-27 22:59:01  E0 solver + tabulation ===================
[skip] e0

=================== 2026-09-27 22:59:01  E1 kernel accuracy (student / tabulated / teacher) ===================
[skip] e1

=================== 2026-09-27 22:59:01  E2 rail accuracy ===================
[skip] e2

=================== 2026-09-27 22:59:01  E3 physics decomposition ===================
[skip] e3

=================== 2026-09-27 22:59:01  E7 ranking value ===================
[skip] e7

=================== 2026-09-27 22:59:01  E4 scaling (student tabulated vs teacher direct) ===================
[skip] e4

=================== 2026-09-27 22:59:01  E5 sensitivity + budget ===================
[sign-off sizing] strap widths: D1=1.35 um, D2=0.99 um, D3=15.34 um
stack-aware repair: widening to restore the 10-yr horizon
  D1: 6 / 82 rails violate 10 yr; targeted +2.9% metal, blanket +65.4% (x1.65); truth after repair: targeted 10.1 yr, blanket 10.1 yr
  D2: 20 / 82 rails violate 10 yr; targeted +12.6% metal, blanket +99.5% (x1.99); truth after repair: targeted 10.0 yr, blanket 10.1 yr
  D3: 0 / 82 rails violate 10 yr; targeted +0.0% metal, blanket +0.0% (x1.00); truth after repair: targeted inf yr, blanket inf yr
[saved] ~/stackem_work/outputs/base3/e5/e5_repair.json
linear maps built in 34s (48 blocks)
gradients for 15 rails in 2s
FD check {'die': 'D1', 'rail': 79, 'block': 'D1/D1_3_3', 'autograd': -5.008907281937622, 'finite_diff': -5.005852437304063, 'delta_W': np.float64(0.004210526315789474)}
FD check {'die': 'D1', 'rail': 79, 'block': 'D2/D2_0_0', 'autograd': -0.037855011987854695, 'finite_diff': -0.03751011629449871, 'delta_W': np.float64(0.0025)}
FD check {'die': 'D2', 'rail': 55, 'block': 'D2/D2_1_1', 'autograd': -8.13426349975918, 'finite_diff': -8.134007771852461, 'delta_W': np.float64(0.0025)}
FD check {'die': 'D2', 'rail': 55, 'block': 'D3/D3_3_3', 'autograd': -0.03305811623752969, 'finite_diff': -0.03289411149307847, 'delta_W': np.float64(0.01)}
FD check {'die': 'D3', 'rail': 15, 'block': 'D3/D3_1_1', 'autograd': -2.8897014210451992, 'finite_diff': -2.7998004503028544, 'delta_W': np.float64(0.05)}
FD check {'die': 'D3', 'rail': 15, 'block': 'D2/D2_0_2', 'autograd': -0.001199782226028387, 'finite_diff': 0.0006525134863560671, 'delta_W': np.float64(0.0025)}
  iter   0  earliest t_nuc 2.404 yr  soft 0.305
  iter   1  earliest t_nuc 3.455 yr  soft 0.435
  iter   2  earliest t_nuc 4.123 yr  soft 0.481
  iter   3  earliest t_nuc 4.778 yr  soft 0.508
  iter   4  earliest t_nuc 5.000 yr  soft 0.524
  iter   5  earliest t_nuc 5.077 yr  soft 0.537
  iter   6  earliest t_nuc 5.198 yr  soft 0.537
  iter   7  earliest t_nuc 5.219 yr  soft 0.543
  iter   8  earliest t_nuc 4.965 yr  soft 0.534
  iter   9  earliest t_nuc 5.214 yr  soft 0.539
  iter  10  earliest t_nuc 5.030 yr  soft 0.530
  iter  11  earliest t_nuc 5.250 yr  soft 0.545
  iter  12  earliest t_nuc 5.044 yr  soft 0.541
  iter  13  earliest t_nuc 5.149 yr  soft 0.542
  iter  14  earliest t_nuc 5.152 yr  soft 0.539
  iter  15  earliest t_nuc 5.143 yr  soft 0.536
  iter  16  earliest t_nuc 5.181 yr  soft 0.546
  iter  17  earliest t_nuc 5.140 yr  soft 0.547
  iter  18  earliest t_nuc 5.236 yr  soft 0.543
  iter  19  earliest t_nuc 5.105 yr  soft 0.543
  iter  20  earliest t_nuc 5.070 yr  soft 0.542
  iter  21  earliest t_nuc 5.145 yr  soft 0.535
  iter  22  earliest t_nuc 5.003 yr  soft 0.538
  iter  23  earliest t_nuc 5.160 yr  soft 0.548
  iter  24  earliest t_nuc 5.092 yr  soft 0.540
earliest t_nuc: base 2.389 yr -> optimised 5.204 yr
[saved] ~/stackem_work/outputs/base3/e5/e5_summary.json

=================== 2026-09-27 23:01:54  E6 sweeps (truth only; identical by construction, kept for completeness) ===================
[skip] e6

=================== 2026-09-27 23:01:54  E8 ev6 real floorplan ===================
[skip] e8

=================== 2026-09-27 23:01:54  second stack (quad4) E2 + E3 + E7 ===================
[skip] quad4
[skip] quad4
[skip] quad4

=================== 2026-09-27 23:01:54  parameter tables + framework figure + figure index ===================
| parameter | symbol | value | swept range |
|---|---|---|---|
| **Stack case** | | | |
| dies (bottom to top) |  | D1 2 W / D2 4 W / D3 20 W | 10 -- 30 (top die) |
| die size / thickness |  | 4 mm / 50 $\mu$m |  |
| power blocks per die |  | 4$\times$4 |  |
| hot blocks (power factor) |  | D1 block (3, 3) $\times$4; D3 block (1, 1) $\times$5 | position sweep (E3) |
| vertical feed pitch / kind |  | 400 $\mu$m tsv / 400 $\mu$m tsv / 200 $\mu$m pad | 200 -- 800 (bottom die) |
| hybrid-bond layer | $t_b$, $k_b$ | 5 $\mu$m, 40 W/mK | 5 -- 150 |
| TIM thickness |  | 20 $\mu$m |  |
| ambient / package resistance | $T_a$, $R_{conv}$ | 45 $^\circ$C, 0.5 K/W | 0.1 -- 1.0 |
| layer order |  | logic die on top (heat-sink side) | logic top / bottom |
| **Power grid (per die)** | | | |
| strap pitch / thickness | $p$, $H$ | 100 $\mu$m / 1 $\mu$m |  |
| strap width (die-level sign-off sizing) | $W$ | D1 1.35, D2 0.99, D3 15.34 $\mu$m | re-sized in E6 |
| supply / current fraction | $V_{dd}$ | 0.8 V / 0.4 |  |
| Cu resistivity | $\rho$ | 3 $\mu\Omega$cm |  |
| **Electromigration / stress (Korhonen)** | | | |
| activation energy | $E_a$ | 0.86 eV | 0.84 -- 1.1 |
| diffusivity prefactor | $D_0$ | 7.5$\times$10$^{-8}$ m$^2$/s |  |
| effective charge | $Z^*$ | 10 |  |
| effective bulk modulus | $B$ | 100 GPa |  |
| atomic volume | $\Omega$ | 1.18$\times$10$^{-29}$ m$^3$ |  |
| heat of transport (TM) | $Q^*$ | 0.09 eV | 0 (no-TM variant) |
| critical stress | $\sigma_{crit}$ | 500 MPa | 400 -- 600 |
| residual stress | $\sigma_T(T)$ | $B\,\Delta\alpha\,(T_0 - T)$, $T_0$ = 250 $^\circ$C, $\Delta\alpha$ = 13.9 ppm/K | frozen (variant) |
| **Wire self-heating (fin model)** | | | |
| Cu / ILD conductivity | $k_{cu}$, $k_{ILD}$ | 400 / 1.4 W/mK |  |
| rail / ILD thickness | $t_{cu}$, $t_{ILD}$ | 1 / 4 $\mu$m |  |
| thermal length (two-sided / single) | $\Gamma$ | 6.9 / 33.8 $\mu$m |  |
| **Sign-off benchmark and solver** | | | |
| lifetime target / margin | $t_h$, $m$ | 10 yr $\times$ 2 | 1.5 -- 3 |
| rule sign-off temperature | $T_{rule}$ | 105 $^\circ$C (uniform) |  |
| strap width search range |  | 0.5 -- 40 $\mu$m |  |
| output time grid | $M$ | 32 log-spaced points, 10$^{4}$ -- 10$^{9.5}$ s |  |
| reference solver cells / segment |  | 60 |  |
| HotSpot grid |  | 64$\times$64 per layer |  |

wrote ~/stackem_work/outputs/base3/tables
| parameter | symbol | value | swept range |
|---|---|---|---|
| **Stack case** | | | |
| dies (bottom to top) |  | D1 3 W / D2 12 W / D3 6 W / D4 25 W | 10 -- 30 (top die) |
| die size / thickness |  | 6 mm / 50 $\mu$m |  |
| power blocks per die |  | 6$\times$6 |  |
| hot blocks (power factor) |  | D2 block (4, 1) $\times$4; D4 block (1, 4) $\times$5 | position sweep (E3) |
| vertical feed pitch / kind |  | 400 $\mu$m tsv / 300 $\mu$m tsv / 300 $\mu$m tsv / 200 $\mu$m pad | 200 -- 800 (bottom die) |
| hybrid-bond layer | $t_b$, $k_b$ | 5 $\mu$m, 40 W/mK | 5 -- 150 |
| TIM thickness |  | 20 $\mu$m |  |
| ambient / package resistance | $T_a$, $R_{conv}$ | 45 $^\circ$C, 0.3 K/W | 0.1 -- 1.0 |
| layer order |  | logic die on top (heat-sink side) | logic top / bottom |
| **Power grid (per die)** | | | |
| strap pitch / thickness | $p$, $H$ | 100 $\mu$m / 1 $\mu$m |  |
| strap width (die-level sign-off sizing) | $W$ | D1 0.50, D2 3.52, D3 0.84, D4 9.18 $\mu$m | re-sized in E6 |
| supply / current fraction | $V_{dd}$ | 0.8 V / 0.4 |  |
| Cu resistivity | $\rho$ | 3 $\mu\Omega$cm |  |
| **Electromigration / stress (Korhonen)** | | | |
| activation energy | $E_a$ | 0.86 eV | 0.84 -- 1.1 |
| diffusivity prefactor | $D_0$ | 7.5$\times$10$^{-8}$ m$^2$/s |  |
| effective charge | $Z^*$ | 10 |  |
| effective bulk modulus | $B$ | 100 GPa |  |
| atomic volume | $\Omega$ | 1.18$\times$10$^{-29}$ m$^3$ |  |
| heat of transport (TM) | $Q^*$ | 0.09 eV | 0 (no-TM variant) |
| critical stress | $\sigma_{crit}$ | 500 MPa | 400 -- 600 |
| residual stress | $\sigma_T(T)$ | $B\,\Delta\alpha\,(T_0 - T)$, $T_0$ = 250 $^\circ$C, $\Delta\alpha$ = 13.9 ppm/K | frozen (variant) |
| **Wire self-heating (fin model)** | | | |
| Cu / ILD conductivity | $k_{cu}$, $k_{ILD}$ | 400 / 1.4 W/mK |  |
| rail / ILD thickness | $t_{cu}$, $t_{ILD}$ | 1 / 4 $\mu$m |  |
| thermal length (two-sided / single) | $\Gamma$ | 6.9 / 33.8 $\mu$m |  |
| **Sign-off benchmark and solver** | | | |
| lifetime target / margin | $t_h$, $m$ | 10 yr $\times$ 2 | 1.5 -- 3 |
| rule sign-off temperature | $T_{rule}$ | 105 $^\circ$C (uniform) |  |
| strap width search range |  | 0.5 -- 40 $\mu$m |  |
| output time grid | $M$ | 32 log-spaced points, 10$^{4}$ -- 10$^{9.5}$ s |  |
| reference solver cells / segment |  | 60 |  |
| HotSpot grid |  | 64$\times$64 per layer |  |

wrote ~/stackem_work/outputs/quad4/tables
wrote ~/stackem_work/outputs/base3/figs/framework
wrote ~/stackem_work/outputs/base3/paper_figs 339 entries
wrote ~/stackem_work/outputs/quad4/paper_figs 135 entries

=================== 2026-09-27 23:01:56  comparison plain vs distilled ===================
[skip] compare

student-engine flow finished: ~/stackem_work/outputs (all steps succeeded)
