
=================== 2026-09-27 17:38:47  dense3: copy the sign-off sizing from the plain run ===================
  copied dense3/signoff

=================== 2026-09-27 17:38:47  dense3: E2 rail accuracy ===================
[sign-off sizing] strap widths: D1=0.96 um, D2=0.65 um, D3=8.14 um
full {'D1': (0.015699066914336254, 0.0018628455667707628, 1.0), 'D2': (0.01798856978560369, 0.002954832870062533, 1.0), 'D3': (0.04015187566604762, 0.0006094584749652074, 1.0)} closure 42.9s truth 12.7s
alone {'D1': (0.6425972771674293, 0.00013189029941387527, 1.0), 'D2': (0.006505013619821774, 0.00021497396049569592, 1.0), 'D3': (0.02210510049812946, 0.0005025144064108214, 1.0)} closure 43.1s truth 12.9s
uniform {'D1': (0.015458579794450186, 0.0018947248097786066, 1.0), 'D2': (0.008768763225382671, 0.002992882894853004, 1.0), 'D3': (0.05304029157013743, 0.0005632478746848454, 1.0)} closure 43.2s truth 13.3s
[saved] ~/stackem_work/outputs/dense3/e2/e2_summary.json

=================== 2026-09-27 17:41:41  dense3: E3 decomposition ===================
[sign-off sizing] strap widths: D1=0.96 um, D2=0.65 um, D3=8.14 um
alone          13.1s  earliest 23.026 yr on D1; mortal10yr 0 /100yr 32
uniform_signoff  12.8s  earliest 1.178 yr on D1; mortal10yr 128 /100yr 210
uniform        13.0s  earliest 9.335 yr on D1; mortal10yr 4 /100yr 136
sigmaT_const   13.3s  earliest 2.793 yr on D2; mortal10yr 36 /100yr 156
no_joule       12.7s  earliest 4.363 yr on D2; mortal10yr 10 /100yr 136
no_tm          12.2s  earliest 4.340 yr on D2; mortal10yr 10 /100yr 136
full           13.0s  earliest 4.331 yr on D2; mortal10yr 10 /100yr 136
StackEM overlay 44.0s  earliest 4.343 yr
hotspot [0, 0] {'D1': {'earliest_yr': 9.782, 'earliest_rail': 'V76', 'mortal10': 2, 'mortal100': 28, 'crossing_enrichment_10yr': 0.0, 'crossing_enrichment_100yr': 0.0, 'tnuc_ratio_cross_over_noncross': nan, 'spearman_T_vs_logt': 0.339, 'earliest_rail_crosses_hot_block': False, 'share_crossing': 0.247}, 'D2': {'earliest_yr': 2.624, 'earliest_rail': 'H4', 'mortal10': 18, 'mortal100': 104, 'crossing_enrichment_10yr': 3.15, 'crossing_enrichment_100yr': 1.09, 'tnuc_ratio_cross_over_noncross': 0.448, 'spearman_T_vs_logt': -0.496, 'earliest_rail_crosses_hot_block': True, 'share_crossing': 0.247}}
hotspot [1, 1] {'D1': {'earliest_yr': 9.684, 'earliest_rail': 'V76', 'mortal10': 2, 'mortal100': 28, 'crossing_enrichment_10yr': 0.0, 'crossing_enrichment_100yr': 0.0, 'tnuc_ratio_cross_over_noncross': nan, 'spearman_T_vs_logt': 0.386, 'earliest_rail_crosses_hot_block': False, 'share_crossing': 0.247}, 'D2': {'earliest_yr': 4.331, 'earliest_rail': 'H28', 'mortal10': 8, 'mortal100': 100, 'crossing_enrichment_10yr': 3.038, 'crossing_enrichment_100yr': 1.053, 'tnuc_ratio_cross_over_noncross': 0.609, 'spearman_T_vs_logt': -0.292, 'earliest_rail_crosses_hot_block': True, 'share_crossing': 0.247}}
hotspot [2, 2] {'D1': {'earliest_yr': 9.31, 'earliest_rail': 'V76', 'mortal10': 2, 'mortal100': 28, 'crossing_enrichment_10yr': 0.0, 'crossing_enrichment_100yr': 0.579, 'tnuc_ratio_cross_over_noncross': 2.313, 'spearman_T_vs_logt': 0.372, 'earliest_rail_crosses_hot_block': False, 'share_crossing': 0.247}, 'D2': {'earliest_yr': 4.421, 'earliest_rail': 'V52', 'mortal10': 8, 'mortal100': 100, 'crossing_enrichment_10yr': 2.025, 'crossing_enrichment_100yr': 0.972, 'tnuc_ratio_cross_over_noncross': 0.68, 'spearman_T_vs_logt': -0.164, 'earliest_rail_crosses_hot_block': True, 'share_crossing': 0.247}}
hotspot [3, 3] {'D1': {'earliest_yr': 2.288, 'earliest_rail': 'V76', 'mortal10': 14, 'mortal100': 40, 'crossing_enrichment_10yr': 3.857, 'crossing_enrichment_100yr': 3.471, 'tnuc_ratio_cross_over_noncross': 0.363, 'spearman_T_vs_logt': -0.115, 'earliest_rail_crosses_hot_block': True, 'share_crossing': 0.259}, 'D2': {'earliest_yr': 3.068, 'earliest_rail': 'V76', 'mortal10': 16, 'mortal100': 100, 'crossing_enrichment_10yr': 3.857, 'crossing_enrichment_100yr': 1.003, 'tnuc_ratio_cross_over_noncross': 0.259, 'spearman_T_vs_logt': -0.544, 'earliest_rail_crosses_hot_block': True, 'share_crossing': 0.259}}
hotspot [0, 3] {'D1': {'earliest_yr': 9.67, 'earliest_rail': 'V76', 'mortal10': 2, 'mortal100': 28, 'crossing_enrichment_10yr': 1.976, 'crossing_enrichment_100yr': 1.693, 'tnuc_ratio_cross_over_noncross': 0.556, 'spearman_T_vs_logt': 0.043, 'earliest_rail_crosses_hot_block': False, 'share_crossing': 0.253}, 'D2': {'earliest_yr': 2.959, 'earliest_rail': 'H76', 'mortal10': 17, 'mortal100': 100, 'crossing_enrichment_10yr': 3.486, 'crossing_enrichment_100yr': 0.988, 'tnuc_ratio_cross_over_noncross': 0.27, 'spearman_T_vs_logt': -0.56, 'earliest_rail_crosses_hot_block': True, 'share_crossing': 0.253}}
[saved] ~/stackem_work/outputs/dense3/e3/e3_summary.json

=================== 2026-09-27 17:45:34  dense3: E7 ranking ===================
[sign-off sizing] strap widths: D1=0.96 um, D2=0.65 um, D3=8.14 um
alone {'top10': 0.2, 'top10_tol1pct': 0.2, 'top50': 0.48, 'kendall': 0.648, 'same_critical_die': False, 'same_earliest_rail': False, 'mortal10_jaccard': 0.0, 'mortal10_missed': 10, 'mortal10_false': 0}
uniform_signoff {'top10': 0.6, 'top10_tol1pct': 0.6, 'top50': 0.88, 'kendall': 0.574, 'same_critical_die': False, 'same_earliest_rail': False, 'mortal10_jaccard': 0.078, 'mortal10_missed': 0, 'mortal10_false': 118}
uniform {'top10': 0.4, 'top10_tol1pct': 0.4, 'top50': 0.88, 'kendall': 0.591, 'same_critical_die': False, 'same_earliest_rail': False, 'mortal10_jaccard': 0.167, 'mortal10_missed': 8, 'mortal10_false': 2}
sigmaT_const {'top10': 0.8, 'top10_tol1pct': 0.8, 'top50': 0.88, 'kendall': 0.93, 'same_critical_die': True, 'same_earliest_rail': False, 'mortal10_jaccard': 0.278, 'mortal10_missed': 0, 'mortal10_false': 26}
no_joule {'top10': 1.0, 'top10_tol1pct': 1.0, 'top50': 1.0, 'kendall': 0.989, 'same_critical_die': True, 'same_earliest_rail': False, 'mortal10_jaccard': 1.0, 'mortal10_missed': 0, 'mortal10_false': 0}
no_tm {'top10': 1.0, 'top10_tol1pct': 1.0, 'top50': 1.0, 'kendall': 0.989, 'same_critical_die': True, 'same_earliest_rail': True, 'mortal10_jaccard': 1.0, 'mortal10_missed': 0, 'mortal10_false': 0}
stackem {'top10': 1.0, 'top10_tol1pct': 1.0, 'top50': 0.96, 'kendall': 0.984, 'same_critical_die': True, 'same_earliest_rail': False, 'mortal10_jaccard': 1.0, 'mortal10_missed': 0, 'mortal10_false': 0}
[saved] ~/stackem_work/outputs/dense3/e7/e7_ranking.json
truth Top-10 boundary: rails #10 and #11 differ by 6.27 % in t_nuc

=================== 2026-09-27 17:45:36  dense3: parameter table ===================
| parameter | symbol | value | swept range |
|---|---|---|---|
| **Stack case** | | | |
| dies (bottom to top) |  | D1 2 W / D2 4 W / D3 20 W | 10 -- 30 (top die) |
| die size / thickness |  | 4 mm / 50 $\mu$m |  |
| power blocks per die |  | 4$\times$4 |  |
| hot blocks (power factor) |  | D1 block (3, 3) $\times$4; D3 block (1, 1) $\times$5 | position sweep (E3) |
| vertical feed pitch / kind |  | 400 $\mu$m tsv / 400 $\mu$m tsv / 200 $\mu$m pad | 200 -- 800 (bottom die) |
| hybrid-bond layer | $t_b$, $k_b$ | 5 $\mu$m, 40 W/mK | 5 -- 150 |
| TIM thickness |  | 20 $\mu$m |  |
| ambient / package resistance | $T_a$, $R_{conv}$ | 45 $^\circ$C, 0.5 K/W | 0.1 -- 1.0 |
| layer order |  | logic die on top (heat-sink side) | logic top / bottom |
| **Power grid (per die)** | | | |
| strap pitch / thickness | $p$, $H$ | 50 $\mu$m / 1 $\mu$m |  |
| strap width (die-level sign-off sizing) | $W$ | D1 0.96, D2 0.65, D3 8.14 $\mu$m | re-sized in E6 |
| supply / current fraction | $V_{dd}$ | 0.8 V / 0.4 |  |
| Cu resistivity | $\rho$ | 3 $\mu\Omega$cm |  |
| **Electromigration / stress (Korhonen)** | | | |
| activation energy | $E_a$ | 0.86 eV | 0.84 -- 1.1 |
| diffusivity prefactor | $D_0$ | 7.5$\times$10$^{-8}$ m$^2$/s |  |
| effective charge | $Z^*$ | 10 |  |
| effective bulk modulus | $B$ | 100 GPa |  |
| atomic volume | $\Omega$ | 1.18$\times$10$^{-29}$ m$^3$ |  |
| heat of transport (TM) | $Q^*$ | 0.09 eV | 0 (no-TM variant) |
| critical stress | $\sigma_{crit}$ | 500 MPa | 400 -- 600 |
| residual stress | $\sigma_T(T)$ | $B\,\Delta\alpha\,(T_0 - T)$, $T_0$ = 250 $^\circ$C, $\Delta\alpha$ = 13.9 ppm/K | frozen (variant) |
| **Wire self-heating (fin model)** | | | |
| Cu / ILD conductivity | $k_{cu}$, $k_{ILD}$ | 400 / 1.4 W/mK |  |
| rail / ILD thickness | $t_{cu}$, $t_{ILD}$ | 1 / 4 $\mu$m |  |
| thermal length (two-sided / single) | $\Gamma$ | 6.9 / 33.8 $\mu$m |  |
| **Sign-off benchmark and solver** | | | |
| lifetime target / margin | $t_h$, $m$ | 10 yr $\times$ 2 | 1.5 -- 3 |
| rule sign-off temperature | $T_{rule}$ | 105 $^\circ$C (uniform) |  |
| strap width search range |  | 0.5 -- 40 $\mu$m |  |
| output time grid | $M$ | 32 log-spaced points, 10$^{4}$ -- 10$^{9.5}$ s |  |
| reference solver cells / segment |  | 60 |  |
| HotSpot grid |  | 64$\times$64 per layer |  |

wrote ~/stackem_work/outputs/dense3/tables

=================== 2026-09-27 17:45:37  IBM power-grid benchmark (paper engine): ~/stackem_work/ibmpg_bench/ibmpg1.spice ===================
  [parse] 55120 lines read (0.0s)
  [dc] conductance matrix 30636 x 30636, 90637 nnz (0.0s)
  [dc] 14308 voltage sources: 277 to ground (eliminated), 14031 floating; 10774 current sources (0.0s)
parsed 30636 nodes, 30027 resistors; DC solve 0.1s; Vmin 0.0000 V
coordinate unit: auto -> 1e-06 m (median collinear segment 96 units = 96 um; die 20.8 x 21.0 mm)
temperature field of D3: 342.0-359.9 K projected on the netlist
  [rails] 1942 straight rails extracted (0.1s)
rails sized to j_max = 1e+06 A/cm^2: W median 11.48 um
DC solve vs official solution: 30635 nodes, max |dV| = 0.006 mV, mean 0.001 mV
1942 straight rails extracted (>= 3 segments); by net: M0: 420, M1: 427, M2: 754, M3: 341
1942 rails kept (top by |j|); segments per rail median 9, segment length median 96 um (p10 33, p90 937); j_max 1e+06 A/cm^2, j p50 3.93e+05
immortal by Blech screen: 0 / 1942 (0.5s)
reference solver: 1942 rails in 163 batches on 32 workers ...
reference solver: 3.0s on 32 workers, cells per segment adaptive in the longest segment (60 / 240 / 960 for <=0.3 / <=3 / >3 mm): [1237, 705, 0] rails
closure (torch/cuda, tabulated): 2.6s for 1942 rails
  error by n_seg:
    [3, 5): n=  649  median 0.238%  p90 0.933%  max 14.21%
    [5, 9): n=   82  median 0.407%  p90 0.775%  max 4.81%
    [9, 17): n=  543  median 0.415%  p90 1.124%  max 6.89%
    [17, 33): n=  465  median 0.459%  p90 1.072%  max 10.44%
    [33, 65): n=  185  median 0.364%  p90 1.037%  max 3.16%
    [65, 1e+09): n=   18  median 0.278%  p90 0.491%  max 0.88%
  error by min segment length (um):
    [0, 5): n=  116  median 0.353%  p90 0.965%  max 2.51%
    [5, 10): n=  218  median 0.441%  p90 1.353%  max 14.21%
    [10, 20): n=  420  median 0.459%  p90 1.033%  max 9.01%
    [20, 50): n=  429  median 0.206%  p90 0.763%  max 10.44%
    [50, 100): n=  422  median 0.303%  p90 0.929%  max 4.27%
    [100, 1e+09): n=  337  median 0.504%  p90 1.831%  max 5.58%
  error by max segment length (um):
    [0, 100): n=  554  median 0.190%  p90 0.702%  max 9.01%
    [100, 300): n=  683  median 0.431%  p90 1.072%  max 14.21%
    [300, 1000): n=   90  median 0.571%  p90 2.228%  max 3.16%
    [1000, 3000): n=  615  median 0.390%  p90 1.190%  max 5.58%
  error by sign changes of j along the rail:
    [0, 1): n=  242  median 0.643%  p90 2.011%  max 5.58%
    [1, 2): n= 1107  median 0.310%  p90 1.016%  max 14.21%
    [2, 4): n=  170  median 0.412%  p90 0.913%  max 9.01%
    [4, 1e+09): n=  423  median 0.356%  p90 0.953%  max 4.27%
  10 worst rails (truth yr, pred yr, n_seg, L_min/med/max um, j_max A/cm^2, T_m max K, sign changes):
        5.419     4.649    4     7.0/   37.0/   135.0     1e+06   0.36   1
       23.818    21.332   24    33.0/   49.0/   183.0     1e+06   0.36   1
        9.492     8.637    3    11.0/   37.0/    49.0     1e+06   0.36   2
        8.934     8.263    4    19.0/   24.5/    47.0     1e+06   0.36   1
        5.341     4.959    4     7.0/   37.0/   135.0     1e+06   0.36   1
        6.245     6.675   14     7.0/   37.0/   183.0     1e+06   0.36   1
       20.315    19.079   24    33.0/   48.5/   183.0     1e+06   0.36   1
        4.565     4.841   14     7.0/   37.0/   183.0     1e+06   0.36   1
        6.867     7.259   14     7.0/   37.0/   183.0     1e+06   0.36   1
        5.887     6.215   14     7.0/   37.0/   183.0     1e+06   0.36   1
{'spice': '~/stackem_work/ibmpg_bench/ibmpg1.spice', 'n_nodes': 30636, 'n_resistors': 30027, 'n_rails': 1942, 'n_immortal': 0, 'die': 'D3', 'unit_m': 1e-06, 'strap_width_um': None, 'strap_thickness_um': 1.0, 'size_to_jmax': 1000000.0, 'W_um_median': 11.480369616381031, 'segment_length_um_median': 96.0, 'j_max_A_per_cm2': 1000000.0000000005, 'seconds_truth': 3.0153379440307617, 'truth_workers': 32, 'closure_backend': 'torch/cuda', 'seconds_closure': 2.642573118209839, 'n_mortal_truth': 1942, 'n_mortal_pred': 1942, 'mortality_agreement': 1.0, 'earliest_years': 0.08944796289264188, 'n_mortal_10yr': 1767, 'tnuc_rel_median': 0.003507604318633911, 'tnuc_rel_p90': 0.01070843270339152, 'top10_hit': 1.0, 'kendall_top50': 0.9820408163265307}

=================== 2026-09-27 17:45:46  IBM power-grid benchmark (paper engine): ~/stackem_work/ibmpg_bench/ibmpg2.spice ===================
  [parse] 246604 lines read (0.1s)
  [dc] conductance matrix 127236 x 127236, 543885 nnz (0.0s)
  [dc] 330 voltage sources: 330 to ground (eliminated), 0 floating; 37926 current sources (0.0s)
  [dc] reduced system 126905 unknowns, 542895 nnz (0.0s)
  [dc] LU factorised, 16156870 nnz in the factors (0.4s)
  [dc] solved (0.4s)
parsed 127236 nodes, 208325 resistors; DC solve 0.7s; Vmin 0.0000 V
coordinate unit: auto -> 1e-06 m (median collinear segment 48 units = 48 um; die 8.1 x 8.2 mm)
temperature field of D3: 342.0-359.9 K projected on the netlist
  [rails] 1177 straight rails extracted (0.2s)
rails sized to j_max = 1e+06 A/cm^2: W median 1.63 um
DC solve vs official solution: 127235 nodes, max |dV| = 0.005 mV, mean 0.001 mV
1177 straight rails extracted (>= 3 segments); by net: M0: 114, M1: 114, M2: 169, M3: 170, M4: 204, M5: 114, M6: 276, M7: 16
1177 rails kept (top by |j|); segments per rail median 115, segment length median 48 um (p10 48, p90 72); j_max 1e+06 A/cm^2, j p50 2.6e+05
immortal by Blech screen: 2 / 1177 (1.8s)
reference solver: 1175 rails in 110 batches on 32 workers ...
reference solver: 4.2s on 32 workers, cells per segment adaptive in the longest segment (60 / 240 / 960 for <=0.3 / <=3 / >3 mm): [1175, 0, 0] rails
closure (torch/cuda, tabulated): 5.6s for 1175 rails
  error by n_seg:
    [3, 5): n=  263  median 0.427%  p90 1.477%  max 11.65%
    [5, 9): n=   41  median 0.315%  p90 0.707%  max 0.81%
    [9, 17): n=   33  median 0.478%  p90 0.669%  max 0.84%
    [17, 33): n=   13  median 0.554%  p90 0.582%  max 0.60%
    [33, 65): n=    2  median 0.443%  p90 0.707%  max 0.77%
    [65, 1e+09): n=  823  median 0.652%  p90 1.819%  max 5.72%
  error by min segment length (um):
    [0, 5): n=  427  median 0.641%  p90 1.400%  max 4.21%
    [5, 10): n=  150  median 0.312%  p90 1.291%  max 3.73%
    [10, 20): n=  109  median 0.513%  p90 1.537%  max 11.65%
    [20, 50): n=  307  median 0.510%  p90 1.422%  max 4.07%
    [50, 100): n=  182  median 0.654%  p90 3.330%  max 5.72%
  error by max segment length (um):
    [0, 100): n= 1175  median 0.548%  p90 1.635%  max 11.65%
  error by sign changes of j along the rail:
    [0, 1): n=   34  median 0.536%  p90 0.714%  max 11.65%
    [1, 2): n=  269  median 0.387%  p90 1.229%  max 4.62%
    [2, 4): n=   53  median 0.875%  p90 2.552%  max 5.72%
    [4, 1e+09): n=  819  median 0.650%  p90 1.765%  max 4.89%
  10 worst rails (truth yr, pred yr, n_seg, L_min/med/max um, j_max A/cm^2, T_m max K, sign changes):
        8.113     7.168    3    19.0/   32.0/    53.0     1e+06   0.36   0
       17.521    18.523  112    72.0/   72.0/    72.0     1e+06   0.36   3
       16.361    17.162  112    72.0/   72.0/    72.0     1e+06   0.36   7
        1.871     1.785    4    12.0/   23.5/    44.0     1e+06   0.36   1
       21.003    21.907  112    72.0/   72.0/    72.0     1e+06   0.36   3
       18.673    19.460  113    72.0/   72.0/    72.0     1e+06   0.36  12
       18.031    18.790  120     2.0/   72.0/    72.0     1e+06   0.36  15
       15.173    15.798  112    72.0/   72.0/    72.0     1e+06   0.36   9
       16.766    16.083  169    48.0/   48.0/    48.0     1e+06   0.36  15
       19.002    19.762  113    72.0/   72.0/    72.0     1e+06   0.36  24
{'spice': '~/stackem_work/ibmpg_bench/ibmpg2.spice', 'n_nodes': 127236, 'n_resistors': 208325, 'n_rails': 1177, 'n_immortal': 2, 'die': 'D3', 'unit_m': 1e-06, 'strap_width_um': None, 'strap_thickness_um': 1.0, 'size_to_jmax': 1000000.0, 'W_um_median': 1.6278795697981536, 'segment_length_um_median': 48.0, 'j_max_A_per_cm2': 1000000.0000000005, 'seconds_truth': 4.189278602600098, 'truth_workers': 32, 'closure_backend': 'torch/cuda', 'seconds_closure': 5.5611045360565186, 'n_mortal_truth': 1175, 'n_mortal_pred': 1175, 'mortality_agreement': 1.0, 'earliest_years': 0.07267247752380816, 'n_mortal_10yr': 877, 'tnuc_rel_median': 0.005479698156036519, 'tnuc_rel_p90': 0.016349670637668928, 'top10_hit': 1.0, 'kendall_top50': 0.9787755102040817}

=================== 2026-09-27 17:46:02  IBM power-grid benchmark (paper engine): ~/stackem_work/ibmpg_bench/ibmpg3.spice ===================
  [parse] 1603623 lines read (0.5s)
  [parse] 500000 lines, 490839 nodes, 336757 R, 112 V, 163121 I (0.9s)
  [parse] 1000000 lines, 757886 nodes, 798571 R, 353 V, 201054 I (1.4s)
  [parse] 1500000 lines, 842221 nodes, 1298302 R, 613 V, 201054 I (1.8s)
  [dc] conductance matrix 851582 x 851582, 3654197 nnz (0.4s)
  [dc] 955 voltage sources: 955 to ground (eliminated), 0 floating; 201054 current sources (0.4s)
  [dc] reduced system 850626 unknowns, 3651332 nnz (0.5s)
  [dc] LU factorised, 281695178 nnz in the factors (21.8s)
  [dc] solved (21.9s)
parsed 851582 nodes, 1401572 resistors; DC solve 23.8s; Vmin 0.0000 V
coordinate unit: auto -> 1e-09 m (median collinear segment 129600 units = 130 um; die 30.6 x 30.7 mm)
temperature field of D3: 342.0-359.9 K projected on the netlist
  [rails] 11135 straight rails extracted (1.9s)
rails sized to j_max = 1e+06 A/cm^2: W median 0.20 um
DC solve vs official solution: 851581 nodes, max |dV| = 0.009 mV, mean 0.002 mV
11135 straight rails extracted (>= 3 segments); by net: M0: 4433, M1: 4446, M10: 237, M11: 137, M12: 30, M13: 16, M14: 16, M2: 9, M3: 264, M4: 264, M6: 354, M7: 355, M8: 168, M9: 406
2000 rails kept (top by |j|); segments per rail median 246, segment length median 86 um (p10 14, p90 130); j_max 1e+06 A/cm^2, j p50 1.75e+05
immortal by Blech screen: 0 / 2000 (8.9s)
reference solver: 2000 rails in 404 batches on 32 workers ...
reference solver: 64.7s on 32 workers, cells per segment adaptive in the longest segment (60 / 240 / 960 for <=0.3 / <=3 / >3 mm): [2000, 0, 0] rails
closure (torch/cuda, tabulated): 35.5s for 2000 rails
  error by n_seg:
    [3, 5): n=   13  median 0.388%  p90 0.510%  max 0.53%
    [5, 9): n=  157  median 0.298%  p90 0.764%  max 2.07%
    [9, 17): n=   40  median 0.246%  p90 0.679%  max 3.78%
    [17, 33): n=  134  median 0.282%  p90 1.052%  max 4.23%
    [33, 65): n=   44  median 0.263%  p90 0.569%  max 1.80%
    [65, 1e+09): n= 1612  median 0.464%  p90 2.229%  max 25.51%
  error by min segment length (um):
    [0, 5): n= 1034  median 0.690%  p90 2.415%  max 25.51%
    [5, 10): n=   20  median 0.363%  p90 0.979%  max 1.14%
    [10, 20): n=   81  median 0.325%  p90 1.052%  max 2.41%
    [20, 50): n=  202  median 0.299%  p90 0.832%  max 2.48%
    [50, 100): n=    7  median 0.348%  p90 1.618%  max 1.84%
    [100, 1e+09): n=  656  median 0.302%  p90 1.074%  max 4.23%
  error by max segment length (um):
    [0, 100): n= 1150  median 0.620%  p90 2.378%  max 25.51%
    [100, 300): n=  850  median 0.313%  p90 1.071%  max 4.23%
  error by sign changes of j along the rail:
    [0, 1): n=  111  median 0.397%  p90 0.853%  max 4.23%
    [1, 2): n=  137  median 0.257%  p90 0.512%  max 3.78%
    [2, 4): n=   86  median 0.277%  p90 0.404%  max 2.07%
    [4, 1e+09): n= 1666  median 0.458%  p90 2.207%  max 25.51%
  10 worst rails (truth yr, pred yr, n_seg, L_min/med/max um, j_max A/cm^2, T_m max K, sign changes):
       22.042    27.665  370     2.7/   86.4/    86.4     1e+06   0.36  26
       24.852    22.498  520     2.7/   86.4/    88.2     1e+06   0.36  49
        6.992     7.525  391     3.6/   86.4/    88.2     1e+06   0.36  43
       16.514    15.521  461     3.6/   86.4/    88.2     1e+06   0.36  52
       13.440    12.774  447     3.6/   86.4/    88.2     1e+06   0.36  48
       47.944    50.287  370     2.7/   86.4/    86.4     1e+06   0.36  32
       15.811    16.537  415     3.6/   86.4/    86.4     1e+06   0.36  46
       11.747    12.275  478     3.6/   86.4/    86.4     1e+06   0.36  38
       12.283    12.803   18   129.6/  129.6/   129.6     1e+06   0.36   0
        3.984     4.148  680     2.7/   36.0/    88.2     1e+06   0.36  66
{'spice': '~/stackem_work/ibmpg_bench/ibmpg3.spice', 'n_nodes': 851582, 'n_resistors': 1401572, 'n_rails': 2000, 'n_immortal': 0, 'die': 'D3', 'unit_m': 1e-09, 'strap_width_um': None, 'strap_thickness_um': 1.0, 'size_to_jmax': 1000000.0, 'W_um_median': 0.7904860479769288, 'segment_length_um_median': 86.4, 'j_max_A_per_cm2': 1000000.0000000005, 'seconds_truth': 64.70703768730164, 'truth_workers': 32, 'closure_backend': 'torch/cuda', 'seconds_closure': 35.5391047000885, 'n_mortal_truth': 2000, 'n_mortal_pred': 2000, 'mortality_agreement': 1.0, 'earliest_years': 0.07488426097495922, 'n_mortal_10yr': 1505, 'tnuc_rel_median': 0.004106932082000868, 'tnuc_rel_p90': 0.019171191377463877, 'top10_hit': 1.0, 'kendall_top50': 1.0}

=================== 2026-09-27 17:48:22  figure index (dense3) ===================
wrote ~/stackem_work/outputs/dense3/paper_figs 121 entries

student-engine extras finished: ~/stackem_work/outputs (all steps succeeded)
