
=================== 2026-09-27 15:26:34  dense3: sign-off sizing ===================
HotSpot (stack + 3 standalone runs) 2s
  sizing D1 (standalone T 320.0-321.9 K, target 20 yr)
    W =   4.47 um -> earliest      inf yr
    W =   1.50 um -> earliest      inf yr
    W =   0.86 um -> earliest    12.93 yr
    W =   1.14 um -> earliest    71.88 yr
    W =   0.99 um -> earliest    55.81 yr
    W =   0.93 um -> earliest    17.31 yr
    W =   0.96 um -> earliest    23.05 yr
    W =   0.94 um -> earliest    19.24 yr
  -> D1: W = 0.96 um, earliest 23.0 yr, j_max 8.58e+05 A/cm^2
  sizing D2 (standalone T 322.0-322.3 K, target 20 yr)
    W =   4.47 um -> earliest      inf yr
    W =   1.50 um -> earliest      inf yr
    W =   0.86 um -> earliest    94.95 yr
    W =   0.66 um -> earliest    53.65 yr
    W =   0.57 um -> earliest    12.07 yr
    W =   0.61 um -> earliest    15.80 yr
    W =   0.64 um -> earliest    19.30 yr
    W =   0.65 um -> earliest    52.13 yr
  -> D2: W = 0.65 um, earliest 52.1 yr, j_max 8.56e+05 A/cm^2
  sizing D3 (standalone T 336.0-358.7 K, target 20 yr)
    W =   4.47 um -> earliest     2.29 yr
    W =  13.37 um -> earliest      inf yr
    W =   7.73 um -> earliest    13.92 yr
    W =  10.17 um -> earliest      inf yr
    W =   8.87 um -> earliest    63.64 yr
    W =   8.28 um -> earliest    29.39 yr
    W =   8.00 um -> earliest    19.69 yr
    W =   8.14 um -> earliest    24.00 yr
  -> D3: W = 8.14 um, earliest 24.0 yr, j_max 2.84e+05 A/cm^2
sizing 105s
  uniform 105 C rule would size D1 at W = 3.07 um  (3-D-aware standalone: 0.96 um)
  uniform 105 C rule would size D2 at W = 2.00 um  (3-D-aware standalone: 0.65 um)
  uniform 105 C rule would size D3 at W = 8.72 um  (3-D-aware standalone: 8.14 um)
[saved] ~/stackem_work/outputs_teacher/dense3/signoff/signoff_sizing.json

=================== 2026-09-27 15:29:17  dense3: E2 rail accuracy ===================
[sign-off sizing] strap widths: D1=0.96 um, D2=0.65 um, D3=8.14 um
full {'D1': (0.0066602628557271455, 0.0007438118523610579, 1.0), 'D2': (0.01093848093732677, 0.0011577702576066888, 1.0), 'D3': (0.005550899979479272, 0.00035057914211000145, 1.0)} closure 804.6s truth 12.3s
alone {'D1': (0.01475869843874712, 0.00019849400007394707, 1.0), 'D2': (0.009335407543393933, 0.00020758631573851102, 1.0), 'D3': (0.005392579154244376, 0.0003137080735616265, 1.0)} closure 814.0s truth 12.2s
uniform {'D1': (0.008139674103355244, 0.0007981309314710814, 1.0), 'D2': (0.013228771272955395, 0.0012686751145536226, 1.0), 'D3': (0.003815318636765324, 0.00023191382875794285, 1.0)} closure 806.3s truth 12.9s
[saved] ~/stackem_work/outputs_teacher/dense3/e2/e2_summary.json

=================== 2026-09-27 16:10:28  dense3: E3 decomposition ===================
[sign-off sizing] strap widths: D1=0.96 um, D2=0.65 um, D3=8.14 um
alone          12.9s  earliest 23.048 yr on D1; mortal10yr 0 /100yr 32
uniform_signoff  12.1s  earliest 1.178 yr on D1; mortal10yr 128 /100yr 210
uniform        12.7s  earliest 9.335 yr on D1; mortal10yr 4 /100yr 136
sigmaT_const   13.1s  earliest 2.793 yr on D2; mortal10yr 36 /100yr 156
no_joule       12.4s  earliest 4.361 yr on D2; mortal10yr 10 /100yr 136
no_tm          11.8s  earliest 4.339 yr on D2; mortal10yr 10 /100yr 136
full           12.5s  earliest 4.331 yr on D2; mortal10yr 10 /100yr 136
StackEM overlay 811.1s  earliest 4.301 yr
hotspot [0, 0] {'D1': {'earliest_yr': 9.782, 'earliest_rail': 'V76', 'mortal10': 2, 'mortal100': 28, 'crossing_enrichment_10yr': 0.0, 'crossing_enrichment_100yr': 0.0, 'tnuc_ratio_cross_over_noncross': nan, 'spearman_T_vs_logt': 0.339, 'earliest_rail_crosses_hot_block': False, 'share_crossing': 0.247}, 'D2': {'earliest_yr': 2.624, 'earliest_rail': 'H4', 'mortal10': 18, 'mortal100': 104, 'crossing_enrichment_10yr': 3.15, 'crossing_enrichment_100yr': 1.09, 'tnuc_ratio_cross_over_noncross': 0.448, 'spearman_T_vs_logt': -0.496, 'earliest_rail_crosses_hot_block': True, 'share_crossing': 0.247}}
hotspot [1, 1] {'D1': {'earliest_yr': 9.684, 'earliest_rail': 'V76', 'mortal10': 2, 'mortal100': 28, 'crossing_enrichment_10yr': 0.0, 'crossing_enrichment_100yr': 0.0, 'tnuc_ratio_cross_over_noncross': nan, 'spearman_T_vs_logt': 0.385, 'earliest_rail_crosses_hot_block': False, 'share_crossing': 0.247}, 'D2': {'earliest_yr': 4.331, 'earliest_rail': 'V28', 'mortal10': 8, 'mortal100': 100, 'crossing_enrichment_10yr': 3.038, 'crossing_enrichment_100yr': 1.053, 'tnuc_ratio_cross_over_noncross': 0.609, 'spearman_T_vs_logt': -0.292, 'earliest_rail_crosses_hot_block': True, 'share_crossing': 0.247}}
hotspot [2, 2] {'D1': {'earliest_yr': 9.31, 'earliest_rail': 'V76', 'mortal10': 2, 'mortal100': 28, 'crossing_enrichment_10yr': 0.0, 'crossing_enrichment_100yr': 0.579, 'tnuc_ratio_cross_over_noncross': 2.313, 'spearman_T_vs_logt': 0.373, 'earliest_rail_crosses_hot_block': False, 'share_crossing': 0.247}, 'D2': {'earliest_yr': 4.421, 'earliest_rail': 'V52', 'mortal10': 8, 'mortal100': 100, 'crossing_enrichment_10yr': 2.025, 'crossing_enrichment_100yr': 0.972, 'tnuc_ratio_cross_over_noncross': 0.681, 'spearman_T_vs_logt': -0.164, 'earliest_rail_crosses_hot_block': True, 'share_crossing': 0.247}}
hotspot [3, 3] {'D1': {'earliest_yr': 2.288, 'earliest_rail': 'V76', 'mortal10': 14, 'mortal100': 40, 'crossing_enrichment_10yr': 3.857, 'crossing_enrichment_100yr': 3.471, 'tnuc_ratio_cross_over_noncross': 0.363, 'spearman_T_vs_logt': -0.116, 'earliest_rail_crosses_hot_block': True, 'share_crossing': 0.259}, 'D2': {'earliest_yr': 3.047, 'earliest_rail': 'V76', 'mortal10': 16, 'mortal100': 100, 'crossing_enrichment_10yr': 3.857, 'crossing_enrichment_100yr': 1.003, 'tnuc_ratio_cross_over_noncross': 0.259, 'spearman_T_vs_logt': -0.545, 'earliest_rail_crosses_hot_block': True, 'share_crossing': 0.259}}
hotspot [0, 3] {'D1': {'earliest_yr': 9.67, 'earliest_rail': 'V76', 'mortal10': 2, 'mortal100': 28, 'crossing_enrichment_10yr': 1.976, 'crossing_enrichment_100yr': 1.693, 'tnuc_ratio_cross_over_noncross': 0.556, 'spearman_T_vs_logt': 0.043, 'earliest_rail_crosses_hot_block': False, 'share_crossing': 0.253}, 'D2': {'earliest_yr': 2.96, 'earliest_rail': 'H76', 'mortal10': 17, 'mortal100': 100, 'crossing_enrichment_10yr': 3.486, 'crossing_enrichment_100yr': 0.988, 'tnuc_ratio_cross_over_noncross': 0.27, 'spearman_T_vs_logt': -0.56, 'earliest_rail_crosses_hot_block': True, 'share_crossing': 0.253}}
[saved] ~/stackem_work/outputs_teacher/dense3/e3/e3_summary.json

=================== 2026-09-27 16:27:04  dense3: E7 ranking ===================
[sign-off sizing] strap widths: D1=0.96 um, D2=0.65 um, D3=8.14 um
alone {'top10': 0.2, 'top10_tol1pct': 0.2, 'top50': 0.48, 'kendall': 0.644, 'same_critical_die': False, 'same_earliest_rail': False, 'mortal10_jaccard': 0.0, 'mortal10_missed': 10, 'mortal10_false': 0}
uniform_signoff {'top10': 0.6, 'top10_tol1pct': 0.6, 'top50': 0.88, 'kendall': 0.574, 'same_critical_die': False, 'same_earliest_rail': False, 'mortal10_jaccard': 0.078, 'mortal10_missed': 0, 'mortal10_false': 118}
uniform {'top10': 0.4, 'top10_tol1pct': 0.4, 'top50': 0.88, 'kendall': 0.592, 'same_critical_die': False, 'same_earliest_rail': False, 'mortal10_jaccard': 0.167, 'mortal10_missed': 8, 'mortal10_false': 2}
sigmaT_const {'top10': 0.8, 'top10_tol1pct': 0.8, 'top50': 0.88, 'kendall': 0.928, 'same_critical_die': True, 'same_earliest_rail': True, 'mortal10_jaccard': 0.278, 'mortal10_missed': 0, 'mortal10_false': 26}
no_joule {'top10': 1.0, 'top10_tol1pct': 1.0, 'top50': 1.0, 'kendall': 0.987, 'same_critical_die': True, 'same_earliest_rail': True, 'mortal10_jaccard': 1.0, 'mortal10_missed': 0, 'mortal10_false': 0}
no_tm {'top10': 1.0, 'top10_tol1pct': 1.0, 'top50': 1.0, 'kendall': 0.985, 'same_critical_die': True, 'same_earliest_rail': False, 'mortal10_jaccard': 1.0, 'mortal10_missed': 0, 'mortal10_false': 0}
stackem {'top10': 1.0, 'top10_tol1pct': 1.0, 'top50': 1.0, 'kendall': 0.964, 'same_critical_die': True, 'same_earliest_rail': False, 'mortal10_jaccard': 1.0, 'mortal10_missed': 0, 'mortal10_false': 0}
[saved] ~/stackem_work/outputs_teacher/dense3/e7/e7_ranking.json
truth Top-10 boundary: rails #10 and #11 differ by 6.27 % in t_nuc

=================== 2026-09-27 16:27:06  dense3: parameter table ===================
| parameter | symbol | value | swept range |
|---|---|---|---|
| **Stack case** | | | |
| dies (bottom to top) |  | D1 2 W / D2 4 W / D3 20 W | 10 -- 30 (top die) |
| die size / thickness |  | 4 mm / 50 $\mu$m |  |
| power blocks per die |  | 4$\times$4 |  |
| hot blocks (power factor) |  | D1 block (3, 3) $\times$4; D3 block (1, 1) $\times$5 | position sweep (E3) |
| vertical feed pitch / kind |  | 400 $\mu$m tsv / 400 $\mu$m tsv / 200 $\mu$m pad | 200 -- 800 (bottom die) |
| hybrid-bond layer | $t_b$, $k_b$ | 5 $\mu$m, 40 W/mK | 5 -- 150 |
| TIM thickness |  | 20 $\mu$m |  |
| ambient / package resistance | $T_a$, $R_{conv}$ | 45 $^\circ$C, 0.5 K/W | 0.1 -- 1.0 |
| layer order |  | logic die on top (heat-sink side) | logic top / bottom |
| **Power grid (per die)** | | | |
| strap pitch / thickness | $p$, $H$ | 50 $\mu$m / 1 $\mu$m |  |
| strap width (die-level sign-off sizing) | $W$ | D1 0.96, D2 0.65, D3 8.14 $\mu$m | re-sized in E6 |
| supply / current fraction | $V_{dd}$ | 0.8 V / 0.4 |  |
| Cu resistivity | $\rho$ | 3 $\mu\Omega$cm |  |
| **Electromigration / stress (Korhonen)** | | | |
| activation energy | $E_a$ | 0.86 eV | 0.84 -- 1.1 |
| diffusivity prefactor | $D_0$ | 7.5$\times$10$^{-8}$ m$^2$/s |  |
| effective charge | $Z^*$ | 10 |  |
| effective bulk modulus | $B$ | 100 GPa |  |
| atomic volume | $\Omega$ | 1.18$\times$10$^{-29}$ m$^3$ |  |
| heat of transport (TM) | $Q^*$ | 0.09 eV | 0 (no-TM variant) |
| critical stress | $\sigma_{crit}$ | 500 MPa | 400 -- 600 |
| residual stress | $\sigma_T(T)$ | $B\,\Delta\alpha\,(T_0 - T)$, $T_0$ = 250 $^\circ$C, $\Delta\alpha$ = 13.9 ppm/K | frozen (variant) |
| **Wire self-heating (fin model)** | | | |
| Cu / ILD conductivity | $k_{cu}$, $k_{ILD}$ | 400 / 1.4 W/mK |  |
| rail / ILD thickness | $t_{cu}$, $t_{ILD}$ | 1 / 4 $\mu$m |  |
| thermal length (two-sided / single) | $\Gamma$ | 6.9 / 33.8 $\mu$m |  |
| **Sign-off benchmark and solver** | | | |
| lifetime target / margin | $t_h$, $m$ | 10 yr $\times$ 2 | 1.5 -- 3 |
| rule sign-off temperature | $T_{rule}$ | 105 $^\circ$C (uniform) |  |
| strap width search range |  | 0.5 -- 40 $\mu$m |  |
| output time grid | $M$ | 64 log-spaced points, 10$^{4}$ -- 10$^{9.5}$ s |  |
| reference solver cells / segment |  | 60 |  |
| HotSpot grid |  | 64$\times$64 per layer |  |

wrote ~/stackem_work/outputs_teacher/dense3/tables

=================== 2026-09-27 16:27:06  ablation: SKN with PDE residual (w_pde = 0.05) -> base3/skn_pde ===================
[skip] ablation training (STACKEM_ABL_SKIP_TRAIN set and ~/stackem_work/outputs_teacher/base3/skn_pde/skn_best.npz exists)

=================== 2026-09-27 16:27:06  ablation: E1 + E2 with the PDE-trained SKN (tag pde -> base3__pde) ===================
[sign-off sizing] strap widths: D1=1.35 um, D2=0.99 um, D3=15.34 um
val SKN {'s_G': {'rel_l2_median': 0.002510508832738327, 'rel_l2_p90': 0.0035668801341028527, 'rel_l2_max': 0.006000440199107269, 'end_max_rel_median': 0.005592484900396927}, 's_M': {'rel_l2_median': 0.019573114288070327, 'rel_l2_p90': 0.44349830104778254, 'rel_l2_max': 2.87504183326255, 'end_max_rel_median': 0.11365191361420693}, 'a': {'rel_l2_median': 0.0016272808049664486, 'rel_l2_p90': 0.0019337659310169914, 'rel_l2_max': 0.002336635363239784, 'end_max_rel_median': 0.007931782800728003}}
ood SKN {'s_G': {'rel_l2_median': 0.0025602866291561084, 'rel_l2_p90': 0.003539645282175883, 'rel_l2_max': 0.004606273681363519, 'end_max_rel_median': 0.00611282560012923}, 's_M': {'rel_l2_median': 0.02860859713137273, 'rel_l2_p90': 0.5195988374990731, 'rel_l2_max': 2.1212118048882562, 'end_max_rel_median': 0.16260772653260266}, 'a': {'rel_l2_median': 0.0017399534771727993, 'rel_l2_p90': 0.0019056235521898654, 'rel_l2_max': 0.002003020243438548, 'end_max_rel_median': 0.009716976097952874}}
[saved] ~/stackem_work/outputs_teacher/base3__pde/e1/e1_summary.json
[sign-off sizing] strap widths: D1=1.35 um, D2=0.99 um, D3=15.34 um
full {'D1': (0.0022523835146306564, 0.0004057635907908262, 1.0), 'D2': (0.0007590817375618972, 0.0008241502973666338, 1.0), 'D3': (0.0052738457023945315, 0.0003896481174732776, 1.0)} closure 251.5s truth 4.3s
alone {'D1': (0.013429327739527394, 7.404668902655939e-05, 1.0), 'D2': (0.01305610254168039, 0.0009322503658636034, 1.0), 'D3': (0.02422483927753273, 0.00028371995497559647, 1.0)} closure 270.8s truth 4.6s
uniform {'D1': (0.002360538457569236, 0.0003915431365812693, 1.0), 'D2': (0.0005067397478449923, 0.0009382290674756913, 1.0), 'D3': (0.0016906196008762467, 0.0002349325756579429, 1.0)} closure 252.0s truth 4.4s
[saved] ~/stackem_work/outputs_teacher/base3__pde/e2/e2_summary.json
[skip] ibmpg (set STACKEM_IBMPG=/path/to/ibmpg1.spice to run it)

=================== 2026-09-27 16:42:26  figure index (dense3) ===================
wrote ~/stackem_work/outputs_teacher/dense3/paper_figs 121 entries

extras finished: ~/stackem_work/outputs_teacher (all steps succeeded)
