=================== 2026-09-25 23:40:58  kernel dataset ===================
[warn] no sign-off sizing found (run stackem.experiments.signoff_size first); using PGParams.W for every die
  6000/120000 profiles, 13 s elapsed, eta 253 s
  12000/120000 profiles, 25 s elapsed, eta 229 s
  18000/120000 profiles, 33 s elapsed, eta 190 s
  24000/120000 profiles, 45 s elapsed, eta 180 s
  30000/120000 profiles, 54 s elapsed, eta 163 s
  36000/120000 profiles, 65 s elapsed, eta 152 s
  42000/120000 profiles, 75 s elapsed, eta 139 s
  48000/120000 profiles, 86 s elapsed, eta 128 s
  54000/120000 profiles, 96 s elapsed, eta 118 s
  60000/120000 profiles, 108 s elapsed, eta 108 s
  66000/120000 profiles, 117 s elapsed, eta 96 s
  72000/120000 profiles, 129 s elapsed, eta 86 s
  78000/120000 profiles, 138 s elapsed, eta 74 s
  84000/120000 profiles, 150 s elapsed, eta 64 s
  90000/120000 profiles, 159 s elapsed, eta 53 s
  96000/120000 profiles, 171 s elapsed, eta 43 s
  102000/120000 profiles, 182 s elapsed, eta 32 s
  108000/120000 profiles, 192 s elapsed, eta 21 s
  114000/120000 profiles, 203 s elapsed, eta 11 s
  120000/120000 profiles, 211 s elapsed, eta 0 s
saved ~/stackem_work/outputs_teacher/base3/kernels/kernels_train.npz: X (15360000, 6), Y (15360000, 3), 222 s
[saved] ~/stackem_work/outputs_teacher/base3/kernels/dataset_info.json

=================== 2026-09-26 00:05:19  SKN training ===================
[warn] no sign-off sizing found (run stackem.experiments.signoff_size first); using PGParams.W for every die
device cuda; train rows 14,592,000  val rows 768,000  (profiles 120,000)
SKN parameters: 343,811
epoch    0 lr 2.00e-04 mse 3.107e-01 pde 0.000e+00 val rel-L2 [sG 1.87e-01 sM 4.02e-01 a 7.35e-02] 5s
epoch    1 lr 4.00e-04 mse 3.031e-02 pde 0.000e+00 val rel-L2 [sG 7.52e-02 sM 1.60e-01 a 3.95e-02] 9s
epoch    2 lr 6.00e-04 mse 7.658e-03 pde 0.000e+00 val rel-L2 [sG 5.15e-02 sM 1.03e-01 a 2.71e-02] 13s
epoch    3 lr 8.00e-04 mse 5.278e-03 pde 0.000e+00 val rel-L2 [sG 4.95e-02 sM 1.22e-01 a 2.69e-02] 18s
epoch    4 lr 1.00e-03 mse 4.432e-03 pde 0.000e+00 val rel-L2 [sG 3.67e-02 sM 1.01e-01 a 2.01e-02] 23s
epoch    5 lr 1.00e-03 mse 4.041e-03 pde 0.000e+00 val rel-L2 [sG 3.29e-02 sM 1.12e-01 a 2.34e-02] 27s
epoch    6 lr 1.00e-03 mse 3.837e-03 pde 0.000e+00 val rel-L2 [sG 3.22e-02 sM 9.96e-02 a 1.81e-02] 32s
epoch    7 lr 1.00e-03 mse 3.675e-03 pde 0.000e+00 val rel-L2 [sG 2.50e-02 sM 9.28e-02 a 1.54e-02] 36s
epoch    8 lr 1.00e-03 mse 3.272e-03 pde 0.000e+00 val rel-L2 [sG 2.55e-02 sM 8.29e-02 a 1.69e-02] 41s
epoch    9 lr 9.99e-04 mse 2.918e-03 pde 0.000e+00 val rel-L2 [sG 2.79e-02 sM 1.09e-01 a 1.87e-02] 45s
epoch   10 lr 9.99e-04 mse 2.696e-03 pde 0.000e+00 val rel-L2 [sG 3.96e-02 sM 8.37e-02 a 1.80e-02] 50s
epoch   11 lr 9.99e-04 mse 2.491e-03 pde 0.000e+00 val rel-L2 [sG 1.96e-02 sM 5.92e-02 a 9.87e-03] 54s
epoch   12 lr 9.98e-04 mse 2.335e-03 pde 0.000e+00 val rel-L2 [sG 1.82e-02 sM 1.11e-01 a 1.05e-02] 59s
epoch   13 lr 9.98e-04 mse 2.243e-03 pde 0.000e+00 val rel-L2 [sG 1.87e-02 sM 6.94e-02 a 1.27e-02] 63s
epoch   14 lr 9.97e-04 mse 2.236e-03 pde 0.000e+00 val rel-L2 [sG 2.37e-02 sM 7.88e-02 a 1.49e-02] 68s
epoch   15 lr 9.97e-04 mse 1.952e-03 pde 0.000e+00 val rel-L2 [sG 1.52e-02 sM 5.36e-02 a 9.77e-03] 72s
epoch   16 lr 9.96e-04 mse 1.941e-03 pde 0.000e+00 val rel-L2 [sG 2.19e-02 sM 9.00e-02 a 1.30e-02] 77s
epoch   17 lr 9.95e-04 mse 1.754e-03 pde 0.000e+00 val rel-L2 [sG 2.01e-02 sM 6.99e-02 a 1.02e-02] 81s
epoch   18 lr 9.95e-04 mse 1.663e-03 pde 0.000e+00 val rel-L2 [sG 2.04e-02 sM 6.70e-02 a 1.40e-02] 86s
epoch   19 lr 9.94e-04 mse 1.643e-03 pde 0.000e+00 val rel-L2 [sG 1.98e-02 sM 7.31e-02 a 1.40e-02] 90s
epoch   20 lr 9.93e-04 mse 1.559e-03 pde 0.000e+00 val rel-L2 [sG 1.75e-02 sM 1.05e-01 a 1.05e-02] 95s
epoch   21 lr 9.92e-04 mse 1.497e-03 pde 0.000e+00 val rel-L2 [sG 1.23e-02 sM 4.34e-02 a 8.09e-03] 99s
epoch   22 lr 9.91e-04 mse 1.435e-03 pde 0.000e+00 val rel-L2 [sG 1.44e-02 sM 5.03e-02 a 9.32e-03] 104s
epoch   23 lr 9.90e-04 mse 1.365e-03 pde 0.000e+00 val rel-L2 [sG 2.04e-02 sM 8.51e-02 a 1.69e-02] 108s
epoch   24 lr 9.89e-04 mse 1.344e-03 pde 0.000e+00 val rel-L2 [sG 1.87e-02 sM 7.78e-02 a 1.09e-02] 113s
epoch   25 lr 9.88e-04 mse 1.326e-03 pde 0.000e+00 val rel-L2 [sG 1.85e-02 sM 6.52e-02 a 1.10e-02] 117s
epoch   26 lr 9.86e-04 mse 1.145e-03 pde 0.000e+00 val rel-L2 [sG 1.31e-02 sM 4.82e-02 a 7.86e-03] 122s
epoch   27 lr 9.85e-04 mse 1.181e-03 pde 0.000e+00 val rel-L2 [sG 1.32e-02 sM 5.38e-02 a 9.04e-03] 126s
epoch   28 lr 9.84e-04 mse 1.153e-03 pde 0.000e+00 val rel-L2 [sG 1.52e-02 sM 6.09e-02 a 1.27e-02] 131s
epoch   29 lr 9.83e-04 mse 1.127e-03 pde 0.000e+00 val rel-L2 [sG 9.50e-03 sM 4.20e-02 a 6.70e-03] 135s
epoch   30 lr 9.81e-04 mse 1.139e-03 pde 0.000e+00 val rel-L2 [sG 1.74e-02 sM 6.78e-02 a 9.39e-03] 140s
epoch   31 lr 9.80e-04 mse 1.114e-03 pde 0.000e+00 val rel-L2 [sG 1.06e-02 sM 5.07e-02 a 7.71e-03] 144s
epoch   32 lr 9.78e-04 mse 1.087e-03 pde 0.000e+00 val rel-L2 [sG 1.06e-02 sM 5.08e-02 a 8.05e-03] 148s
epoch   33 lr 9.77e-04 mse 1.017e-03 pde 0.000e+00 val rel-L2 [sG 1.45e-02 sM 5.69e-02 a 9.64e-03] 153s
epoch   34 lr 9.75e-04 mse 9.857e-04 pde 0.000e+00 val rel-L2 [sG 8.72e-03 sM 4.91e-02 a 5.50e-03] 157s
epoch   35 lr 9.73e-04 mse 1.010e-03 pde 0.000e+00 val rel-L2 [sG 1.14e-02 sM 4.95e-02 a 7.51e-03] 162s
epoch   36 lr 9.72e-04 mse 9.031e-04 pde 0.000e+00 val rel-L2 [sG 9.11e-03 sM 4.60e-02 a 5.81e-03] 167s
epoch   37 lr 9.70e-04 mse 9.143e-04 pde 0.000e+00 val rel-L2 [sG 8.87e-03 sM 4.09e-02 a 5.57e-03] 171s
epoch   38 lr 9.68e-04 mse 8.893e-04 pde 0.000e+00 val rel-L2 [sG 8.08e-03 sM 4.03e-02 a 5.73e-03] 176s
epoch   39 lr 9.66e-04 mse 8.628e-04 pde 0.000e+00 val rel-L2 [sG 9.11e-03 sM 4.34e-02 a 5.77e-03] 180s
epoch   40 lr 9.64e-04 mse 8.700e-04 pde 0.000e+00 val rel-L2 [sG 1.22e-02 sM 3.97e-02 a 7.64e-03] 185s
epoch   41 lr 9.62e-04 mse 8.189e-04 pde 0.000e+00 val rel-L2 [sG 9.45e-03 sM 4.28e-02 a 5.50e-03] 189s
epoch   42 lr 9.60e-04 mse 8.229e-04 pde 0.000e+00 val rel-L2 [sG 1.34e-02 sM 6.72e-02 a 6.66e-03] 193s
epoch   43 lr 9.58e-04 mse 8.603e-04 pde 0.000e+00 val rel-L2 [sG 1.30e-02 sM 3.51e-02 a 8.00e-03] 198s
epoch   44 lr 9.56e-04 mse 8.907e-04 pde 0.000e+00 val rel-L2 [sG 1.00e-02 sM 5.82e-02 a 7.63e-03] 202s
epoch   45 lr 9.54e-04 mse 7.632e-04 pde 0.000e+00 val rel-L2 [sG 9.91e-03 sM 3.65e-02 a 6.15e-03] 207s
epoch   46 lr 9.51e-04 mse 7.565e-04 pde 0.000e+00 val rel-L2 [sG 1.29e-02 sM 4.30e-02 a 6.95e-03] 211s
epoch   47 lr 9.49e-04 mse 8.143e-04 pde 0.000e+00 val rel-L2 [sG 1.10e-02 sM 4.65e-02 a 8.12e-03] 216s
epoch   48 lr 9.47e-04 mse 7.326e-04 pde 0.000e+00 val rel-L2 [sG 1.18e-02 sM 6.12e-02 a 6.89e-03] 220s
epoch   49 lr 9.44e-04 mse 7.102e-04 pde 0.000e+00 val rel-L2 [sG 8.05e-03 sM 4.48e-02 a 5.09e-03] 225s
epoch   50 lr 9.42e-04 mse 6.733e-04 pde 0.000e+00 val rel-L2 [sG 2.28e-02 sM 8.35e-02 a 6.89e-03] 229s
epoch   51 lr 9.39e-04 mse 7.417e-04 pde 0.000e+00 val rel-L2 [sG 9.93e-03 sM 3.84e-02 a 5.28e-03] 234s
epoch   52 lr 9.37e-04 mse 6.745e-04 pde 0.000e+00 val rel-L2 [sG 7.54e-03 sM 3.00e-02 a 4.62e-03] 238s
epoch   53 lr 9.34e-04 mse 6.671e-04 pde 0.000e+00 val rel-L2 [sG 1.06e-02 sM 4.45e-02 a 5.32e-03] 243s
epoch   54 lr 9.31e-04 mse 6.742e-04 pde 0.000e+00 val rel-L2 [sG 1.23e-02 sM 4.21e-02 a 6.50e-03] 247s
epoch   55 lr 9.29e-04 mse 6.181e-04 pde 0.000e+00 val rel-L2 [sG 9.16e-03 sM 5.27e-02 a 5.94e-03] 252s
epoch   56 lr 9.26e-04 mse 6.349e-04 pde 0.000e+00 val rel-L2 [sG 1.38e-02 sM 5.41e-02 a 1.07e-02] 256s
epoch   57 lr 9.23e-04 mse 6.137e-04 pde 0.000e+00 val rel-L2 [sG 1.09e-02 sM 3.89e-02 a 4.94e-03] 260s
epoch   58 lr 9.20e-04 mse 6.367e-04 pde 0.000e+00 val rel-L2 [sG 1.17e-02 sM 4.80e-02 a 5.40e-03] 265s
epoch   59 lr 9.17e-04 mse 5.587e-04 pde 0.000e+00 val rel-L2 [sG 6.80e-03 sM 2.88e-02 a 6.37e-03] 270s
epoch   60 lr 9.15e-04 mse 6.467e-04 pde 0.000e+00 val rel-L2 [sG 1.38e-02 sM 5.99e-02 a 7.63e-03] 274s
epoch   61 lr 9.12e-04 mse 6.813e-04 pde 0.000e+00 val rel-L2 [sG 1.31e-02 sM 5.95e-02 a 5.82e-03] 278s
epoch   62 lr 9.09e-04 mse 5.895e-04 pde 0.000e+00 val rel-L2 [sG 8.52e-03 sM 3.67e-02 a 5.07e-03] 283s
epoch   63 lr 9.05e-04 mse 5.801e-04 pde 0.000e+00 val rel-L2 [sG 7.70e-03 sM 4.14e-02 a 4.42e-03] 287s
epoch   64 lr 9.02e-04 mse 5.517e-04 pde 0.000e+00 val rel-L2 [sG 7.41e-03 sM 3.26e-02 a 4.67e-03] 292s
epoch   65 lr 8.99e-04 mse 5.575e-04 pde 0.000e+00 val rel-L2 [sG 1.04e-02 sM 4.42e-02 a 7.51e-03] 296s
epoch   66 lr 8.96e-04 mse 5.233e-04 pde 0.000e+00 val rel-L2 [sG 7.23e-03 sM 2.22e-02 a 6.92e-03] 301s
epoch   67 lr 8.93e-04 mse 5.553e-04 pde 0.000e+00 val rel-L2 [sG 1.28e-02 sM 5.37e-02 a 8.22e-03] 305s
epoch   68 lr 8.89e-04 mse 5.122e-04 pde 0.000e+00 val rel-L2 [sG 5.83e-03 sM 2.59e-02 a 4.85e-03] 310s
epoch   69 lr 8.86e-04 mse 5.348e-04 pde 0.000e+00 val rel-L2 [sG 9.55e-03 sM 4.91e-02 a 7.38e-03] 314s
epoch   70 lr 8.83e-04 mse 5.615e-04 pde 0.000e+00 val rel-L2 [sG 1.88e-02 sM 5.67e-02 a 8.63e-03] 319s
epoch   71 lr 8.79e-04 mse 5.357e-04 pde 0.000e+00 val rel-L2 [sG 7.73e-03 sM 3.53e-02 a 4.16e-03] 323s
epoch   72 lr 8.76e-04 mse 4.780e-04 pde 0.000e+00 val rel-L2 [sG 7.85e-03 sM 3.30e-02 a 4.92e-03] 328s
epoch   73 lr 8.72e-04 mse 5.021e-04 pde 0.000e+00 val rel-L2 [sG 9.99e-03 sM 5.73e-02 a 7.36e-03] 333s
epoch   74 lr 8.69e-04 mse 5.191e-04 pde 0.000e+00 val rel-L2 [sG 9.23e-03 sM 2.54e-02 a 5.01e-03] 337s
epoch   75 lr 8.65e-04 mse 4.614e-04 pde 0.000e+00 val rel-L2 [sG 6.12e-03 sM 1.95e-02 a 3.77e-03] 342s
epoch   76 lr 8.61e-04 mse 4.784e-04 pde 0.000e+00 val rel-L2 [sG 6.82e-03 sM 3.78e-02 a 4.61e-03] 346s
epoch   77 lr 8.58e-04 mse 5.367e-04 pde 0.000e+00 val rel-L2 [sG 5.75e-03 sM 3.30e-02 a 3.43e-03] 351s
epoch   78 lr 8.54e-04 mse 4.895e-04 pde 0.000e+00 val rel-L2 [sG 7.87e-03 sM 3.28e-02 a 4.56e-03] 355s
epoch   79 lr 8.50e-04 mse 4.457e-04 pde 0.000e+00 val rel-L2 [sG 7.21e-03 sM 3.14e-02 a 3.70e-03] 360s
epoch   80 lr 8.47e-04 mse 4.426e-04 pde 0.000e+00 val rel-L2 [sG 7.69e-03 sM 4.92e-02 a 4.18e-03] 364s
epoch   81 lr 8.43e-04 mse 5.079e-04 pde 0.000e+00 val rel-L2 [sG 7.58e-03 sM 3.29e-02 a 4.80e-03] 368s
epoch   82 lr 8.39e-04 mse 4.429e-04 pde 0.000e+00 val rel-L2 [sG 6.47e-03 sM 2.86e-02 a 3.75e-03] 373s
epoch   83 lr 8.35e-04 mse 4.703e-04 pde 0.000e+00 val rel-L2 [sG 7.05e-03 sM 3.86e-02 a 4.37e-03] 377s
epoch   84 lr 8.31e-04 mse 3.868e-04 pde 0.000e+00 val rel-L2 [sG 1.17e-02 sM 4.92e-02 a 6.36e-03] 382s
epoch   85 lr 8.27e-04 mse 4.112e-04 pde 0.000e+00 val rel-L2 [sG 8.09e-03 sM 3.50e-02 a 4.80e-03] 386s
epoch   86 lr 8.23e-04 mse 4.846e-04 pde 0.000e+00 val rel-L2 [sG 7.68e-03 sM 2.82e-02 a 5.39e-03] 391s
epoch   87 lr 8.19e-04 mse 3.638e-04 pde 0.000e+00 val rel-L2 [sG 8.96e-03 sM 3.67e-02 a 5.26e-03] 395s
epoch   88 lr 8.15e-04 mse 3.906e-04 pde 0.000e+00 val rel-L2 [sG 5.90e-03 sM 3.48e-02 a 4.39e-03] 400s
epoch   89 lr 8.11e-04 mse 4.254e-04 pde 0.000e+00 val rel-L2 [sG 4.49e-03 sM 1.45e-02 a 2.85e-03] 404s
epoch   90 lr 8.07e-04 mse 4.030e-04 pde 0.000e+00 val rel-L2 [sG 7.52e-03 sM 2.85e-02 a 4.49e-03] 409s
epoch   91 lr 8.02e-04 mse 4.143e-04 pde 0.000e+00 val rel-L2 [sG 6.90e-03 sM 2.24e-02 a 4.55e-03] 413s
epoch   92 lr 7.98e-04 mse 3.689e-04 pde 0.000e+00 val rel-L2 [sG 6.38e-03 sM 3.54e-02 a 5.08e-03] 418s
epoch   93 lr 7.94e-04 mse 3.774e-04 pde 0.000e+00 val rel-L2 [sG 4.81e-03 sM 1.85e-02 a 2.98e-03] 422s
epoch   94 lr 7.90e-04 mse 3.921e-04 pde 0.000e+00 val rel-L2 [sG 7.22e-03 sM 3.22e-02 a 3.90e-03] 426s
epoch   95 lr 7.85e-04 mse 3.574e-04 pde 0.000e+00 val rel-L2 [sG 6.10e-03 sM 2.38e-02 a 3.20e-03] 431s
epoch   96 lr 7.81e-04 mse 3.647e-04 pde 0.000e+00 val rel-L2 [sG 1.00e-02 sM 5.38e-02 a 8.01e-03] 435s
epoch   97 lr 7.76e-04 mse 4.147e-04 pde 0.000e+00 val rel-L2 [sG 8.90e-03 sM 3.95e-02 a 5.33e-03] 440s
epoch   98 lr 7.72e-04 mse 3.397e-04 pde 0.000e+00 val rel-L2 [sG 6.44e-03 sM 1.90e-02 a 3.72e-03] 444s
epoch   99 lr 7.68e-04 mse 3.731e-04 pde 0.000e+00 val rel-L2 [sG 9.80e-03 sM 4.25e-02 a 6.82e-03] 449s
epoch  100 lr 7.63e-04 mse 3.461e-04 pde 0.000e+00 val rel-L2 [sG 7.61e-03 sM 3.40e-02 a 4.84e-03] 453s
epoch  101 lr 7.59e-04 mse 3.746e-04 pde 0.000e+00 val rel-L2 [sG 5.47e-03 sM 2.53e-02 a 3.39e-03] 458s
epoch  102 lr 7.54e-04 mse 3.245e-04 pde 0.000e+00 val rel-L2 [sG 1.46e-02 sM 4.08e-02 a 7.25e-03] 462s
epoch  103 lr 7.49e-04 mse 3.435e-04 pde 0.000e+00 val rel-L2 [sG 7.86e-03 sM 2.70e-02 a 3.34e-03] 467s
epoch  104 lr 7.45e-04 mse 3.429e-04 pde 0.000e+00 val rel-L2 [sG 4.92e-03 sM 2.06e-02 a 3.43e-03] 471s
epoch  105 lr 7.40e-04 mse 3.333e-04 pde 0.000e+00 val rel-L2 [sG 7.63e-03 sM 3.11e-02 a 4.55e-03] 476s
epoch  106 lr 7.36e-04 mse 3.218e-04 pde 0.000e+00 val rel-L2 [sG 6.71e-03 sM 2.28e-02 a 3.93e-03] 480s
epoch  107 lr 7.31e-04 mse 3.013e-04 pde 0.000e+00 val rel-L2 [sG 6.84e-03 sM 2.68e-02 a 3.66e-03] 484s
epoch  108 lr 7.26e-04 mse 3.551e-04 pde 0.000e+00 val rel-L2 [sG 8.20e-03 sM 2.21e-02 a 4.00e-03] 489s
epoch  109 lr 7.21e-04 mse 2.771e-04 pde 0.000e+00 val rel-L2 [sG 7.43e-03 sM 4.46e-02 a 4.00e-03] 494s
epoch  110 lr 7.17e-04 mse 2.965e-04 pde 0.000e+00 val rel-L2 [sG 4.48e-03 sM 1.72e-02 a 3.10e-03] 498s
epoch  111 lr 7.12e-04 mse 3.113e-04 pde 0.000e+00 val rel-L2 [sG 8.52e-03 sM 3.56e-02 a 5.58e-03] 503s
epoch  112 lr 7.07e-04 mse 2.844e-04 pde 0.000e+00 val rel-L2 [sG 6.84e-03 sM 3.22e-02 a 3.84e-03] 507s
epoch  113 lr 7.02e-04 mse 3.472e-04 pde 0.000e+00 val rel-L2 [sG 8.01e-03 sM 3.49e-02 a 4.32e-03] 512s
epoch  114 lr 6.97e-04 mse 2.818e-04 pde 0.000e+00 val rel-L2 [sG 5.61e-03 sM 1.72e-02 a 2.93e-03] 516s
epoch  115 lr 6.93e-04 mse 2.883e-04 pde 0.000e+00 val rel-L2 [sG 4.33e-03 sM 1.84e-02 a 2.78e-03] 520s
epoch  116 lr 6.88e-04 mse 2.642e-04 pde 0.000e+00 val rel-L2 [sG 1.35e-02 sM 6.15e-02 a 7.73e-03] 525s
epoch  117 lr 6.83e-04 mse 3.290e-04 pde 0.000e+00 val rel-L2 [sG 4.92e-03 sM 1.49e-02 a 2.94e-03] 529s
epoch  118 lr 6.78e-04 mse 2.479e-04 pde 0.000e+00 val rel-L2 [sG 4.84e-03 sM 1.38e-02 a 2.97e-03] 534s
epoch  119 lr 6.73e-04 mse 2.947e-04 pde 0.000e+00 val rel-L2 [sG 7.14e-03 sM 2.66e-02 a 5.02e-03] 539s
epoch  120 lr 6.68e-04 mse 2.705e-04 pde 0.000e+00 val rel-L2 [sG 8.90e-03 sM 3.88e-02 a 4.75e-03] 543s
epoch  121 lr 6.63e-04 mse 2.536e-04 pde 0.000e+00 val rel-L2 [sG 1.05e-02 sM 4.59e-02 a 5.64e-03] 548s
epoch  122 lr 6.58e-04 mse 2.870e-04 pde 0.000e+00 val rel-L2 [sG 6.20e-03 sM 3.01e-02 a 3.58e-03] 552s
epoch  123 lr 6.53e-04 mse 3.052e-04 pde 0.000e+00 val rel-L2 [sG 3.61e-03 sM 9.87e-03 a 2.49e-03] 557s
epoch  124 lr 6.48e-04 mse 2.541e-04 pde 0.000e+00 val rel-L2 [sG 5.37e-03 sM 2.47e-02 a 3.30e-03] 561s
epoch  125 lr 6.43e-04 mse 2.567e-04 pde 0.000e+00 val rel-L2 [sG 4.97e-03 sM 2.01e-02 a 2.51e-03] 565s
epoch  126 lr 6.38e-04 mse 2.414e-04 pde 0.000e+00 val rel-L2 [sG 5.75e-03 sM 2.39e-02 a 3.01e-03] 570s
epoch  127 lr 6.33e-04 mse 2.584e-04 pde 0.000e+00 val rel-L2 [sG 3.85e-03 sM 1.29e-02 a 2.29e-03] 574s
epoch  128 lr 6.28e-04 mse 2.326e-04 pde 0.000e+00 val rel-L2 [sG 6.87e-03 sM 4.50e-02 a 4.54e-03] 579s
epoch  129 lr 6.22e-04 mse 2.604e-04 pde 0.000e+00 val rel-L2 [sG 5.30e-03 sM 3.64e-02 a 3.06e-03] 583s
epoch  130 lr 6.17e-04 mse 2.361e-04 pde 0.000e+00 val rel-L2 [sG 8.64e-03 sM 2.98e-02 a 5.28e-03] 588s
epoch  131 lr 6.12e-04 mse 2.652e-04 pde 0.000e+00 val rel-L2 [sG 4.91e-03 sM 1.48e-02 a 2.44e-03] 592s
epoch  132 lr 6.07e-04 mse 1.899e-04 pde 0.000e+00 val rel-L2 [sG 7.00e-03 sM 4.06e-02 a 4.41e-03] 597s
epoch  133 lr 6.02e-04 mse 2.823e-04 pde 0.000e+00 val rel-L2 [sG 5.20e-03 sM 2.16e-02 a 3.21e-03] 601s
epoch  134 lr 5.97e-04 mse 1.833e-04 pde 0.000e+00 val rel-L2 [sG 3.68e-03 sM 1.09e-02 a 1.94e-03] 606s
epoch  135 lr 5.92e-04 mse 2.224e-04 pde 0.000e+00 val rel-L2 [sG 5.15e-03 sM 1.98e-02 a 3.12e-03] 610s
epoch  136 lr 5.86e-04 mse 2.184e-04 pde 0.000e+00 val rel-L2 [sG 4.97e-03 sM 1.72e-02 a 3.47e-03] 615s
epoch  137 lr 5.81e-04 mse 2.230e-04 pde 0.000e+00 val rel-L2 [sG 6.11e-03 sM 3.12e-02 a 3.39e-03] 619s
epoch  138 lr 5.76e-04 mse 2.438e-04 pde 0.000e+00 val rel-L2 [sG 6.84e-03 sM 2.49e-02 a 3.88e-03] 624s
epoch  139 lr 5.71e-04 mse 2.208e-04 pde 0.000e+00 val rel-L2 [sG 5.55e-03 sM 1.83e-02 a 3.37e-03] 628s
epoch  140 lr 5.65e-04 mse 2.169e-04 pde 0.000e+00 val rel-L2 [sG 5.87e-03 sM 1.81e-02 a 3.14e-03] 632s
epoch  141 lr 5.60e-04 mse 2.103e-04 pde 0.000e+00 val rel-L2 [sG 6.31e-03 sM 2.58e-02 a 3.83e-03] 637s
epoch  142 lr 5.55e-04 mse 1.778e-04 pde 0.000e+00 val rel-L2 [sG 3.79e-03 sM 1.22e-02 a 2.52e-03] 641s
epoch  143 lr 5.50e-04 mse 1.739e-04 pde 0.000e+00 val rel-L2 [sG 4.24e-03 sM 1.70e-02 a 2.91e-03] 646s
epoch  144 lr 5.44e-04 mse 2.034e-04 pde 0.000e+00 val rel-L2 [sG 9.46e-03 sM 3.72e-02 a 6.95e-03] 650s
epoch  145 lr 5.39e-04 mse 1.838e-04 pde 0.000e+00 val rel-L2 [sG 4.22e-03 sM 1.68e-02 a 2.50e-03] 655s
epoch  146 lr 5.34e-04 mse 1.991e-04 pde 0.000e+00 val rel-L2 [sG 8.39e-03 sM 4.53e-02 a 4.92e-03] 659s
epoch  147 lr 5.29e-04 mse 1.702e-04 pde 0.000e+00 val rel-L2 [sG 4.58e-03 sM 1.40e-02 a 2.87e-03] 664s
epoch  148 lr 5.23e-04 mse 1.831e-04 pde 0.000e+00 val rel-L2 [sG 9.39e-03 sM 3.40e-02 a 6.59e-03] 668s
epoch  149 lr 5.18e-04 mse 1.895e-04 pde 0.000e+00 val rel-L2 [sG 3.69e-03 sM 1.87e-02 a 2.23e-03] 673s
epoch  150 lr 5.13e-04 mse 1.658e-04 pde 0.000e+00 val rel-L2 [sG 8.39e-03 sM 2.61e-02 a 3.63e-03] 677s
epoch  151 lr 5.08e-04 mse 1.859e-04 pde 0.000e+00 val rel-L2 [sG 3.60e-03 sM 9.57e-03 a 2.20e-03] 682s
epoch  152 lr 5.02e-04 mse 1.608e-04 pde 0.000e+00 val rel-L2 [sG 5.46e-03 sM 2.70e-02 a 2.96e-03] 686s
epoch  153 lr 4.97e-04 mse 1.911e-04 pde 0.000e+00 val rel-L2 [sG 4.69e-03 sM 2.89e-02 a 2.95e-03] 691s
epoch  154 lr 4.92e-04 mse 1.631e-04 pde 0.000e+00 val rel-L2 [sG 2.84e-03 sM 8.21e-03 a 1.80e-03] 695s
epoch  155 lr 4.87e-04 mse 1.591e-04 pde 0.000e+00 val rel-L2 [sG 3.56e-03 sM 1.43e-02 a 2.16e-03] 699s
epoch  156 lr 4.81e-04 mse 1.607e-04 pde 0.000e+00 val rel-L2 [sG 4.10e-03 sM 1.78e-02 a 2.92e-03] 704s
epoch  157 lr 4.76e-04 mse 1.351e-04 pde 0.000e+00 val rel-L2 [sG 3.72e-03 sM 1.46e-02 a 2.10e-03] 708s
epoch  158 lr 4.71e-04 mse 1.746e-04 pde 0.000e+00 val rel-L2 [sG 4.45e-03 sM 1.93e-02 a 2.40e-03] 713s
epoch  159 lr 4.66e-04 mse 1.490e-04 pde 0.000e+00 val rel-L2 [sG 6.06e-03 sM 2.14e-02 a 3.63e-03] 717s
epoch  160 lr 4.60e-04 mse 1.618e-04 pde 0.000e+00 val rel-L2 [sG 4.31e-03 sM 1.47e-02 a 2.37e-03] 722s
epoch  161 lr 4.55e-04 mse 1.344e-04 pde 0.000e+00 val rel-L2 [sG 7.79e-03 sM 3.04e-02 a 4.09e-03] 727s
epoch  162 lr 4.50e-04 mse 1.178e-04 pde 0.000e+00 val rel-L2 [sG 3.55e-03 sM 1.21e-02 a 1.77e-03] 731s
epoch  163 lr 4.45e-04 mse 1.635e-04 pde 0.000e+00 val rel-L2 [sG 3.11e-03 sM 9.74e-03 a 1.80e-03] 735s
epoch  164 lr 4.39e-04 mse 1.240e-04 pde 0.000e+00 val rel-L2 [sG 3.18e-03 sM 9.78e-03 a 1.78e-03] 740s
epoch  165 lr 4.34e-04 mse 1.582e-04 pde 0.000e+00 val rel-L2 [sG 4.55e-03 sM 2.19e-02 a 2.34e-03] 744s
epoch  166 lr 4.29e-04 mse 1.316e-04 pde 0.000e+00 val rel-L2 [sG 3.22e-03 sM 1.17e-02 a 1.69e-03] 749s
epoch  167 lr 4.24e-04 mse 1.184e-04 pde 0.000e+00 val rel-L2 [sG 3.82e-03 sM 1.36e-02 a 2.98e-03] 753s
epoch  168 lr 4.18e-04 mse 1.225e-04 pde 0.000e+00 val rel-L2 [sG 5.54e-03 sM 3.23e-02 a 2.77e-03] 758s
epoch  169 lr 4.13e-04 mse 1.154e-04 pde 0.000e+00 val rel-L2 [sG 3.02e-03 sM 1.17e-02 a 1.83e-03] 763s
epoch  170 lr 4.08e-04 mse 1.364e-04 pde 0.000e+00 val rel-L2 [sG 3.65e-03 sM 1.19e-02 a 2.06e-03] 768s
epoch  171 lr 4.03e-04 mse 1.048e-04 pde 0.000e+00 val rel-L2 [sG 2.99e-03 sM 1.41e-02 a 1.73e-03] 772s
epoch  172 lr 3.98e-04 mse 1.143e-04 pde 0.000e+00 val rel-L2 [sG 4.87e-03 sM 2.57e-02 a 2.68e-03] 777s
epoch  173 lr 3.93e-04 mse 1.097e-04 pde 0.000e+00 val rel-L2 [sG 2.73e-03 sM 1.03e-02 a 1.55e-03] 781s
epoch  174 lr 3.88e-04 mse 1.035e-04 pde 0.000e+00 val rel-L2 [sG 6.54e-03 sM 4.02e-02 a 4.32e-03] 786s
epoch  175 lr 3.82e-04 mse 1.256e-04 pde 0.000e+00 val rel-L2 [sG 4.42e-03 sM 1.46e-02 a 2.43e-03] 790s
epoch  176 lr 3.77e-04 mse 1.111e-04 pde 0.000e+00 val rel-L2 [sG 4.20e-03 sM 1.48e-02 a 2.57e-03] 795s
epoch  177 lr 3.72e-04 mse 1.082e-04 pde 0.000e+00 val rel-L2 [sG 3.83e-03 sM 1.78e-02 a 2.33e-03] 799s
epoch  178 lr 3.67e-04 mse 1.297e-04 pde 0.000e+00 val rel-L2 [sG 2.61e-03 sM 9.65e-03 a 1.51e-03] 804s
epoch  179 lr 3.62e-04 mse 1.281e-04 pde 0.000e+00 val rel-L2 [sG 4.13e-03 sM 1.45e-02 a 2.22e-03] 808s
epoch  180 lr 3.57e-04 mse 9.014e-05 pde 0.000e+00 val rel-L2 [sG 2.56e-03 sM 7.90e-03 a 1.52e-03] 813s
epoch  181 lr 3.52e-04 mse 1.050e-04 pde 0.000e+00 val rel-L2 [sG 2.51e-03 sM 8.97e-03 a 1.54e-03] 817s
epoch  182 lr 3.47e-04 mse 1.016e-04 pde 0.000e+00 val rel-L2 [sG 2.85e-03 sM 8.91e-03 a 1.79e-03] 822s
epoch  183 lr 3.42e-04 mse 9.026e-05 pde 0.000e+00 val rel-L2 [sG 2.86e-03 sM 9.10e-03 a 1.60e-03] 826s
epoch  184 lr 3.37e-04 mse 7.977e-05 pde 0.000e+00 val rel-L2 [sG 5.00e-03 sM 2.82e-02 a 2.74e-03] 831s
epoch  185 lr 3.32e-04 mse 9.733e-05 pde 0.000e+00 val rel-L2 [sG 4.33e-03 sM 1.81e-02 a 2.63e-03] 835s
epoch  186 lr 3.27e-04 mse 7.548e-05 pde 0.000e+00 val rel-L2 [sG 6.69e-03 sM 2.42e-02 a 2.57e-03] 840s
epoch  187 lr 3.22e-04 mse 1.030e-04 pde 0.000e+00 val rel-L2 [sG 3.01e-03 sM 1.53e-02 a 1.68e-03] 844s
epoch  188 lr 3.17e-04 mse 1.100e-04 pde 0.000e+00 val rel-L2 [sG 3.07e-03 sM 1.23e-02 a 1.84e-03] 849s
epoch  189 lr 3.13e-04 mse 6.601e-05 pde 0.000e+00 val rel-L2 [sG 2.76e-03 sM 9.61e-03 a 1.61e-03] 853s
epoch  190 lr 3.08e-04 mse 8.505e-05 pde 0.000e+00 val rel-L2 [sG 3.13e-03 sM 9.44e-03 a 1.78e-03] 858s
epoch  191 lr 3.03e-04 mse 8.586e-05 pde 0.000e+00 val rel-L2 [sG 3.10e-03 sM 1.17e-02 a 1.81e-03] 862s
epoch  192 lr 2.98e-04 mse 6.024e-05 pde 0.000e+00 val rel-L2 [sG 3.45e-03 sM 1.57e-02 a 1.97e-03] 867s
epoch  193 lr 2.93e-04 mse 7.703e-05 pde 0.000e+00 val rel-L2 [sG 3.74e-03 sM 1.88e-02 a 2.00e-03] 871s
epoch  194 lr 2.89e-04 mse 1.127e-04 pde 0.000e+00 val rel-L2 [sG 3.04e-03 sM 1.01e-02 a 1.64e-03] 876s
epoch  195 lr 2.84e-04 mse 5.725e-05 pde 0.000e+00 val rel-L2 [sG 2.19e-03 sM 1.11e-02 a 1.23e-03] 880s
epoch  196 lr 2.79e-04 mse 7.251e-05 pde 0.000e+00 val rel-L2 [sG 3.21e-03 sM 1.42e-02 a 2.04e-03] 885s
epoch  197 lr 2.74e-04 mse 6.626e-05 pde 0.000e+00 val rel-L2 [sG 2.77e-03 sM 1.08e-02 a 1.62e-03] 889s
epoch  198 lr 2.70e-04 mse 7.834e-05 pde 0.000e+00 val rel-L2 [sG 4.70e-03 sM 2.37e-02 a 2.57e-03] 894s
epoch  199 lr 2.65e-04 mse 5.850e-05 pde 0.000e+00 val rel-L2 [sG 4.10e-03 sM 1.14e-02 a 1.89e-03] 898s
epoch  200 lr 2.61e-04 mse 6.666e-05 pde 0.000e+00 val rel-L2 [sG 3.29e-03 sM 1.50e-02 a 2.00e-03] 903s
epoch  201 lr 2.56e-04 mse 5.347e-05 pde 0.000e+00 val rel-L2 [sG 2.24e-03 sM 7.12e-03 a 1.25e-03] 907s
epoch  202 lr 2.51e-04 mse 6.250e-05 pde 0.000e+00 val rel-L2 [sG 2.69e-03 sM 1.21e-02 a 1.51e-03] 912s
epoch  203 lr 2.47e-04 mse 4.910e-05 pde 0.000e+00 val rel-L2 [sG 2.51e-03 sM 9.26e-03 a 1.48e-03] 916s
epoch  204 lr 2.42e-04 mse 6.806e-05 pde 0.000e+00 val rel-L2 [sG 2.39e-03 sM 8.73e-03 a 1.30e-03] 921s
epoch  205 lr 2.38e-04 mse 6.065e-05 pde 0.000e+00 val rel-L2 [sG 2.14e-03 sM 7.04e-03 a 1.26e-03] 925s
epoch  206 lr 2.34e-04 mse 5.467e-05 pde 0.000e+00 val rel-L2 [sG 2.22e-03 sM 9.19e-03 a 1.32e-03] 929s
epoch  207 lr 2.29e-04 mse 4.308e-05 pde 0.000e+00 val rel-L2 [sG 3.75e-03 sM 2.15e-02 a 2.10e-03] 934s
epoch  208 lr 2.25e-04 mse 5.940e-05 pde 0.000e+00 val rel-L2 [sG 2.59e-03 sM 1.10e-02 a 1.41e-03] 938s
epoch  209 lr 2.20e-04 mse 4.774e-05 pde 0.000e+00 val rel-L2 [sG 2.83e-03 sM 1.14e-02 a 1.78e-03] 943s
epoch  210 lr 2.16e-04 mse 5.582e-05 pde 0.000e+00 val rel-L2 [sG 2.50e-03 sM 9.82e-03 a 1.26e-03] 947s
epoch  211 lr 2.12e-04 mse 3.389e-05 pde 0.000e+00 val rel-L2 [sG 1.83e-03 sM 5.18e-03 a 1.06e-03] 952s
epoch  212 lr 2.08e-04 mse 6.489e-05 pde 0.000e+00 val rel-L2 [sG 2.21e-03 sM 7.08e-03 a 1.33e-03] 956s
epoch  213 lr 2.03e-04 mse 3.975e-05 pde 0.000e+00 val rel-L2 [sG 1.84e-03 sM 6.24e-03 a 1.05e-03] 961s
epoch  214 lr 1.99e-04 mse 3.737e-05 pde 0.000e+00 val rel-L2 [sG 2.28e-03 sM 7.60e-03 a 1.34e-03] 965s
epoch  215 lr 1.95e-04 mse 4.674e-05 pde 0.000e+00 val rel-L2 [sG 2.66e-03 sM 9.70e-03 a 1.98e-03] 970s
epoch  216 lr 1.91e-04 mse 3.271e-05 pde 0.000e+00 val rel-L2 [sG 2.19e-03 sM 7.77e-03 a 1.40e-03] 974s
epoch  217 lr 1.87e-04 mse 5.500e-05 pde 0.000e+00 val rel-L2 [sG 2.47e-03 sM 5.94e-03 a 1.73e-03] 979s
epoch  218 lr 1.83e-04 mse 2.974e-05 pde 0.000e+00 val rel-L2 [sG 1.78e-03 sM 6.85e-03 a 1.11e-03] 983s
epoch  219 lr 1.79e-04 mse 3.507e-05 pde 0.000e+00 val rel-L2 [sG 2.28e-03 sM 8.07e-03 a 1.23e-03] 988s
epoch  220 lr 1.75e-04 mse 3.889e-05 pde 0.000e+00 val rel-L2 [sG 3.07e-03 sM 2.40e-02 a 1.46e-03] 992s
epoch  221 lr 1.71e-04 mse 3.834e-05 pde 0.000e+00 val rel-L2 [sG 2.17e-03 sM 7.57e-03 a 1.10e-03] 997s
epoch  222 lr 1.67e-04 mse 3.542e-05 pde 0.000e+00 val rel-L2 [sG 1.98e-03 sM 6.23e-03 a 1.17e-03] 1001s
epoch  223 lr 1.63e-04 mse 3.616e-05 pde 0.000e+00 val rel-L2 [sG 2.64e-03 sM 8.30e-03 a 1.24e-03] 1005s
epoch  224 lr 1.60e-04 mse 2.638e-05 pde 0.000e+00 val rel-L2 [sG 2.03e-03 sM 7.57e-03 a 9.78e-04] 1010s
epoch  225 lr 1.56e-04 mse 3.653e-05 pde 0.000e+00 val rel-L2 [sG 2.85e-03 sM 1.08e-02 a 2.24e-03] 1014s
epoch  226 lr 1.52e-04 mse 4.180e-05 pde 0.000e+00 val rel-L2 [sG 2.03e-03 sM 1.40e-02 a 1.03e-03] 1019s
epoch  227 lr 1.49e-04 mse 1.691e-05 pde 0.000e+00 val rel-L2 [sG 1.88e-03 sM 8.99e-03 a 1.03e-03] 1023s
epoch  228 lr 1.45e-04 mse 3.761e-05 pde 0.000e+00 val rel-L2 [sG 1.59e-03 sM 4.54e-03 a 9.17e-04] 1028s
epoch  229 lr 1.41e-04 mse 2.661e-05 pde 0.000e+00 val rel-L2 [sG 1.63e-03 sM 6.67e-03 a 9.24e-04] 1032s
epoch  230 lr 1.38e-04 mse 2.638e-05 pde 0.000e+00 val rel-L2 [sG 1.67e-03 sM 6.31e-03 a 9.66e-04] 1037s
epoch  231 lr 1.34e-04 mse 2.798e-05 pde 0.000e+00 val rel-L2 [sG 1.92e-03 sM 7.99e-03 a 1.24e-03] 1041s
epoch  232 lr 1.31e-04 mse 2.179e-05 pde 0.000e+00 val rel-L2 [sG 1.90e-03 sM 6.36e-03 a 1.24e-03] 1046s
epoch  233 lr 1.27e-04 mse 1.802e-05 pde 0.000e+00 val rel-L2 [sG 1.92e-03 sM 6.22e-03 a 1.05e-03] 1050s
epoch  234 lr 1.24e-04 mse 2.671e-05 pde 0.000e+00 val rel-L2 [sG 1.65e-03 sM 6.43e-03 a 9.50e-04] 1054s
epoch  235 lr 1.21e-04 mse 2.237e-05 pde 0.000e+00 val rel-L2 [sG 1.64e-03 sM 9.87e-03 a 1.05e-03] 1059s
epoch  236 lr 1.17e-04 mse 1.764e-05 pde 0.000e+00 val rel-L2 [sG 2.02e-03 sM 8.20e-03 a 1.35e-03] 1063s
epoch  237 lr 1.14e-04 mse 2.518e-05 pde 0.000e+00 val rel-L2 [sG 1.61e-03 sM 5.50e-03 a 9.15e-04] 1068s
epoch  238 lr 1.11e-04 mse 1.862e-05 pde 0.000e+00 val rel-L2 [sG 1.56e-03 sM 5.40e-03 a 9.46e-04] 1072s
epoch  239 lr 1.08e-04 mse 1.953e-05 pde 0.000e+00 val rel-L2 [sG 1.77e-03 sM 6.93e-03 a 1.05e-03] 1077s
epoch  240 lr 1.05e-04 mse 1.825e-05 pde 0.000e+00 val rel-L2 [sG 1.48e-03 sM 4.53e-03 a 8.36e-04] 1081s
epoch  241 lr 1.01e-04 mse 1.661e-05 pde 0.000e+00 val rel-L2 [sG 1.51e-03 sM 5.25e-03 a 8.32e-04] 1086s
epoch  242 lr 9.84e-05 mse 1.719e-05 pde 0.000e+00 val rel-L2 [sG 1.70e-03 sM 6.61e-03 a 1.01e-03] 1090s
epoch  243 lr 9.54e-05 mse 1.812e-05 pde 0.000e+00 val rel-L2 [sG 1.43e-03 sM 5.09e-03 a 8.84e-04] 1095s
epoch  244 lr 9.25e-05 mse 1.677e-05 pde 0.000e+00 val rel-L2 [sG 1.44e-03 sM 5.12e-03 a 8.39e-04] 1099s
epoch  245 lr 8.96e-05 mse 1.349e-05 pde 0.000e+00 val rel-L2 [sG 1.45e-03 sM 5.37e-03 a 8.47e-04] 1104s
epoch  246 lr 8.68e-05 mse 1.184e-05 pde 0.000e+00 val rel-L2 [sG 1.51e-03 sM 5.49e-03 a 8.82e-04] 1108s
epoch  247 lr 8.40e-05 mse 1.357e-05 pde 0.000e+00 val rel-L2 [sG 1.45e-03 sM 4.98e-03 a 8.79e-04] 1112s
epoch  248 lr 8.12e-05 mse 1.582e-05 pde 0.000e+00 val rel-L2 [sG 1.40e-03 sM 4.50e-03 a 8.44e-04] 1117s
epoch  249 lr 7.85e-05 mse 1.407e-05 pde 0.000e+00 val rel-L2 [sG 1.46e-03 sM 5.08e-03 a 8.65e-04] 1121s
epoch  250 lr 7.59e-05 mse 1.085e-05 pde 0.000e+00 val rel-L2 [sG 1.79e-03 sM 1.00e-02 a 1.16e-03] 1126s
epoch  251 lr 7.33e-05 mse 9.468e-06 pde 0.000e+00 val rel-L2 [sG 1.35e-03 sM 3.01e-03 a 8.11e-04] 1130s
epoch  252 lr 7.07e-05 mse 9.590e-06 pde 0.000e+00 val rel-L2 [sG 1.34e-03 sM 3.35e-03 a 7.51e-04] 1135s
epoch  253 lr 6.82e-05 mse 1.208e-05 pde 0.000e+00 val rel-L2 [sG 1.54e-03 sM 5.40e-03 a 8.21e-04] 1139s
epoch  254 lr 6.58e-05 mse 7.975e-06 pde 0.000e+00 val rel-L2 [sG 1.78e-03 sM 8.58e-03 a 1.15e-03] 1144s
epoch  255 lr 6.34e-05 mse 1.137e-05 pde 0.000e+00 val rel-L2 [sG 1.27e-03 sM 3.57e-03 a 7.42e-04] 1148s
epoch  256 lr 6.10e-05 mse 9.631e-06 pde 0.000e+00 val rel-L2 [sG 1.75e-03 sM 6.05e-03 a 1.13e-03] 1153s
epoch  257 lr 5.87e-05 mse 8.887e-06 pde 0.000e+00 val rel-L2 [sG 1.29e-03 sM 2.84e-03 a 7.43e-04] 1157s
epoch  258 lr 5.64e-05 mse 7.189e-06 pde 0.000e+00 val rel-L2 [sG 1.29e-03 sM 2.91e-03 a 7.40e-04] 1161s
epoch  259 lr 5.42e-05 mse 8.203e-06 pde 0.000e+00 val rel-L2 [sG 1.34e-03 sM 3.77e-03 a 7.67e-04] 1166s
epoch  260 lr 5.21e-05 mse 1.093e-05 pde 0.000e+00 val rel-L2 [sG 1.33e-03 sM 3.23e-03 a 7.33e-04] 1170s
epoch  261 lr 5.00e-05 mse 5.092e-06 pde 0.000e+00 val rel-L2 [sG 1.32e-03 sM 3.47e-03 a 7.56e-04] 1175s
epoch  262 lr 4.79e-05 mse 6.796e-06 pde 0.000e+00 val rel-L2 [sG 1.24e-03 sM 2.72e-03 a 7.31e-04] 1179s
epoch  263 lr 4.59e-05 mse 6.029e-06 pde 0.000e+00 val rel-L2 [sG 1.22e-03 sM 2.45e-03 a 7.13e-04] 1184s
epoch  264 lr 4.40e-05 mse 8.359e-06 pde 0.000e+00 val rel-L2 [sG 1.26e-03 sM 2.62e-03 a 7.16e-04] 1188s
epoch  265 lr 4.21e-05 mse 6.621e-06 pde 0.000e+00 val rel-L2 [sG 1.26e-03 sM 3.37e-03 a 7.52e-04] 1193s
epoch  266 lr 4.03e-05 mse 4.178e-06 pde 0.000e+00 val rel-L2 [sG 1.36e-03 sM 3.70e-03 a 8.27e-04] 1197s
epoch  267 lr 3.85e-05 mse 4.719e-06 pde 0.000e+00 val rel-L2 [sG 1.24e-03 sM 3.06e-03 a 7.14e-04] 1201s
epoch  268 lr 3.67e-05 mse 5.126e-06 pde 0.000e+00 val rel-L2 [sG 1.23e-03 sM 2.58e-03 a 7.06e-04] 1206s
epoch  269 lr 3.50e-05 mse 3.984e-06 pde 0.000e+00 val rel-L2 [sG 1.47e-03 sM 4.46e-03 a 8.24e-04] 1210s
epoch  270 lr 3.34e-05 mse 5.781e-06 pde 0.000e+00 val rel-L2 [sG 1.18e-03 sM 2.87e-03 a 6.93e-04] 1215s
epoch  271 lr 3.18e-05 mse 4.322e-06 pde 0.000e+00 val rel-L2 [sG 1.20e-03 sM 2.25e-03 a 6.92e-04] 1220s
epoch  272 lr 3.03e-05 mse 3.947e-06 pde 0.000e+00 val rel-L2 [sG 1.16e-03 sM 2.12e-03 a 6.86e-04] 1224s
epoch  273 lr 2.89e-05 mse 3.531e-06 pde 0.000e+00 val rel-L2 [sG 1.15e-03 sM 2.09e-03 a 6.80e-04] 1229s
epoch  274 lr 2.74e-05 mse 3.754e-06 pde 0.000e+00 val rel-L2 [sG 1.21e-03 sM 2.29e-03 a 6.87e-04] 1233s
epoch  275 lr 2.61e-05 mse 3.570e-06 pde 0.000e+00 val rel-L2 [sG 1.19e-03 sM 2.08e-03 a 6.79e-04] 1238s
epoch  276 lr 2.48e-05 mse 3.919e-06 pde 0.000e+00 val rel-L2 [sG 1.16e-03 sM 2.17e-03 a 6.75e-04] 1242s
epoch  277 lr 2.35e-05 mse 2.791e-06 pde 0.000e+00 val rel-L2 [sG 1.16e-03 sM 2.51e-03 a 6.87e-04] 1246s
epoch  278 lr 2.23e-05 mse 3.592e-06 pde 0.000e+00 val rel-L2 [sG 1.14e-03 sM 2.03e-03 a 6.66e-04] 1251s
epoch  279 lr 2.12e-05 mse 3.046e-06 pde 0.000e+00 val rel-L2 [sG 1.14e-03 sM 2.33e-03 a 6.77e-04] 1255s
epoch  280 lr 2.01e-05 mse 2.641e-06 pde 0.000e+00 val rel-L2 [sG 1.13e-03 sM 1.99e-03 a 6.69e-04] 1260s
epoch  281 lr 1.91e-05 mse 2.513e-06 pde 0.000e+00 val rel-L2 [sG 1.13e-03 sM 2.13e-03 a 6.67e-04] 1264s
epoch  282 lr 1.81e-05 mse 2.719e-06 pde 0.000e+00 val rel-L2 [sG 1.13e-03 sM 2.00e-03 a 6.61e-04] 1269s
epoch  283 lr 1.72e-05 mse 2.557e-06 pde 0.000e+00 val rel-L2 [sG 1.12e-03 sM 1.98e-03 a 6.68e-04] 1273s
epoch  284 lr 1.63e-05 mse 2.611e-06 pde 0.000e+00 val rel-L2 [sG 1.12e-03 sM 1.92e-03 a 6.57e-04] 1278s
epoch  285 lr 1.55e-05 mse 2.326e-06 pde 0.000e+00 val rel-L2 [sG 1.11e-03 sM 1.90e-03 a 6.51e-04] 1282s
epoch  286 lr 1.47e-05 mse 2.376e-06 pde 0.000e+00 val rel-L2 [sG 1.10e-03 sM 1.90e-03 a 6.51e-04] 1287s
epoch  287 lr 1.40e-05 mse 2.295e-06 pde 0.000e+00 val rel-L2 [sG 1.10e-03 sM 1.91e-03 a 6.53e-04] 1291s
epoch  288 lr 1.34e-05 mse 2.424e-06 pde 0.000e+00 val rel-L2 [sG 1.11e-03 sM 2.47e-03 a 6.49e-04] 1296s
epoch  289 lr 1.28e-05 mse 2.212e-06 pde 0.000e+00 val rel-L2 [sG 1.11e-03 sM 2.18e-03 a 6.51e-04] 1300s
epoch  290 lr 1.23e-05 mse 2.189e-06 pde 0.000e+00 val rel-L2 [sG 1.10e-03 sM 1.84e-03 a 6.51e-04] 1304s
epoch  291 lr 1.18e-05 mse 2.167e-06 pde 0.000e+00 val rel-L2 [sG 1.09e-03 sM 1.94e-03 a 6.57e-04] 1309s
epoch  292 lr 1.14e-05 mse 2.117e-06 pde 0.000e+00 val rel-L2 [sG 1.10e-03 sM 1.93e-03 a 6.41e-04] 1313s
epoch  293 lr 1.10e-05 mse 2.020e-06 pde 0.000e+00 val rel-L2 [sG 1.09e-03 sM 1.86e-03 a 6.44e-04] 1318s
epoch  294 lr 1.07e-05 mse 2.031e-06 pde 0.000e+00 val rel-L2 [sG 1.13e-03 sM 2.28e-03 a 6.46e-04] 1322s
epoch  295 lr 1.04e-05 mse 1.967e-06 pde 0.000e+00 val rel-L2 [sG 1.09e-03 sM 1.82e-03 a 6.39e-04] 1327s
epoch  296 lr 1.03e-05 mse 1.936e-06 pde 0.000e+00 val rel-L2 [sG 1.09e-03 sM 2.03e-03 a 6.48e-04] 1331s
epoch  297 lr 1.01e-05 mse 2.014e-06 pde 0.000e+00 val rel-L2 [sG 1.08e-03 sM 1.86e-03 a 6.42e-04] 1336s
epoch  298 lr 1.00e-05 mse 2.092e-06 pde 0.000e+00 val rel-L2 [sG 1.09e-03 sM 2.58e-03 a 6.48e-04] 1340s
epoch  299 lr 1.00e-05 mse 1.961e-06 pde 0.000e+00 val rel-L2 [sG 1.07e-03 sM 1.82e-03 a 6.34e-04] 1345s
~/stackem_work/StackEM_clean/stackem/skn_model.py:62: RuntimeWarning: overflow encountered in exp
  return x / (1.0 + np.exp(-x))
done. best val worst-target rel-L2 1.817e-03 at epoch 295; torch-vs-numpy max diff 1.94e-05
SKN weights: ~/stackem_work/outputs_teacher/base3/skn/skn_best.npz
