=================== 2026-09-27 00:32:31  ablation: SKN with PDE residual (w_pde = 0.05) -> base3/skn_pde ===================
[sign-off sizing] strap widths: D1=1.35 um, D2=0.99 um, D3=15.34 um
device cuda; train rows 14,592,000  val rows 768,000  (profiles 120,000)
SKN parameters: 343,811
PDE residual reference (first batch): 1.541e+04
epoch    0 lr 2.00e-04 mse 6.227e-01 pde 9.943e-01 val rel-L2 [sG 4.46e-01 sM 7.68e-01 a 3.60e-01] 39s
epoch    1 lr 4.00e-04 mse 1.785e-01 pde 4.261e-01 val rel-L2 [sG 1.94e-01 sM 4.06e-01 a 1.26e-01] 77s
epoch    2 lr 6.00e-04 mse 4.375e-02 pde 1.069e-01 val rel-L2 [sG 9.34e-02 sM 1.75e-01 a 8.18e-02] 113s
epoch    3 lr 8.00e-04 mse 1.178e-02 pde 6.849e-02 val rel-L2 [sG 6.17e-02 sM 1.46e-01 a 5.70e-02] 150s
epoch    4 lr 1.00e-03 mse 7.278e-03 pde 4.938e-02 val rel-L2 [sG 5.02e-02 sM 1.03e-01 a 5.62e-02] 189s
epoch    5 lr 1.00e-03 mse 5.166e-03 pde 3.766e-02 val rel-L2 [sG 3.65e-02 sM 1.01e-01 a 4.44e-02] 226s
epoch    6 lr 1.00e-03 mse 4.557e-03 pde 2.894e-02 val rel-L2 [sG 3.46e-02 sM 9.48e-02 a 3.01e-02] 263s
epoch    7 lr 1.00e-03 mse 4.615e-03 pde 2.661e-02 val rel-L2 [sG 3.47e-02 sM 1.21e-01 a 3.11e-02] 299s
epoch    8 lr 1.00e-03 mse 4.135e-03 pde 2.052e-02 val rel-L2 [sG 2.31e-02 sM 7.71e-02 a 2.57e-02] 336s
epoch    9 lr 9.99e-04 mse 3.767e-03 pde 2.170e-02 val rel-L2 [sG 3.04e-02 sM 9.49e-02 a 3.35e-02] 374s
epoch   10 lr 9.99e-04 mse 3.274e-03 pde 1.746e-02 val rel-L2 [sG 4.07e-02 sM 1.23e-01 a 4.53e-02] 411s
epoch   11 lr 9.99e-04 mse 2.915e-03 pde 1.532e-02 val rel-L2 [sG 2.40e-02 sM 8.83e-02 a 2.99e-02] 448s
epoch   12 lr 9.98e-04 mse 2.846e-03 pde 1.428e-02 val rel-L2 [sG 5.40e-02 sM 1.34e-01 a 4.40e-02] 485s
epoch   13 lr 9.98e-04 mse 2.634e-03 pde 1.591e-02 val rel-L2 [sG 1.81e-02 sM 6.20e-02 a 1.46e-02] 522s
epoch   14 lr 9.97e-04 mse 2.214e-03 pde 1.250e-02 val rel-L2 [sG 2.56e-02 sM 7.06e-02 a 2.84e-02] 558s
epoch   15 lr 9.97e-04 mse 2.784e-03 pde 1.263e-02 val rel-L2 [sG 2.28e-02 sM 7.39e-02 a 2.32e-02] 596s
epoch   16 lr 9.96e-04 mse 2.065e-03 pde 1.068e-02 val rel-L2 [sG 2.10e-02 sM 7.06e-02 a 2.31e-02] 633s
epoch   17 lr 9.95e-04 mse 2.029e-03 pde 1.017e-02 val rel-L2 [sG 2.33e-02 sM 6.27e-02 a 1.21e-02] 671s
epoch   18 lr 9.95e-04 mse 1.808e-03 pde 8.051e-03 val rel-L2 [sG 2.09e-02 sM 6.66e-02 a 2.34e-02] 709s
epoch   19 lr 9.94e-04 mse 1.947e-03 pde 1.469e-02 val rel-L2 [sG 1.79e-02 sM 6.50e-02 a 1.38e-02] 747s
epoch   20 lr 9.93e-04 mse 1.826e-03 pde 1.234e-02 val rel-L2 [sG 1.85e-02 sM 7.37e-02 a 1.39e-02] 784s
epoch   21 lr 9.92e-04 mse 1.620e-03 pde 8.310e-03 val rel-L2 [sG 1.82e-02 sM 8.64e-02 a 1.36e-02] 820s
epoch   22 lr 9.91e-04 mse 1.631e-03 pde 9.163e-03 val rel-L2 [sG 2.90e-02 sM 5.71e-02 a 4.33e-02] 857s
epoch   23 lr 9.90e-04 mse 1.634e-03 pde 1.072e-02 val rel-L2 [sG 1.48e-02 sM 5.20e-02 a 1.32e-02] 894s
epoch   24 lr 9.89e-04 mse 1.403e-03 pde 6.950e-03 val rel-L2 [sG 1.62e-02 sM 6.31e-02 a 1.43e-02] 931s
epoch   25 lr 9.88e-04 mse 1.839e-03 pde 1.159e-02 val rel-L2 [sG 2.81e-02 sM 6.91e-02 a 4.43e-02] 966s
epoch   26 lr 9.86e-04 mse 1.396e-03 pde 9.384e-03 val rel-L2 [sG 2.58e-02 sM 5.70e-02 a 2.34e-02] 1003s
epoch   27 lr 9.85e-04 mse 1.355e-03 pde 7.103e-03 val rel-L2 [sG 3.93e-02 sM 8.16e-02 a 3.92e-02] 1041s
epoch   28 lr 9.84e-04 mse 1.584e-03 pde 6.334e-03 val rel-L2 [sG 2.70e-02 sM 7.20e-02 a 1.14e-02] 1077s
epoch   29 lr 9.83e-04 mse 1.327e-03 pde 7.863e-03 val rel-L2 [sG 1.30e-02 sM 4.39e-02 a 1.02e-02] 1115s
epoch   30 lr 9.81e-04 mse 1.241e-03 pde 8.116e-03 val rel-L2 [sG 1.32e-02 sM 4.47e-02 a 8.86e-03] 1151s
epoch   31 lr 9.80e-04 mse 1.172e-03 pde 5.684e-03 val rel-L2 [sG 1.21e-02 sM 4.47e-02 a 1.01e-02] 1188s
epoch   32 lr 9.78e-04 mse 1.275e-03 pde 9.468e-03 val rel-L2 [sG 1.03e-02 sM 4.84e-02 a 7.08e-03] 1225s
epoch   33 lr 9.77e-04 mse 1.108e-03 pde 6.410e-03 val rel-L2 [sG 1.69e-02 sM 5.66e-02 a 1.01e-02] 1262s
epoch   34 lr 9.75e-04 mse 1.121e-03 pde 4.441e-03 val rel-L2 [sG 1.25e-02 sM 4.84e-02 a 1.17e-02] 1299s
epoch   35 lr 9.73e-04 mse 1.186e-03 pde 9.351e-03 val rel-L2 [sG 1.59e-02 sM 4.86e-02 a 1.03e-02] 1336s
epoch   36 lr 9.72e-04 mse 9.658e-04 pde 5.930e-03 val rel-L2 [sG 4.20e-02 sM 5.89e-02 a 4.60e-02] 1373s
epoch   37 lr 9.70e-04 mse 1.148e-03 pde 1.270e-02 val rel-L2 [sG 1.43e-02 sM 4.39e-02 a 1.18e-02] 1410s
epoch   38 lr 9.68e-04 mse 1.014e-03 pde 4.599e-03 val rel-L2 [sG 1.00e-02 sM 3.41e-02 a 8.82e-03] 1447s
epoch   39 lr 9.66e-04 mse 1.178e-03 pde 4.964e-03 val rel-L2 [sG 1.50e-02 sM 4.85e-02 a 1.49e-02] 1484s
epoch   40 lr 9.64e-04 mse 1.301e-03 pde 1.515e-02 val rel-L2 [sG 1.92e-02 sM 5.00e-02 a 2.08e-02] 1521s
epoch   41 lr 9.62e-04 mse 9.520e-04 pde 4.754e-03 val rel-L2 [sG 1.54e-02 sM 5.99e-02 a 9.18e-03] 1558s
epoch   42 lr 9.60e-04 mse 1.119e-03 pde 8.490e-03 val rel-L2 [sG 1.21e-02 sM 4.08e-02 a 1.26e-02] 1595s
epoch   43 lr 9.58e-04 mse 8.655e-04 pde 3.331e-03 val rel-L2 [sG 1.17e-02 sM 3.76e-02 a 7.46e-03] 1631s
epoch   44 lr 9.56e-04 mse 1.065e-03 pde 6.631e-03 val rel-L2 [sG 1.11e-02 sM 3.70e-02 a 8.88e-03] 1667s
epoch   45 lr 9.54e-04 mse 7.801e-04 pde 3.054e-03 val rel-L2 [sG 1.47e-02 sM 5.87e-02 a 1.36e-02] 1705s
epoch   46 lr 9.51e-04 mse 1.078e-03 pde 1.320e-02 val rel-L2 [sG 1.83e-02 sM 3.70e-02 a 1.66e-02] 1740s
epoch   47 lr 9.49e-04 mse 8.208e-04 pde 3.809e-03 val rel-L2 [sG 1.23e-02 sM 4.01e-02 a 1.46e-02] 1779s
epoch   48 lr 9.47e-04 mse 8.362e-04 pde 3.337e-03 val rel-L2 [sG 1.00e-02 sM 2.98e-02 a 9.65e-03] 1816s
epoch   49 lr 9.44e-04 mse 1.125e-03 pde 1.975e-02 val rel-L2 [sG 1.58e-02 sM 3.36e-02 a 1.97e-02] 1853s
epoch   50 lr 9.42e-04 mse 8.127e-04 pde 5.395e-03 val rel-L2 [sG 1.09e-02 sM 4.73e-02 a 7.81e-03] 1891s
epoch   51 lr 9.39e-04 mse 8.816e-04 pde 4.302e-03 val rel-L2 [sG 1.42e-02 sM 3.92e-02 a 1.61e-02] 1928s
epoch   52 lr 9.37e-04 mse 9.143e-04 pde 4.451e-03 val rel-L2 [sG 1.09e-02 sM 4.25e-02 a 9.89e-03] 1965s
epoch   53 lr 9.34e-04 mse 7.744e-04 pde 2.494e-03 val rel-L2 [sG 2.81e-02 sM 6.15e-02 a 2.29e-02] 2002s
epoch   54 lr 9.31e-04 mse 8.591e-04 pde 7.068e-03 val rel-L2 [sG 1.28e-02 sM 4.87e-02 a 1.01e-02] 2039s
epoch   55 lr 9.29e-04 mse 6.475e-04 pde 2.400e-03 val rel-L2 [sG 7.87e-03 sM 3.22e-02 a 4.69e-03] 2076s
epoch   56 lr 9.26e-04 mse 7.973e-04 pde 5.824e-03 val rel-L2 [sG 3.08e-02 sM 4.87e-02 a 5.71e-02] 2112s
epoch   57 lr 9.23e-04 mse 7.576e-04 pde 6.672e-03 val rel-L2 [sG 9.59e-03 sM 4.30e-02 a 8.22e-03] 2149s
epoch   58 lr 9.20e-04 mse 7.828e-04 pde 5.981e-03 val rel-L2 [sG 1.05e-02 sM 3.55e-02 a 7.04e-03] 2186s
epoch   59 lr 9.17e-04 mse 7.608e-04 pde 5.437e-03 val rel-L2 [sG 2.30e-02 sM 5.78e-02 a 1.45e-02] 2223s
epoch   60 lr 9.15e-04 mse 5.838e-04 pde 2.476e-03 val rel-L2 [sG 1.37e-02 sM 5.66e-02 a 7.63e-03] 2259s
epoch   61 lr 9.12e-04 mse 6.377e-04 pde 2.327e-03 val rel-L2 [sG 8.58e-03 sM 2.56e-02 a 5.02e-03] 2296s
epoch   62 lr 9.09e-04 mse 3.444e-02 pde 2.378e+01 val rel-L2 [sG 9.85e-03 sM 3.79e-02 a 9.20e-03] 2333s
epoch   63 lr 9.05e-04 mse 7.207e-04 pde 2.950e-03 val rel-L2 [sG 1.81e-02 sM 4.42e-02 a 8.40e-03] 2369s
epoch   64 lr 9.02e-04 mse 6.576e-04 pde 3.831e-03 val rel-L2 [sG 1.14e-02 sM 5.13e-02 a 7.79e-03] 2406s
epoch   65 lr 8.99e-04 mse 6.135e-04 pde 2.240e-03 val rel-L2 [sG 1.39e-02 sM 4.85e-02 a 1.63e-02] 2443s
epoch   66 lr 8.96e-04 mse 7.509e-04 pde 9.177e-03 val rel-L2 [sG 1.22e-02 sM 5.32e-02 a 8.10e-03] 2480s
epoch   67 lr 8.93e-04 mse 7.737e-04 pde 2.440e-03 val rel-L2 [sG 7.44e-03 sM 2.72e-02 a 5.16e-03] 2518s
epoch   68 lr 8.89e-04 mse 7.594e-04 pde 6.618e-03 val rel-L2 [sG 7.88e-03 sM 2.74e-02 a 6.04e-03] 2556s
epoch   69 lr 8.86e-04 mse 5.512e-04 pde 1.993e-03 val rel-L2 [sG 8.22e-03 sM 1.79e-02 a 1.78e-02] 2593s
epoch   70 lr 8.83e-04 mse 5.652e-04 pde 2.237e-03 val rel-L2 [sG 7.92e-03 sM 6.80e-02 a 4.67e-03] 2630s
epoch   71 lr 8.79e-04 mse 6.994e-04 pde 9.254e-03 val rel-L2 [sG 1.04e-02 sM 3.20e-02 a 1.02e-02] 2668s
epoch   72 lr 8.76e-04 mse 6.691e-04 pde 3.651e-03 val rel-L2 [sG 8.73e-03 sM 2.06e-02 a 6.34e-03] 2705s
epoch   73 lr 8.72e-04 mse 5.238e-04 pde 1.789e-03 val rel-L2 [sG 1.35e-02 sM 5.48e-02 a 7.18e-03] 2742s
epoch   74 lr 8.69e-04 mse 7.222e-04 pde 7.508e-03 val rel-L2 [sG 2.42e-02 sM 4.76e-02 a 1.87e-02] 2779s
epoch   75 lr 8.65e-04 mse 6.018e-04 pde 8.082e-03 val rel-L2 [sG 1.03e-02 sM 2.10e-02 a 1.05e-02] 2815s
epoch   76 lr 8.61e-04 mse 8.336e-04 pde 3.097e-03 val rel-L2 [sG 1.04e-02 sM 3.51e-02 a 8.32e-03] 2852s
epoch   77 lr 8.58e-04 mse 5.265e-04 pde 1.876e-03 val rel-L2 [sG 9.55e-03 sM 3.65e-02 a 5.49e-03] 2890s
epoch   78 lr 8.54e-04 mse 6.873e-04 pde 7.049e-03 val rel-L2 [sG 1.26e-02 sM 3.70e-02 a 1.63e-02] 2927s
epoch   79 lr 8.50e-04 mse 5.715e-04 pde 3.921e-03 val rel-L2 [sG 1.53e-02 sM 4.70e-02 a 8.14e-03] 2964s
epoch   80 lr 8.47e-04 mse 4.736e-04 pde 1.856e-03 val rel-L2 [sG 9.44e-03 sM 4.92e-02 a 5.99e-03] 3000s
epoch   81 lr 8.43e-04 mse 5.055e-04 pde 1.735e-03 val rel-L2 [sG 1.27e-02 sM 4.35e-02 a 1.71e-02] 3037s
epoch   82 lr 8.39e-04 mse 6.649e-04 pde 6.408e-03 val rel-L2 [sG 8.20e-03 sM 2.41e-02 a 6.45e-03] 3075s
epoch   83 lr 8.35e-04 mse 4.599e-04 pde 1.301e-03 val rel-L2 [sG 6.73e-03 sM 2.97e-02 a 5.39e-03] 3112s
epoch   84 lr 8.31e-04 mse 5.525e-04 pde 4.938e-03 val rel-L2 [sG 1.01e-02 sM 3.65e-02 a 1.36e-02] 3149s
epoch   85 lr 8.27e-04 mse 4.287e-04 pde 3.045e-03 val rel-L2 [sG 7.01e-03 sM 1.99e-02 a 5.76e-03] 3186s
epoch   86 lr 8.23e-04 mse 4.840e-04 pde 2.489e-03 val rel-L2 [sG 8.41e-03 sM 2.13e-02 a 1.63e-02] 3222s
epoch   87 lr 8.19e-04 mse 4.489e-04 pde 2.402e-03 val rel-L2 [sG 8.97e-03 sM 2.41e-02 a 6.92e-03] 3260s
epoch   88 lr 8.15e-04 mse 4.743e-04 pde 9.509e-03 val rel-L2 [sG 7.60e-03 sM 2.26e-02 a 5.70e-03] 3296s
epoch   89 lr 8.11e-04 mse 3.946e-04 pde 1.638e-03 val rel-L2 [sG 9.02e-03 sM 4.13e-02 a 5.72e-03] 3332s
epoch   90 lr 8.07e-04 mse 4.663e-04 pde 1.592e-03 val rel-L2 [sG 1.06e-02 sM 3.66e-02 a 4.82e-03] 3369s
epoch   91 lr 8.02e-04 mse 4.489e-04 pde 1.512e-03 val rel-L2 [sG 7.41e-03 sM 2.78e-02 a 4.23e-03] 3407s
epoch   92 lr 7.98e-04 mse 4.135e-04 pde 1.311e-03 val rel-L2 [sG 6.34e-03 sM 3.30e-02 a 4.32e-03] 3442s
epoch   93 lr 7.94e-04 mse 5.177e-04 pde 8.435e-03 val rel-L2 [sG 8.16e-03 sM 1.95e-02 a 5.03e-03] 3480s
epoch   94 lr 7.90e-04 mse 4.229e-04 pde 1.184e-03 val rel-L2 [sG 6.78e-03 sM 2.18e-02 a 4.69e-03] 3515s
epoch   95 lr 7.85e-04 mse 3.364e-04 pde 1.259e-03 val rel-L2 [sG 9.38e-03 sM 4.32e-02 a 5.24e-03] 3552s
epoch   96 lr 7.81e-04 mse 3.766e-04 pde 1.790e-03 val rel-L2 [sG 1.60e-02 sM 6.14e-02 a 1.18e-02] 3590s
epoch   97 lr 7.76e-04 mse 7.621e-04 pde 5.703e-03 val rel-L2 [sG 9.75e-03 sM 3.83e-02 a 6.85e-03] 3628s
epoch   98 lr 7.72e-04 mse 4.581e-04 pde 1.623e-03 val rel-L2 [sG 8.22e-03 sM 2.74e-02 a 4.82e-03] 3665s
epoch   99 lr 7.68e-04 mse 3.332e-04 pde 1.275e-03 val rel-L2 [sG 6.89e-03 sM 2.23e-02 a 3.89e-03] 3703s
epoch  100 lr 7.63e-04 mse 6.385e-04 pde 2.536e-03 val rel-L2 [sG 1.15e-02 sM 4.07e-02 a 6.54e-03] 3738s
epoch  101 lr 7.59e-04 mse 3.967e-04 pde 1.730e-03 val rel-L2 [sG 6.83e-03 sM 2.59e-02 a 4.57e-03] 3776s
epoch  102 lr 7.54e-04 mse 3.915e-04 pde 1.077e-03 val rel-L2 [sG 8.76e-03 sM 2.70e-02 a 4.75e-03] 3812s
epoch  103 lr 7.49e-04 mse 3.266e-04 pde 1.062e-03 val rel-L2 [sG 6.37e-03 sM 1.71e-02 a 4.12e-03] 3849s
epoch  104 lr 7.45e-04 mse 4.160e-04 pde 4.793e-03 val rel-L2 [sG 6.77e-03 sM 1.66e-02 a 5.13e-03] 3886s
epoch  105 lr 7.40e-04 mse 3.377e-04 pde 1.184e-03 val rel-L2 [sG 7.70e-03 sM 3.45e-02 a 4.77e-03] 3923s
epoch  106 lr 7.36e-04 mse 3.691e-04 pde 1.051e-03 val rel-L2 [sG 7.26e-03 sM 2.51e-02 a 4.69e-03] 3959s
epoch  107 lr 7.31e-04 mse 3.418e-04 pde 1.258e-03 val rel-L2 [sG 6.40e-03 sM 1.77e-02 a 3.63e-03] 3997s
epoch  108 lr 7.26e-04 mse 3.298e-04 pde 9.747e-04 val rel-L2 [sG 1.17e-02 sM 3.98e-02 a 6.35e-03] 4033s
epoch  109 lr 7.21e-04 mse 3.663e-04 pde 1.104e-03 val rel-L2 [sG 7.62e-03 sM 2.98e-02 a 4.76e-03] 4070s
epoch  110 lr 7.17e-04 mse 4.201e-04 pde 3.205e-03 val rel-L2 [sG 2.13e-02 sM 4.93e-02 a 3.79e-02] 4106s
epoch  111 lr 7.12e-04 mse 4.136e-04 pde 4.469e-03 val rel-L2 [sG 8.52e-03 sM 3.91e-02 a 5.48e-03] 4143s
epoch  112 lr 7.07e-04 mse 4.221e-04 pde 1.018e-03 val rel-L2 [sG 6.36e-03 sM 1.71e-02 a 4.19e-03] 4182s
epoch  113 lr 7.02e-04 mse 2.948e-04 pde 9.798e-04 val rel-L2 [sG 8.77e-03 sM 2.23e-02 a 4.20e-03] 4218s
epoch  114 lr 6.97e-04 mse 2.979e-04 pde 9.125e-04 val rel-L2 [sG 6.64e-03 sM 1.91e-02 a 3.59e-03] 4256s
epoch  115 lr 6.93e-04 mse 3.696e-04 pde 1.078e-03 val rel-L2 [sG 6.01e-03 sM 2.96e-02 a 3.57e-03] 4293s
epoch  116 lr 6.88e-04 mse 2.723e-04 pde 1.368e-03 val rel-L2 [sG 7.65e-03 sM 1.82e-02 a 7.68e-03] 4332s
epoch  117 lr 6.83e-04 mse 4.486e-04 pde 5.795e-03 val rel-L2 [sG 4.90e-03 sM 1.02e-02 a 3.86e-03] 4369s
epoch  118 lr 6.78e-04 mse 3.501e-04 pde 1.060e-03 val rel-L2 [sG 6.15e-03 sM 1.98e-02 a 3.88e-03] 4406s
epoch  119 lr 6.73e-04 mse 2.970e-04 pde 9.013e-04 val rel-L2 [sG 6.67e-03 sM 2.30e-02 a 3.53e-03] 4442s
epoch  120 lr 6.68e-04 mse 3.133e-04 pde 3.492e-03 val rel-L2 [sG 9.84e-03 sM 2.58e-02 a 1.53e-02] 4479s
epoch  121 lr 6.63e-04 mse 3.610e-04 pde 1.234e-03 val rel-L2 [sG 9.17e-03 sM 3.00e-02 a 4.14e-03] 4515s
epoch  122 lr 6.58e-04 mse 2.790e-04 pde 8.674e-04 val rel-L2 [sG 6.34e-03 sM 1.99e-02 a 3.62e-03] 4552s
epoch  123 lr 6.53e-04 mse 2.885e-04 pde 1.294e-03 val rel-L2 [sG 2.23e-02 sM 3.64e-02 a 3.15e-02] 4588s
epoch  124 lr 6.48e-04 mse 3.397e-04 pde 4.515e-03 val rel-L2 [sG 6.07e-03 sM 2.56e-02 a 4.44e-03] 4625s
epoch  125 lr 6.43e-04 mse 2.537e-04 pde 9.887e-04 val rel-L2 [sG 6.96e-03 sM 3.01e-02 a 4.26e-03] 4661s
epoch  126 lr 6.38e-04 mse 2.751e-04 pde 1.133e-03 val rel-L2 [sG 1.82e-02 sM 8.92e-02 a 1.25e-02] 4700s
epoch  127 lr 6.33e-04 mse 3.514e-04 pde 3.376e-03 val rel-L2 [sG 7.82e-03 sM 2.77e-02 a 6.51e-03] 4737s
epoch  128 lr 6.28e-04 mse 2.413e-04 pde 1.041e-03 val rel-L2 [sG 6.06e-03 sM 1.72e-02 a 4.09e-03] 4772s
epoch  129 lr 6.22e-04 mse 2.514e-04 pde 7.403e-04 val rel-L2 [sG 7.71e-03 sM 3.46e-02 a 5.82e-03] 4810s
epoch  130 lr 6.17e-04 mse 3.204e-04 pde 1.032e-03 val rel-L2 [sG 6.69e-03 sM 1.69e-02 a 3.65e-03] 4847s
epoch  131 lr 6.12e-04 mse 3.196e-04 pde 4.596e-03 val rel-L2 [sG 1.07e-02 sM 1.92e-02 a 1.36e-02] 4883s
epoch  132 lr 6.07e-04 mse 2.869e-04 pde 1.433e-03 val rel-L2 [sG 1.02e-02 sM 3.02e-02 a 5.18e-03] 4921s
epoch  133 lr 6.02e-04 mse 2.550e-04 pde 8.137e-04 val rel-L2 [sG 7.21e-03 sM 2.56e-02 a 4.24e-03] 4958s
epoch  134 lr 5.97e-04 mse 2.266e-04 pde 8.007e-04 val rel-L2 [sG 4.19e-03 sM 1.07e-02 a 3.10e-03] 4994s
epoch  135 lr 5.92e-04 mse 2.837e-04 pde 1.037e-03 val rel-L2 [sG 5.69e-03 sM 1.87e-02 a 3.64e-03] 5030s
epoch  136 lr 5.86e-04 mse 2.287e-04 pde 7.150e-04 val rel-L2 [sG 7.50e-03 sM 2.58e-02 a 4.43e-03] 5067s
epoch  137 lr 5.81e-04 mse 2.189e-04 pde 8.991e-04 val rel-L2 [sG 8.60e-03 sM 2.69e-02 a 4.79e-03] 5105s
epoch  138 lr 5.76e-04 mse 2.184e-04 pde 6.663e-04 val rel-L2 [sG 4.43e-03 sM 1.34e-02 a 2.72e-03] 5141s
epoch  139 lr 5.71e-04 mse 2.873e-04 pde 7.855e-04 val rel-L2 [sG 7.83e-03 sM 3.14e-02 a 4.30e-03] 5178s
epoch  140 lr 5.65e-04 mse 3.200e-04 pde 4.674e-03 val rel-L2 [sG 4.86e-03 sM 1.23e-02 a 4.40e-03] 5214s
epoch  141 lr 5.60e-04 mse 2.624e-04 pde 9.772e-04 val rel-L2 [sG 6.69e-03 sM 2.66e-02 a 3.85e-03] 5252s
epoch  142 lr 5.55e-04 mse 1.853e-04 pde 1.352e-03 val rel-L2 [sG 6.13e-03 sM 2.09e-02 a 4.38e-03] 5288s
epoch  143 lr 5.50e-04 mse 2.265e-04 pde 1.077e-03 val rel-L2 [sG 6.12e-03 sM 1.89e-02 a 4.18e-03] 5325s
epoch  144 lr 5.44e-04 mse 1.872e-04 pde 7.369e-04 val rel-L2 [sG 8.69e-03 sM 3.26e-02 a 4.66e-03] 5361s
epoch  145 lr 5.39e-04 mse 1.991e-04 pde 7.810e-04 val rel-L2 [sG 5.05e-03 sM 1.59e-02 a 3.21e-03] 5398s
epoch  146 lr 5.34e-04 mse 2.174e-04 pde 5.774e-04 val rel-L2 [sG 4.33e-03 sM 1.67e-02 a 2.74e-03] 5434s
epoch  147 lr 5.29e-04 mse 2.194e-04 pde 1.017e-03 val rel-L2 [sG 7.00e-03 sM 2.28e-02 a 3.91e-03] 5473s
epoch  148 lr 5.23e-04 mse 1.804e-04 pde 5.273e-04 val rel-L2 [sG 9.25e-03 sM 2.61e-02 a 6.37e-03] 5510s
epoch  149 lr 5.18e-04 mse 1.903e-04 pde 6.930e-04 val rel-L2 [sG 3.89e-03 sM 1.05e-02 a 2.47e-03] 5546s
epoch  150 lr 5.13e-04 mse 1.912e-04 pde 5.907e-04 val rel-L2 [sG 4.38e-03 sM 1.41e-02 a 2.97e-03] 5582s
epoch  151 lr 5.08e-04 mse 2.093e-04 pde 6.700e-04 val rel-L2 [sG 6.10e-03 sM 2.51e-02 a 3.11e-03] 5619s
epoch  152 lr 5.02e-04 mse 1.954e-04 pde 8.967e-04 val rel-L2 [sG 1.58e-02 sM 4.86e-02 a 8.97e-03] 5657s
epoch  153 lr 4.97e-04 mse 2.159e-04 pde 5.562e-04 val rel-L2 [sG 6.83e-03 sM 3.53e-02 a 4.04e-03] 5693s
epoch  154 lr 4.92e-04 mse 1.976e-04 pde 5.906e-04 val rel-L2 [sG 3.64e-03 sM 1.04e-02 a 2.31e-03] 5730s
epoch  155 lr 4.87e-04 mse 1.989e-04 pde 6.131e-04 val rel-L2 [sG 6.93e-03 sM 2.17e-02 a 3.45e-03] 5768s
epoch  156 lr 4.81e-04 mse 1.873e-04 pde 6.280e-04 val rel-L2 [sG 6.68e-03 sM 2.55e-02 a 3.60e-03] 5804s
epoch  157 lr 4.76e-04 mse 1.464e-04 pde 4.877e-04 val rel-L2 [sG 3.91e-03 sM 9.39e-03 a 2.19e-03] 5841s
epoch  158 lr 4.71e-04 mse 1.478e-04 pde 5.421e-04 val rel-L2 [sG 4.67e-03 sM 1.69e-02 a 3.02e-03] 5876s
epoch  159 lr 4.66e-04 mse 1.638e-04 pde 5.637e-04 val rel-L2 [sG 3.95e-03 sM 1.12e-02 a 2.24e-03] 5914s
epoch  160 lr 4.60e-04 mse 1.576e-04 pde 5.203e-04 val rel-L2 [sG 3.68e-03 sM 1.02e-02 a 2.31e-03] 5951s
epoch  161 lr 4.55e-04 mse 1.941e-04 pde 6.280e-04 val rel-L2 [sG 4.14e-03 sM 1.26e-02 a 2.45e-03] 5987s
epoch  162 lr 4.50e-04 mse 1.593e-04 pde 4.837e-04 val rel-L2 [sG 9.10e-03 sM 4.08e-02 a 4.24e-03] 6024s
epoch  163 lr 4.45e-04 mse 1.417e-04 pde 5.460e-04 val rel-L2 [sG 3.92e-03 sM 9.52e-03 a 2.42e-03] 6062s
epoch  164 lr 4.39e-04 mse 1.533e-04 pde 4.722e-04 val rel-L2 [sG 3.95e-03 sM 1.08e-02 a 2.31e-03] 6099s
epoch  165 lr 4.34e-04 mse 1.353e-04 pde 5.662e-04 val rel-L2 [sG 4.75e-03 sM 1.20e-02 a 2.85e-03] 6136s
epoch  166 lr 4.29e-04 mse 1.432e-04 pde 4.542e-04 val rel-L2 [sG 4.06e-03 sM 1.09e-02 a 2.29e-03] 6171s
epoch  167 lr 4.24e-04 mse 1.325e-04 pde 4.431e-04 val rel-L2 [sG 4.84e-03 sM 1.58e-02 a 2.54e-03] 6210s
epoch  168 lr 4.18e-04 mse 1.458e-04 pde 4.771e-04 val rel-L2 [sG 5.83e-03 sM 2.45e-02 a 3.21e-03] 6246s
epoch  169 lr 4.13e-04 mse 1.141e-04 pde 8.978e-04 val rel-L2 [sG 3.39e-03 sM 9.39e-03 a 2.31e-03] 6282s
epoch  170 lr 4.08e-04 mse 1.314e-04 pde 4.447e-04 val rel-L2 [sG 3.55e-03 sM 8.78e-03 a 2.26e-03] 6320s
epoch  171 lr 4.03e-04 mse 1.280e-04 pde 4.742e-04 val rel-L2 [sG 3.09e-03 sM 8.82e-03 a 1.81e-03] 6356s
epoch  172 lr 3.98e-04 mse 1.081e-04 pde 3.994e-04 val rel-L2 [sG 3.71e-03 sM 2.82e-02 a 2.05e-03] 6393s
epoch  173 lr 3.93e-04 mse 1.343e-04 pde 4.830e-04 val rel-L2 [sG 4.28e-03 sM 1.65e-02 a 2.19e-03] 6430s
epoch  174 lr 3.88e-04 mse 1.165e-04 pde 3.844e-04 val rel-L2 [sG 3.41e-03 sM 8.56e-03 a 1.98e-03] 6467s
epoch  175 lr 3.82e-04 mse 1.235e-04 pde 5.208e-04 val rel-L2 [sG 7.17e-03 sM 3.06e-02 a 4.21e-03] 6505s
epoch  176 lr 3.77e-04 mse 1.712e-04 pde 5.553e-04 val rel-L2 [sG 4.54e-03 sM 1.32e-02 a 2.71e-03] 6541s
epoch  177 lr 3.72e-04 mse 1.077e-04 pde 3.696e-04 val rel-L2 [sG 6.95e-03 sM 3.55e-02 a 3.46e-03] 6578s
epoch  178 lr 3.67e-04 mse 1.632e-04 pde 4.434e-04 val rel-L2 [sG 3.67e-03 sM 1.28e-02 a 2.20e-03] 6615s
epoch  179 lr 3.62e-04 mse 1.055e-04 pde 4.107e-04 val rel-L2 [sG 5.89e-03 sM 2.96e-02 a 3.06e-03] 6652s
epoch  180 lr 3.57e-04 mse 1.514e-04 pde 4.155e-04 val rel-L2 [sG 3.33e-03 sM 8.70e-03 a 1.95e-03] 6691s
epoch  181 lr 3.52e-04 mse 1.203e-04 pde 4.074e-04 val rel-L2 [sG 3.73e-03 sM 1.18e-02 a 2.00e-03] 6728s
epoch  182 lr 3.47e-04 mse 9.703e-05 pde 3.542e-04 val rel-L2 [sG 5.57e-03 sM 1.85e-02 a 3.64e-03] 6766s
epoch  183 lr 3.42e-04 mse 8.813e-05 pde 3.951e-04 val rel-L2 [sG 4.13e-03 sM 1.15e-02 a 2.03e-03] 6803s
epoch  184 lr 3.37e-04 mse 1.055e-04 pde 3.552e-04 val rel-L2 [sG 6.17e-03 sM 4.03e-02 a 4.02e-03] 6839s
epoch  185 lr 3.32e-04 mse 1.101e-04 pde 3.773e-04 val rel-L2 [sG 3.75e-03 sM 9.99e-03 a 1.81e-03] 6876s
epoch  186 lr 3.27e-04 mse 1.060e-04 pde 4.021e-04 val rel-L2 [sG 3.80e-03 sM 1.76e-02 a 2.07e-03] 6913s
epoch  187 lr 3.22e-04 mse 8.575e-05 pde 4.006e-04 val rel-L2 [sG 3.07e-03 sM 9.56e-03 a 1.74e-03] 6949s
epoch  188 lr 3.17e-04 mse 9.913e-05 pde 3.431e-04 val rel-L2 [sG 4.02e-03 sM 1.60e-02 a 2.35e-03] 6987s
epoch  189 lr 3.13e-04 mse 2.440e-04 pde 6.380e-04 val rel-L2 [sG 4.06e-03 sM 9.96e-03 a 2.20e-03] 7023s
epoch  190 lr 3.08e-04 mse 8.299e-05 pde 3.215e-04 val rel-L2 [sG 4.49e-03 sM 1.27e-02 a 2.21e-03] 7059s
epoch  191 lr 3.03e-04 mse 9.216e-05 pde 3.521e-04 val rel-L2 [sG 2.66e-03 sM 7.41e-03 a 1.56e-03] 7097s
epoch  192 lr 2.98e-04 mse 9.734e-05 pde 3.630e-04 val rel-L2 [sG 3.22e-03 sM 8.98e-03 a 1.84e-03] 7133s
epoch  193 lr 2.93e-04 mse 6.533e-05 pde 3.018e-04 val rel-L2 [sG 2.79e-03 sM 7.22e-03 a 1.55e-03] 7170s
epoch  194 lr 2.89e-04 mse 1.250e-04 pde 3.880e-04 val rel-L2 [sG 3.28e-03 sM 9.33e-03 a 1.91e-03] 7207s
epoch  195 lr 2.84e-04 mse 6.937e-05 pde 2.738e-04 val rel-L2 [sG 4.44e-03 sM 1.03e-02 a 2.01e-03] 7244s
epoch  196 lr 2.79e-04 mse 7.932e-05 pde 3.393e-04 val rel-L2 [sG 2.90e-03 sM 1.00e-02 a 1.73e-03] 7280s
epoch  197 lr 2.74e-04 mse 6.479e-05 pde 2.804e-04 val rel-L2 [sG 3.88e-03 sM 1.35e-02 a 1.97e-03] 7318s
epoch  198 lr 2.70e-04 mse 8.824e-05 pde 3.416e-04 val rel-L2 [sG 3.09e-03 sM 9.17e-03 a 1.86e-03] 7355s
epoch  199 lr 2.65e-04 mse 5.290e-05 pde 2.805e-04 val rel-L2 [sG 3.08e-03 sM 7.03e-03 a 1.91e-03] 7392s
epoch  200 lr 2.61e-04 mse 8.471e-05 pde 2.956e-04 val rel-L2 [sG 3.07e-03 sM 1.33e-02 a 1.50e-03] 7428s
epoch  201 lr 2.56e-04 mse 7.287e-05 pde 2.803e-04 val rel-L2 [sG 2.56e-03 sM 7.92e-03 a 1.43e-03] 7464s
epoch  202 lr 2.51e-04 mse 5.423e-05 pde 2.589e-04 val rel-L2 [sG 3.15e-03 sM 1.11e-02 a 2.10e-03] 7501s
epoch  203 lr 2.47e-04 mse 7.186e-05 pde 2.942e-04 val rel-L2 [sG 2.88e-03 sM 1.57e-02 a 1.39e-03] 7538s
epoch  204 lr 2.42e-04 mse 6.571e-05 pde 2.850e-04 val rel-L2 [sG 5.17e-03 sM 2.36e-02 a 2.89e-03] 7574s
epoch  205 lr 2.38e-04 mse 6.332e-05 pde 3.247e-04 val rel-L2 [sG 2.77e-03 sM 1.33e-02 a 1.59e-03] 7611s
epoch  206 lr 2.34e-04 mse 6.060e-05 pde 2.598e-04 val rel-L2 [sG 2.24e-03 sM 6.49e-03 a 1.70e-03] 7648s
epoch  207 lr 2.29e-04 mse 6.001e-05 pde 2.742e-04 val rel-L2 [sG 2.85e-03 sM 3.13e-02 a 1.74e-03] 7684s
epoch  208 lr 2.25e-04 mse 3.779e-05 pde 2.489e-04 val rel-L2 [sG 2.91e-03 sM 9.91e-03 a 1.69e-03] 7722s
epoch  209 lr 2.20e-04 mse 6.205e-05 pde 2.624e-04 val rel-L2 [sG 4.92e-03 sM 1.19e-02 a 2.49e-03] 7759s
epoch  210 lr 2.16e-04 mse 4.237e-05 pde 2.250e-04 val rel-L2 [sG 2.58e-03 sM 9.06e-03 a 1.40e-03] 7796s
epoch  211 lr 2.12e-04 mse 5.797e-05 pde 2.397e-04 val rel-L2 [sG 2.20e-03 sM 5.89e-03 a 1.46e-03] 7833s
epoch  212 lr 2.08e-04 mse 5.030e-05 pde 2.607e-04 val rel-L2 [sG 2.31e-03 sM 7.55e-03 a 1.41e-03] 7870s
epoch  213 lr 2.03e-04 mse 6.024e-05 pde 2.500e-04 val rel-L2 [sG 4.16e-03 sM 1.05e-02 a 1.91e-03] 7907s
epoch  214 lr 1.99e-04 mse 5.028e-05 pde 2.411e-04 val rel-L2 [sG 3.27e-03 sM 9.33e-03 a 1.69e-03] 7943s
epoch  215 lr 1.95e-04 mse 4.786e-05 pde 2.475e-04 val rel-L2 [sG 1.86e-03 sM 6.82e-03 a 1.22e-03] 7980s
epoch  216 lr 1.91e-04 mse 4.375e-05 pde 2.050e-04 val rel-L2 [sG 1.89e-03 sM 6.26e-03 a 1.24e-03] 8017s
epoch  217 lr 1.87e-04 mse 3.536e-05 pde 2.304e-04 val rel-L2 [sG 3.74e-03 sM 1.53e-02 a 2.06e-03] 8055s
epoch  218 lr 1.83e-04 mse 6.374e-05 pde 2.478e-04 val rel-L2 [sG 2.03e-03 sM 6.53e-03 a 1.18e-03] 8092s
epoch  219 lr 1.79e-04 mse 3.905e-05 pde 2.100e-04 val rel-L2 [sG 2.99e-03 sM 1.27e-02 a 1.56e-03] 8129s
epoch  220 lr 1.75e-04 mse 3.508e-05 pde 2.162e-04 val rel-L2 [sG 1.86e-03 sM 5.22e-03 a 1.14e-03] 8166s
epoch  221 lr 1.71e-04 mse 5.018e-05 pde 2.417e-04 val rel-L2 [sG 2.84e-03 sM 1.57e-02 a 1.58e-03] 8204s
epoch  222 lr 1.67e-04 mse 3.014e-05 pde 1.965e-04 val rel-L2 [sG 2.24e-03 sM 1.04e-02 a 1.34e-03] 8242s
epoch  223 lr 1.63e-04 mse 3.419e-05 pde 2.259e-04 val rel-L2 [sG 1.87e-03 sM 6.03e-03 a 1.08e-03] 8280s
epoch  224 lr 1.60e-04 mse 4.832e-05 pde 2.083e-04 val rel-L2 [sG 2.73e-03 sM 1.26e-02 a 1.54e-03] 8316s
epoch  225 lr 1.56e-04 mse 4.150e-05 pde 2.022e-04 val rel-L2 [sG 2.03e-03 sM 7.00e-03 a 1.16e-03] 8352s
epoch  226 lr 1.52e-04 mse 3.200e-05 pde 2.015e-04 val rel-L2 [sG 1.99e-03 sM 6.27e-03 a 1.19e-03] 8390s
epoch  227 lr 1.49e-04 mse 2.787e-05 pde 1.949e-04 val rel-L2 [sG 2.11e-03 sM 2.76e-02 a 1.17e-03] 8427s
epoch  228 lr 1.45e-04 mse 3.831e-05 pde 1.988e-04 val rel-L2 [sG 1.78e-03 sM 6.36e-03 a 1.02e-03] 8463s
epoch  229 lr 1.41e-04 mse 3.891e-05 pde 2.201e-04 val rel-L2 [sG 1.96e-03 sM 6.96e-03 a 1.12e-03] 8500s
epoch  230 lr 1.38e-04 mse 3.073e-05 pde 1.790e-04 val rel-L2 [sG 1.77e-03 sM 4.74e-03 a 9.65e-04] 8536s
epoch  231 lr 1.34e-04 mse 3.581e-05 pde 1.832e-04 val rel-L2 [sG 1.87e-03 sM 7.50e-03 a 1.10e-03] 8573s
epoch  232 lr 1.31e-04 mse 2.471e-05 pde 1.760e-04 val rel-L2 [sG 2.11e-03 sM 5.06e-03 a 1.16e-03] 8609s
epoch  233 lr 1.27e-04 mse 3.110e-05 pde 2.139e-04 val rel-L2 [sG 1.72e-03 sM 5.26e-03 a 1.02e-03] 8646s
epoch  234 lr 1.24e-04 mse 1.735e-05 pde 1.680e-04 val rel-L2 [sG 2.90e-03 sM 2.16e-02 a 1.67e-03] 8682s
epoch  235 lr 1.21e-04 mse 2.800e-05 pde 1.834e-04 val rel-L2 [sG 2.27e-03 sM 9.12e-03 a 1.32e-03] 8719s
epoch  236 lr 1.17e-04 mse 2.618e-05 pde 1.721e-04 val rel-L2 [sG 1.66e-03 sM 3.96e-03 a 1.07e-03] 8756s
epoch  237 lr 1.14e-04 mse 2.584e-05 pde 1.700e-04 val rel-L2 [sG 1.53e-03 sM 4.62e-03 a 9.25e-04] 8793s
epoch  238 lr 1.11e-04 mse 2.326e-05 pde 1.772e-04 val rel-L2 [sG 1.59e-03 sM 5.69e-03 a 9.42e-04] 8829s
epoch  239 lr 1.08e-04 mse 1.811e-05 pde 1.643e-04 val rel-L2 [sG 1.95e-03 sM 7.75e-03 a 1.04e-03] 8867s
epoch  240 lr 1.05e-04 mse 2.153e-05 pde 1.577e-04 val rel-L2 [sG 1.52e-03 sM 4.59e-03 a 9.03e-04] 8904s
epoch  241 lr 1.01e-04 mse 2.406e-05 pde 1.620e-04 val rel-L2 [sG 1.84e-03 sM 4.40e-03 a 1.01e-03] 8941s
epoch  242 lr 9.84e-05 mse 1.293e-05 pde 1.589e-04 val rel-L2 [sG 1.76e-03 sM 6.62e-03 a 9.40e-04] 8978s
epoch  243 lr 9.54e-05 mse 2.605e-05 pde 3.595e-04 val rel-L2 [sG 1.54e-03 sM 3.78e-03 a 9.09e-04] 9014s
epoch  244 lr 9.25e-05 mse 1.446e-05 pde 1.517e-04 val rel-L2 [sG 1.62e-03 sM 5.13e-03 a 8.88e-04] 9051s
epoch  245 lr 8.96e-05 mse 1.873e-05 pde 1.550e-04 val rel-L2 [sG 1.80e-03 sM 6.62e-03 a 1.02e-03] 9088s
epoch  246 lr 8.68e-05 mse 1.496e-05 pde 1.534e-04 val rel-L2 [sG 1.45e-03 sM 4.28e-03 a 8.58e-04] 9125s
epoch  247 lr 8.40e-05 mse 1.898e-05 pde 1.495e-04 val rel-L2 [sG 1.56e-03 sM 4.77e-03 a 9.21e-04] 9161s
epoch  248 lr 8.12e-05 mse 1.259e-05 pde 1.489e-04 val rel-L2 [sG 1.54e-03 sM 5.03e-03 a 8.58e-04] 9198s
epoch  249 lr 7.85e-05 mse 1.881e-05 pde 1.482e-04 val rel-L2 [sG 1.51e-03 sM 5.04e-03 a 8.84e-04] 9234s
epoch  250 lr 7.59e-05 mse 1.321e-05 pde 1.432e-04 val rel-L2 [sG 1.43e-03 sM 3.88e-03 a 8.45e-04] 9271s
epoch  251 lr 7.33e-05 mse 1.201e-05 pde 1.460e-04 val rel-L2 [sG 1.45e-03 sM 4.86e-03 a 8.57e-04] 9307s
epoch  252 lr 7.07e-05 mse 1.999e-05 pde 1.458e-04 val rel-L2 [sG 1.40e-03 sM 3.78e-03 a 8.05e-04] 9345s
epoch  253 lr 6.82e-05 mse 1.272e-05 pde 1.411e-04 val rel-L2 [sG 1.56e-03 sM 4.80e-03 a 9.18e-04] 9381s
epoch  254 lr 6.58e-05 mse 1.260e-05 pde 1.406e-04 val rel-L2 [sG 1.43e-03 sM 3.97e-03 a 8.88e-04] 9417s
epoch  255 lr 6.34e-05 mse 1.017e-05 pde 1.382e-04 val rel-L2 [sG 1.34e-03 sM 3.68e-03 a 7.79e-04] 9454s
epoch  256 lr 6.10e-05 mse 1.067e-05 pde 1.393e-04 val rel-L2 [sG 1.54e-03 sM 4.54e-03 a 9.27e-04] 9492s
epoch  257 lr 5.87e-05 mse 9.683e-06 pde 1.355e-04 val rel-L2 [sG 1.50e-03 sM 4.23e-03 a 7.95e-04] 9528s
epoch  258 lr 5.64e-05 mse 1.075e-05 pde 1.366e-04 val rel-L2 [sG 1.32e-03 sM 3.58e-03 a 8.03e-04] 9566s
epoch  259 lr 5.42e-05 mse 1.239e-05 pde 1.332e-04 val rel-L2 [sG 1.42e-03 sM 3.62e-03 a 8.09e-04] 9603s
epoch  260 lr 5.21e-05 mse 8.678e-06 pde 1.307e-04 val rel-L2 [sG 1.65e-03 sM 4.10e-03 a 8.18e-04] 9640s
epoch  261 lr 5.00e-05 mse 8.181e-06 pde 1.285e-04 val rel-L2 [sG 1.27e-03 sM 3.23e-03 a 7.84e-04] 9677s
epoch  262 lr 4.79e-05 mse 8.628e-06 pde 1.271e-04 val rel-L2 [sG 1.29e-03 sM 3.28e-03 a 7.65e-04] 9714s
epoch  263 lr 4.59e-05 mse 7.072e-06 pde 1.345e-04 val rel-L2 [sG 1.27e-03 sM 3.32e-03 a 7.48e-04] 9751s
epoch  264 lr 4.40e-05 mse 9.615e-06 pde 1.292e-04 val rel-L2 [sG 1.34e-03 sM 3.23e-03 a 7.70e-04] 9788s
epoch  265 lr 4.21e-05 mse 7.451e-06 pde 1.240e-04 val rel-L2 [sG 1.31e-03 sM 3.58e-03 a 7.62e-04] 9825s
epoch  266 lr 4.03e-05 mse 8.484e-06 pde 1.299e-04 val rel-L2 [sG 1.27e-03 sM 3.55e-03 a 7.57e-04] 9862s
epoch  267 lr 3.85e-05 mse 9.090e-06 pde 1.270e-04 val rel-L2 [sG 1.30e-03 sM 3.16e-03 a 7.46e-04] 9899s
epoch  268 lr 3.67e-05 mse 8.380e-06 pde 1.235e-04 val rel-L2 [sG 1.25e-03 sM 3.22e-03 a 7.45e-04] 9935s
epoch  269 lr 3.50e-05 mse 5.410e-06 pde 1.256e-04 val rel-L2 [sG 1.40e-03 sM 3.97e-03 a 7.69e-04] 9973s
epoch  270 lr 3.34e-05 mse 6.622e-06 pde 1.247e-04 val rel-L2 [sG 1.25e-03 sM 3.30e-03 a 7.67e-04] 10010s
epoch  271 lr 3.18e-05 mse 6.650e-06 pde 1.207e-04 val rel-L2 [sG 1.23e-03 sM 3.39e-03 a 7.30e-04] 10047s
epoch  272 lr 3.03e-05 mse 6.041e-06 pde 1.211e-04 val rel-L2 [sG 1.24e-03 sM 3.08e-03 a 7.29e-04] 10083s
epoch  273 lr 2.89e-05 mse 6.302e-06 pde 1.212e-04 val rel-L2 [sG 1.23e-03 sM 3.78e-03 a 7.43e-04] 10120s
epoch  274 lr 2.74e-05 mse 7.032e-06 pde 1.196e-04 val rel-L2 [sG 1.23e-03 sM 3.30e-03 a 7.36e-04] 10157s
epoch  275 lr 2.61e-05 mse 5.491e-06 pde 1.187e-04 val rel-L2 [sG 1.22e-03 sM 3.06e-03 a 7.16e-04] 10193s
epoch  276 lr 2.48e-05 mse 5.997e-06 pde 1.192e-04 val rel-L2 [sG 1.21e-03 sM 3.33e-03 a 7.23e-04] 10231s
epoch  277 lr 2.35e-05 mse 5.908e-06 pde 1.177e-04 val rel-L2 [sG 1.22e-03 sM 4.09e-03 a 7.25e-04] 10267s
epoch  278 lr 2.23e-05 mse 5.876e-06 pde 1.176e-04 val rel-L2 [sG 1.20e-03 sM 3.02e-03 a 7.10e-04] 10303s
epoch  279 lr 2.12e-05 mse 5.047e-06 pde 1.134e-04 val rel-L2 [sG 1.19e-03 sM 3.32e-03 a 7.16e-04] 10341s
epoch  280 lr 2.01e-05 mse 5.009e-06 pde 1.168e-04 val rel-L2 [sG 1.18e-03 sM 2.99e-03 a 7.06e-04] 10377s
epoch  281 lr 1.91e-05 mse 5.044e-06 pde 1.174e-04 val rel-L2 [sG 1.19e-03 sM 3.07e-03 a 7.04e-04] 10414s
epoch  282 lr 1.81e-05 mse 4.745e-06 pde 1.139e-04 val rel-L2 [sG 1.20e-03 sM 3.28e-03 a 7.35e-04] 10452s
epoch  283 lr 1.72e-05 mse 5.050e-06 pde 1.139e-04 val rel-L2 [sG 1.16e-03 sM 3.02e-03 a 6.96e-04] 10489s
epoch  284 lr 1.63e-05 mse 4.581e-06 pde 1.140e-04 val rel-L2 [sG 1.17e-03 sM 3.03e-03 a 7.05e-04] 10526s
epoch  285 lr 1.55e-05 mse 4.497e-06 pde 1.118e-04 val rel-L2 [sG 1.17e-03 sM 3.01e-03 a 6.96e-04] 10563s
epoch  286 lr 1.47e-05 mse 4.744e-06 pde 1.125e-04 val rel-L2 [sG 1.15e-03 sM 3.02e-03 a 6.95e-04] 10601s
epoch  287 lr 1.40e-05 mse 4.365e-06 pde 1.136e-04 val rel-L2 [sG 1.15e-03 sM 3.05e-03 a 6.92e-04] 10638s
epoch  288 lr 1.34e-05 mse 4.510e-06 pde 1.113e-04 val rel-L2 [sG 1.16e-03 sM 3.02e-03 a 6.90e-04] 10675s
epoch  289 lr 1.28e-05 mse 4.372e-06 pde 1.121e-04 val rel-L2 [sG 1.15e-03 sM 3.02e-03 a 6.90e-04] 10712s
epoch  290 lr 1.23e-05 mse 4.446e-06 pde 1.121e-04 val rel-L2 [sG 1.15e-03 sM 2.95e-03 a 6.87e-04] 10749s
epoch  291 lr 1.18e-05 mse 4.451e-06 pde 1.094e-04 val rel-L2 [sG 1.15e-03 sM 3.00e-03 a 6.89e-04] 10786s
epoch  292 lr 1.14e-05 mse 4.290e-06 pde 1.106e-04 val rel-L2 [sG 1.14e-03 sM 2.98e-03 a 6.85e-04] 10822s
epoch  293 lr 1.10e-05 mse 4.283e-06 pde 1.093e-04 val rel-L2 [sG 1.14e-03 sM 2.96e-03 a 6.86e-04] 10859s
epoch  294 lr 1.07e-05 mse 4.254e-06 pde 1.116e-04 val rel-L2 [sG 1.18e-03 sM 3.03e-03 a 6.86e-04] 10896s
epoch  295 lr 1.04e-05 mse 4.236e-06 pde 1.099e-04 val rel-L2 [sG 1.14e-03 sM 3.05e-03 a 6.89e-04] 10932s
epoch  296 lr 1.03e-05 mse 4.206e-06 pde 1.098e-04 val rel-L2 [sG 1.14e-03 sM 2.98e-03 a 6.80e-04] 10969s
epoch  297 lr 1.01e-05 mse 4.412e-06 pde 1.100e-04 val rel-L2 [sG 1.14e-03 sM 2.95e-03 a 6.80e-04] 11006s
epoch  298 lr 1.00e-05 mse 4.109e-06 pde 1.085e-04 val rel-L2 [sG 1.14e-03 sM 2.95e-03 a 6.81e-04] 11042s
epoch  299 lr 1.00e-05 mse 4.282e-06 pde 1.103e-04 val rel-L2 [sG 1.13e-03 sM 2.94e-03 a 6.85e-04] 11080s
done. best val worst-target rel-L2 2.943e-03 at epoch 299; torch-vs-numpy max diff 2.04e-05
SKN weights: ~/stackem_work/outputs_teacher/base3/skn/skn_best.npz
