device cuda; FDM rows 14,592,000 + teacher-labelled 8,000,000 = 22,592,000; val rows 768,000 (197,693 at the ends)
teacher (343,811 params): val rel-L2 [0.00109 0.00182 0.00064], at the ends [0.0006  0.00131 0.00046]
student parameters: 54,915  (6.3x smaller)
epoch   0 lr 1.00e-03 mse 2.492e-01 val rel-L2 [sG 1.43e-01 sM 2.46e-01 a 6.09e-02] ends [7.94e-02 2.02e-01 5.12e-02] 3s
epoch   1 lr 2.00e-03 mse 1.351e-02 val rel-L2 [sG 8.17e-02 sM 1.54e-01 a 4.32e-02] ends [5.01e-02 1.31e-01 3.53e-02] 5s
epoch   2 lr 2.00e-03 mse 6.207e-03 val rel-L2 [sG 5.30e-02 sM 9.35e-02 a 2.62e-02] ends [2.45e-02 7.07e-02 1.73e-02] 7s
epoch   3 lr 2.00e-03 mse 4.281e-03 val rel-L2 [sG 5.64e-02 sM 9.78e-02 a 3.50e-02] ends [4.01e-02 8.07e-02 3.87e-02] 10s
epoch   4 lr 2.00e-03 mse 3.422e-03 val rel-L2 [sG 3.94e-02 sM 9.15e-02 a 2.00e-02] ends [2.03e-02 7.76e-02 1.39e-02] 12s
epoch   5 lr 2.00e-03 mse 2.873e-03 val rel-L2 [sG 5.18e-02 sM 1.09e-01 a 2.98e-02] ends [4.02e-02 1.02e-01 3.41e-02] 14s
epoch   6 lr 1.99e-03 mse 2.526e-03 val rel-L2 [sG 3.73e-02 sM 8.42e-02 a 2.49e-02] ends [3.21e-02 7.91e-02 2.89e-02] 16s
epoch   7 lr 1.99e-03 mse 2.217e-03 val rel-L2 [sG 3.25e-02 sM 7.99e-02 a 1.70e-02] ends [2.30e-02 7.37e-02 1.56e-02] 18s
epoch   8 lr 1.99e-03 mse 1.967e-03 val rel-L2 [sG 3.84e-02 sM 7.07e-02 a 1.55e-02] ends [2.95e-02 6.13e-02 1.22e-02] 20s
epoch   9 lr 1.99e-03 mse 1.842e-03 val rel-L2 [sG 2.82e-02 sM 6.59e-02 a 1.65e-02] ends [1.89e-02 5.63e-02 1.55e-02] 22s
epoch  10 lr 1.98e-03 mse 3.012e-03 val rel-L2 [sG 2.72e-02 sM 7.86e-02 a 1.69e-02] ends [1.79e-02 7.21e-02 1.55e-02] 24s
epoch  11 lr 1.98e-03 mse 1.603e-03 val rel-L2 [sG 2.30e-02 sM 5.72e-02 a 1.22e-02] ends [1.28e-02 4.97e-02 9.67e-03] 26s
epoch  12 lr 1.97e-03 mse 1.450e-03 val rel-L2 [sG 2.15e-02 sM 5.20e-02 a 1.22e-02] ends [1.29e-02 4.57e-02 8.90e-03] 27s
epoch  13 lr 1.97e-03 mse 1.334e-03 val rel-L2 [sG 2.29e-02 sM 5.26e-02 a 1.23e-02] ends [1.57e-02 4.70e-02 1.38e-02] 30s
epoch  14 lr 1.96e-03 mse 1.338e-03 val rel-L2 [sG 2.54e-02 sM 4.97e-02 a 1.34e-02] ends [1.70e-02 4.28e-02 1.18e-02] 32s
epoch  15 lr 1.96e-03 mse 1.674e-03 val rel-L2 [sG 2.23e-02 sM 5.08e-02 a 1.30e-02] ends [1.58e-02 4.43e-02 1.04e-02] 34s
epoch  16 lr 1.95e-03 mse 1.107e-03 val rel-L2 [sG 2.25e-02 sM 4.94e-02 a 1.32e-02] ends [1.53e-02 4.30e-02 1.38e-02] 36s
epoch  17 lr 1.94e-03 mse 1.218e-03 val rel-L2 [sG 2.08e-02 sM 5.47e-02 a 1.13e-02] ends [1.35e-02 4.90e-02 8.33e-03] 38s
epoch  18 lr 1.94e-03 mse 1.322e-03 val rel-L2 [sG 2.04e-02 sM 5.62e-02 a 1.15e-02] ends [1.52e-02 5.10e-02 1.20e-02] 40s
epoch  19 lr 1.93e-03 mse 1.183e-03 val rel-L2 [sG 1.92e-02 sM 4.83e-02 a 1.06e-02] ends [1.25e-02 4.35e-02 1.03e-02] 43s
epoch  20 lr 1.92e-03 mse 1.160e-03 val rel-L2 [sG 1.77e-02 sM 5.73e-02 a 1.10e-02] ends [1.13e-02 5.35e-02 8.15e-03] 45s
epoch  21 lr 1.91e-03 mse 1.191e-03 val rel-L2 [sG 1.76e-02 sM 3.87e-02 a 9.54e-03] ends [1.13e-02 3.31e-02 6.30e-03] 46s
epoch  22 lr 1.90e-03 mse 1.045e-03 val rel-L2 [sG 1.84e-02 sM 4.69e-02 a 1.21e-02] ends [1.15e-02 4.17e-02 1.07e-02] 48s
epoch  23 lr 1.89e-03 mse 1.290e-03 val rel-L2 [sG 1.80e-02 sM 4.24e-02 a 1.15e-02] ends [1.16e-02 3.75e-02 1.01e-02] 51s
epoch  24 lr 1.88e-03 mse 1.021e-03 val rel-L2 [sG 1.79e-02 sM 4.15e-02 a 9.93e-03] ends [1.14e-02 3.45e-02 8.30e-03] 53s
epoch  25 lr 1.87e-03 mse 1.015e-03 val rel-L2 [sG 1.54e-02 sM 4.39e-02 a 8.67e-03] ends [8.99e-03 4.03e-02 6.47e-03] 56s
epoch  26 lr 1.86e-03 mse 9.241e-04 val rel-L2 [sG 1.65e-02 sM 4.21e-02 a 1.09e-02] ends [1.10e-02 3.82e-02 8.57e-03] 57s
epoch  27 lr 1.85e-03 mse 1.033e-03 val rel-L2 [sG 2.15e-02 sM 5.35e-02 a 1.34e-02] ends [1.36e-02 4.85e-02 1.21e-02] 59s
epoch  28 lr 1.84e-03 mse 8.912e-04 val rel-L2 [sG 1.51e-02 sM 4.34e-02 a 8.20e-03] ends [9.40e-03 3.98e-02 5.88e-03] 61s
epoch  29 lr 1.83e-03 mse 9.791e-04 val rel-L2 [sG 1.53e-02 sM 3.86e-02 a 8.77e-03] ends [8.82e-03 3.38e-02 6.27e-03] 63s
epoch  30 lr 1.82e-03 mse 8.377e-04 val rel-L2 [sG 1.42e-02 sM 3.39e-02 a 8.72e-03] ends [7.93e-03 2.94e-02 5.74e-03] 66s
epoch  31 lr 1.80e-03 mse 8.510e-04 val rel-L2 [sG 2.04e-02 sM 4.68e-02 a 8.65e-03] ends [1.27e-02 4.24e-02 6.47e-03] 68s
epoch  32 lr 1.79e-03 mse 8.706e-04 val rel-L2 [sG 1.36e-02 sM 3.35e-02 a 7.35e-03] ends [7.80e-03 2.91e-02 5.13e-03] 70s
epoch  33 lr 1.78e-03 mse 8.518e-04 val rel-L2 [sG 1.64e-02 sM 6.29e-02 a 8.13e-03] ends [1.22e-02 6.14e-02 6.79e-03] 72s
epoch  34 lr 1.77e-03 mse 9.713e-04 val rel-L2 [sG 1.77e-02 sM 4.57e-02 a 8.31e-03] ends [1.09e-02 4.27e-02 7.58e-03] 74s
epoch  35 lr 1.75e-03 mse 6.950e-04 val rel-L2 [sG 1.53e-02 sM 6.22e-02 a 1.10e-02] ends [1.02e-02 5.93e-02 8.69e-03] 76s
epoch  36 lr 1.74e-03 mse 7.340e-04 val rel-L2 [sG 1.15e-02 sM 2.82e-02 a 6.39e-03] ends [6.69e-03 2.47e-02 4.76e-03] 78s
epoch  37 lr 1.72e-03 mse 7.204e-04 val rel-L2 [sG 1.44e-02 sM 5.01e-02 a 7.46e-03] ends [1.01e-02 4.85e-02 5.66e-03] 81s
epoch  38 lr 1.71e-03 mse 7.042e-04 val rel-L2 [sG 1.36e-02 sM 3.53e-02 a 8.15e-03] ends [9.29e-03 3.21e-02 6.20e-03] 83s
epoch  39 lr 1.69e-03 mse 6.690e-04 val rel-L2 [sG 1.28e-02 sM 2.93e-02 a 7.13e-03] ends [7.05e-03 2.54e-02 5.13e-03] 85s
epoch  40 lr 1.68e-03 mse 6.541e-04 val rel-L2 [sG 1.77e-02 sM 4.26e-02 a 8.14e-03] ends [1.38e-02 3.91e-02 6.26e-03] 87s
epoch  41 lr 1.66e-03 mse 6.392e-04 val rel-L2 [sG 1.54e-02 sM 5.75e-02 a 7.06e-03] ends [1.09e-02 5.49e-02 5.21e-03] 89s
epoch  42 lr 1.65e-03 mse 6.313e-04 val rel-L2 [sG 1.42e-02 sM 4.08e-02 a 6.68e-03] ends [1.02e-02 3.89e-02 5.17e-03] 91s
epoch  43 lr 1.63e-03 mse 5.535e-04 val rel-L2 [sG 1.11e-02 sM 3.97e-02 a 8.24e-03] ends [7.54e-03 3.75e-02 8.24e-03] 93s
epoch  44 lr 1.61e-03 mse 7.192e-04 val rel-L2 [sG 1.05e-02 sM 2.52e-02 a 5.74e-03] ends [6.11e-03 2.14e-02 4.10e-03] 95s
epoch  45 lr 1.60e-03 mse 5.408e-04 val rel-L2 [sG 1.09e-02 sM 2.45e-02 a 5.18e-03] ends [6.41e-03 2.20e-02 3.47e-03] 97s
epoch  46 lr 1.58e-03 mse 5.616e-04 val rel-L2 [sG 1.15e-02 sM 2.39e-02 a 7.35e-03] ends [6.61e-03 2.02e-02 5.74e-03] 99s
epoch  47 lr 1.56e-03 mse 5.419e-04 val rel-L2 [sG 1.14e-02 sM 2.43e-02 a 7.06e-03] ends [7.39e-03 2.06e-02 4.84e-03] 101s
epoch  48 lr 1.54e-03 mse 4.732e-04 val rel-L2 [sG 1.22e-02 sM 3.01e-02 a 5.94e-03] ends [6.96e-03 2.65e-02 4.74e-03] 103s
epoch  49 lr 1.53e-03 mse 4.893e-04 val rel-L2 [sG 9.95e-03 sM 2.50e-02 a 7.80e-03] ends [6.61e-03 2.24e-02 6.56e-03] 105s
epoch  50 lr 1.51e-03 mse 5.027e-04 val rel-L2 [sG 9.18e-03 sM 2.53e-02 a 4.60e-03] ends [5.11e-03 2.32e-02 2.78e-03] 108s
epoch  51 lr 1.49e-03 mse 5.163e-04 val rel-L2 [sG 2.13e-02 sM 4.64e-02 a 9.48e-03] ends [1.62e-02 4.23e-02 8.16e-03] 111s
epoch  52 lr 1.47e-03 mse 4.885e-04 val rel-L2 [sG 1.34e-02 sM 3.15e-02 a 6.50e-03] ends [9.23e-03 2.82e-02 5.24e-03] 113s
epoch  53 lr 1.45e-03 mse 4.760e-04 val rel-L2 [sG 1.03e-02 sM 2.70e-02 a 5.36e-03] ends [5.37e-03 2.38e-02 3.91e-03] 114s
epoch  54 lr 1.43e-03 mse 4.193e-04 val rel-L2 [sG 1.42e-02 sM 3.62e-02 a 7.96e-03] ends [1.02e-02 3.31e-02 7.16e-03] 116s
epoch  55 lr 1.41e-03 mse 4.651e-04 val rel-L2 [sG 1.48e-02 sM 4.45e-02 a 9.89e-03] ends [9.92e-03 4.15e-02 8.25e-03] 119s
epoch  56 lr 1.40e-03 mse 4.284e-04 val rel-L2 [sG 8.79e-03 sM 2.51e-02 a 4.90e-03] ends [5.03e-03 2.29e-02 3.45e-03] 121s
epoch  57 lr 1.38e-03 mse 4.173e-04 val rel-L2 [sG 1.01e-02 sM 2.64e-02 a 6.61e-03] ends [6.40e-03 2.41e-02 5.35e-03] 123s
epoch  58 lr 1.36e-03 mse 3.965e-04 val rel-L2 [sG 1.55e-02 sM 4.65e-02 a 9.90e-03] ends [9.06e-03 4.17e-02 6.55e-03] 125s
epoch  59 lr 1.34e-03 mse 3.753e-04 val rel-L2 [sG 8.97e-03 sM 2.57e-02 a 4.52e-03] ends [5.23e-03 2.32e-02 3.57e-03] 127s
epoch  60 lr 1.32e-03 mse 3.890e-04 val rel-L2 [sG 1.06e-02 sM 3.88e-02 a 7.06e-03] ends [7.38e-03 3.72e-02 4.72e-03] 130s
epoch  61 lr 1.30e-03 mse 3.555e-04 val rel-L2 [sG 9.40e-03 sM 1.83e-02 a 4.35e-03] ends [5.84e-03 1.54e-02 3.16e-03] 132s
epoch  62 lr 1.28e-03 mse 3.486e-04 val rel-L2 [sG 9.22e-03 sM 2.25e-02 a 4.87e-03] ends [5.49e-03 1.94e-02 3.33e-03] 134s
epoch  63 lr 1.26e-03 mse 3.627e-04 val rel-L2 [sG 1.04e-02 sM 3.32e-02 a 6.78e-03] ends [6.54e-03 3.09e-02 5.89e-03] 137s
epoch  64 lr 1.24e-03 mse 3.718e-04 val rel-L2 [sG 1.00e-02 sM 3.19e-02 a 5.02e-03] ends [6.30e-03 2.92e-02 3.73e-03] 139s
epoch  65 lr 1.21e-03 mse 3.147e-04 val rel-L2 [sG 1.16e-02 sM 2.73e-02 a 5.72e-03] ends [8.09e-03 2.54e-02 4.08e-03] 141s
epoch  66 lr 1.19e-03 mse 3.513e-04 val rel-L2 [sG 9.07e-03 sM 2.06e-02 a 4.28e-03] ends [4.88e-03 1.73e-02 2.94e-03] 143s
epoch  67 lr 1.17e-03 mse 2.964e-04 val rel-L2 [sG 8.17e-03 sM 1.95e-02 a 4.37e-03] ends [4.34e-03 1.68e-02 2.92e-03] 145s
epoch  68 lr 1.15e-03 mse 2.984e-04 val rel-L2 [sG 7.35e-03 sM 3.23e-02 a 4.05e-03] ends [4.06e-03 3.33e-02 2.84e-03] 146s
epoch  69 lr 1.13e-03 mse 2.873e-04 val rel-L2 [sG 1.09e-02 sM 4.93e-02 a 6.93e-03] ends [6.36e-03 4.79e-02 4.01e-03] 149s
epoch  70 lr 1.11e-03 mse 2.935e-04 val rel-L2 [sG 8.03e-03 sM 2.65e-02 a 4.80e-03] ends [4.52e-03 2.43e-02 3.84e-03] 151s
epoch  71 lr 1.09e-03 mse 2.755e-04 val rel-L2 [sG 1.59e-02 sM 5.19e-02 a 4.80e-03] ends [1.18e-02 4.76e-02 4.04e-03] 154s
epoch  72 lr 1.07e-03 mse 2.785e-04 val rel-L2 [sG 8.28e-03 sM 1.64e-02 a 3.93e-03] ends [5.12e-03 1.37e-02 2.79e-03] 156s
epoch  73 lr 1.05e-03 mse 2.626e-04 val rel-L2 [sG 7.48e-03 sM 2.07e-02 a 4.27e-03] ends [4.00e-03 1.84e-02 2.96e-03] 158s
epoch  74 lr 1.03e-03 mse 2.662e-04 val rel-L2 [sG 6.53e-03 sM 1.40e-02 a 3.44e-03] ends [3.19e-03 1.17e-02 2.42e-03] 160s
epoch  75 lr 1.01e-03 mse 2.607e-04 val rel-L2 [sG 6.81e-03 sM 1.21e-02 a 3.19e-03] ends [3.78e-03 9.39e-03 2.12e-03] 162s
epoch  76 lr 9.84e-04 mse 2.140e-04 val rel-L2 [sG 8.05e-03 sM 2.26e-02 a 5.77e-03] ends [5.36e-03 2.04e-02 4.74e-03] 164s
epoch  77 lr 9.63e-04 mse 2.035e-04 val rel-L2 [sG 7.26e-03 sM 1.50e-02 a 3.77e-03] ends [4.39e-03 1.28e-02 2.50e-03] 166s
epoch  78 lr 9.42e-04 mse 2.690e-04 val rel-L2 [sG 6.98e-03 sM 1.84e-02 a 3.55e-03] ends [3.94e-03 1.68e-02 2.42e-03] 169s
epoch  79 lr 9.21e-04 mse 1.886e-04 val rel-L2 [sG 9.34e-03 sM 3.03e-02 a 5.99e-03] ends [6.52e-03 2.73e-02 5.63e-03] 172s
epoch  80 lr 9.00e-04 mse 1.898e-04 val rel-L2 [sG 7.85e-03 sM 1.77e-02 a 5.31e-03] ends [4.77e-03 1.52e-02 4.50e-03] 174s
epoch  81 lr 8.79e-04 mse 1.961e-04 val rel-L2 [sG 8.67e-03 sM 2.62e-02 a 4.01e-03] ends [5.41e-03 2.49e-02 3.12e-03] 176s
epoch  82 lr 8.58e-04 mse 1.788e-04 val rel-L2 [sG 7.72e-03 sM 1.66e-02 a 3.75e-03] ends [4.99e-03 1.42e-02 2.94e-03] 178s
epoch  83 lr 8.37e-04 mse 1.704e-04 val rel-L2 [sG 6.77e-03 sM 1.59e-02 a 3.45e-03] ends [3.88e-03 1.41e-02 2.26e-03] 180s
epoch  84 lr 8.16e-04 mse 1.835e-04 val rel-L2 [sG 8.66e-03 sM 3.39e-02 a 5.93e-03] ends [5.84e-03 3.28e-02 5.84e-03] 182s
epoch  85 lr 7.95e-04 mse 1.820e-04 val rel-L2 [sG 5.85e-03 sM 1.18e-02 a 3.16e-03] ends [3.12e-03 9.44e-03 2.32e-03] 184s
epoch  86 lr 7.75e-04 mse 1.528e-04 val rel-L2 [sG 6.52e-03 sM 1.44e-02 a 3.10e-03] ends [3.82e-03 1.28e-02 2.16e-03] 186s
epoch  87 lr 7.54e-04 mse 1.617e-04 val rel-L2 [sG 5.94e-03 sM 1.46e-02 a 3.22e-03] ends [3.24e-03 1.29e-02 2.27e-03] 188s
epoch  88 lr 7.34e-04 mse 1.408e-04 val rel-L2 [sG 5.51e-03 sM 1.07e-02 a 3.14e-03] ends [2.80e-03 8.60e-03 2.35e-03] 190s
epoch  89 lr 7.14e-04 mse 1.544e-04 val rel-L2 [sG 6.05e-03 sM 1.29e-02 a 3.12e-03] ends [3.21e-03 1.04e-02 1.99e-03] 193s
epoch  90 lr 6.94e-04 mse 1.414e-04 val rel-L2 [sG 5.45e-03 sM 1.16e-02 a 2.84e-03] ends [3.05e-03 9.62e-03 1.98e-03] 195s
epoch  91 lr 6.74e-04 mse 1.204e-04 val rel-L2 [sG 5.68e-03 sM 1.17e-02 a 3.15e-03] ends [3.11e-03 9.73e-03 2.06e-03] 197s
epoch  92 lr 6.54e-04 mse 1.562e-04 val rel-L2 [sG 6.02e-03 sM 1.73e-02 a 3.45e-03] ends [3.30e-03 1.59e-02 2.59e-03] 200s
epoch  93 lr 6.34e-04 mse 1.195e-04 val rel-L2 [sG 6.30e-03 sM 1.39e-02 a 3.42e-03] ends [3.94e-03 1.16e-02 2.55e-03] 202s
epoch  94 lr 6.14e-04 mse 1.107e-04 val rel-L2 [sG 5.32e-03 sM 1.15e-02 a 2.75e-03] ends [2.78e-03 9.44e-03 1.98e-03] 205s
epoch  95 lr 5.95e-04 mse 1.096e-04 val rel-L2 [sG 7.81e-03 sM 2.30e-02 a 3.34e-03] ends [5.56e-03 2.18e-02 2.46e-03] 208s
epoch  96 lr 5.76e-04 mse 1.015e-04 val rel-L2 [sG 7.43e-03 sM 3.33e-02 a 3.27e-03] ends [5.21e-03 3.31e-02 2.57e-03] 210s
epoch  97 lr 5.57e-04 mse 8.635e-05 val rel-L2 [sG 5.14e-03 sM 8.56e-03 a 2.84e-03] ends [2.87e-03 6.10e-03 2.02e-03] 212s
epoch  98 lr 5.38e-04 mse 1.031e-04 val rel-L2 [sG 5.11e-03 sM 1.00e-02 a 3.33e-03] ends [2.60e-03 7.65e-03 2.64e-03] 214s
epoch  99 lr 5.20e-04 mse 8.852e-05 val rel-L2 [sG 5.07e-03 sM 9.98e-03 a 2.66e-03] ends [2.85e-03 8.02e-03 2.08e-03] 216s
epoch 100 lr 5.01e-04 mse 9.141e-05 val rel-L2 [sG 7.04e-03 sM 1.64e-02 a 3.68e-03] ends [4.37e-03 1.36e-02 2.96e-03] 218s
epoch 101 lr 4.83e-04 mse 7.774e-05 val rel-L2 [sG 4.97e-03 sM 1.01e-02 a 2.72e-03] ends [2.63e-03 8.21e-03 2.07e-03] 221s
epoch 102 lr 4.65e-04 mse 7.802e-05 val rel-L2 [sG 4.91e-03 sM 9.45e-03 a 2.42e-03] ends [2.69e-03 7.33e-03 1.47e-03] 223s
epoch 103 lr 4.48e-04 mse 7.410e-05 val rel-L2 [sG 4.92e-03 sM 8.94e-03 a 2.41e-03] ends [2.48e-03 6.78e-03 1.58e-03] 226s
epoch 104 lr 4.30e-04 mse 7.476e-05 val rel-L2 [sG 5.04e-03 sM 1.01e-02 a 2.64e-03] ends [2.71e-03 7.87e-03 1.86e-03] 228s
epoch 105 lr 4.13e-04 mse 7.033e-05 val rel-L2 [sG 4.78e-03 sM 1.03e-02 a 2.44e-03] ends [2.42e-03 8.51e-03 1.62e-03] 231s
epoch 106 lr 3.96e-04 mse 6.443e-05 val rel-L2 [sG 5.29e-03 sM 1.13e-02 a 2.86e-03] ends [3.20e-03 9.72e-03 2.27e-03] 233s
epoch 107 lr 3.80e-04 mse 5.851e-05 val rel-L2 [sG 4.68e-03 sM 1.01e-02 a 2.38e-03] ends [2.39e-03 8.58e-03 1.57e-03] 235s
epoch 108 lr 3.64e-04 mse 6.442e-05 val rel-L2 [sG 4.51e-03 sM 8.25e-03 a 2.53e-03] ends [2.25e-03 6.30e-03 1.78e-03] 237s
epoch 109 lr 3.48e-04 mse 6.323e-05 val rel-L2 [sG 4.44e-03 sM 9.09e-03 a 2.26e-03] ends [2.11e-03 7.09e-03 1.48e-03] 239s
epoch 110 lr 3.32e-04 mse 4.753e-05 val rel-L2 [sG 4.45e-03 sM 8.10e-03 a 2.37e-03] ends [2.17e-03 5.86e-03 1.50e-03] 242s
epoch 111 lr 3.17e-04 mse 4.970e-05 val rel-L2 [sG 4.40e-03 sM 7.47e-03 a 2.14e-03] ends [2.26e-03 5.19e-03 1.32e-03] 245s
epoch 112 lr 3.01e-04 mse 4.493e-05 val rel-L2 [sG 4.64e-03 sM 9.68e-03 a 2.30e-03] ends [2.77e-03 7.91e-03 1.60e-03] 247s
epoch 113 lr 2.87e-04 mse 5.040e-05 val rel-L2 [sG 4.30e-03 sM 9.09e-03 a 2.15e-03] ends [2.17e-03 7.31e-03 1.38e-03] 249s
epoch 114 lr 2.72e-04 mse 4.587e-05 val rel-L2 [sG 4.58e-03 sM 9.48e-03 a 2.26e-03] ends [2.26e-03 7.75e-03 1.41e-03] 251s
epoch 115 lr 2.58e-04 mse 4.104e-05 val rel-L2 [sG 4.46e-03 sM 7.67e-03 a 2.14e-03] ends [2.25e-03 5.59e-03 1.35e-03] 254s
epoch 116 lr 2.44e-04 mse 3.647e-05 val rel-L2 [sG 4.16e-03 sM 7.53e-03 a 2.06e-03] ends [2.00e-03 5.59e-03 1.28e-03] 257s
epoch 117 lr 2.31e-04 mse 3.489e-05 val rel-L2 [sG 4.29e-03 sM 8.06e-03 a 2.28e-03] ends [2.15e-03 6.13e-03 1.54e-03] 260s
epoch 118 lr 2.18e-04 mse 3.885e-05 val rel-L2 [sG 4.23e-03 sM 7.95e-03 a 2.13e-03] ends [2.18e-03 6.20e-03 1.49e-03] 263s
epoch 119 lr 2.05e-04 mse 3.126e-05 val rel-L2 [sG 4.01e-03 sM 7.07e-03 a 2.07e-03] ends [1.85e-03 4.90e-03 1.31e-03] 264s
epoch 120 lr 1.93e-04 mse 3.244e-05 val rel-L2 [sG 4.05e-03 sM 7.40e-03 a 2.01e-03] ends [1.95e-03 5.40e-03 1.21e-03] 266s
epoch 121 lr 1.81e-04 mse 2.958e-05 val rel-L2 [sG 4.01e-03 sM 7.50e-03 a 2.03e-03] ends [1.90e-03 5.65e-03 1.31e-03] 268s
epoch 122 lr 1.69e-04 mse 3.192e-05 val rel-L2 [sG 3.94e-03 sM 7.33e-03 a 2.09e-03] ends [1.85e-03 5.54e-03 1.36e-03] 271s
epoch 123 lr 1.58e-04 mse 2.522e-05 val rel-L2 [sG 4.17e-03 sM 8.40e-03 a 2.32e-03] ends [2.19e-03 6.80e-03 1.90e-03] 273s
epoch 124 lr 1.47e-04 mse 2.601e-05 val rel-L2 [sG 4.04e-03 sM 8.68e-03 a 1.99e-03] ends [2.02e-03 7.04e-03 1.23e-03] 276s
epoch 125 lr 1.36e-04 mse 2.458e-05 val rel-L2 [sG 3.85e-03 sM 7.04e-03 a 1.99e-03] ends [1.75e-03 5.12e-03 1.24e-03] 278s
epoch 126 lr 1.26e-04 mse 2.327e-05 val rel-L2 [sG 3.93e-03 sM 7.25e-03 a 1.96e-03] ends [1.89e-03 5.38e-03 1.24e-03] 280s
epoch 127 lr 1.17e-04 mse 2.235e-05 val rel-L2 [sG 3.90e-03 sM 6.85e-03 a 1.92e-03] ends [1.88e-03 5.03e-03 1.20e-03] 282s
epoch 128 lr 1.07e-04 mse 2.211e-05 val rel-L2 [sG 3.86e-03 sM 7.76e-03 a 1.94e-03] ends [1.85e-03 6.19e-03 1.23e-03] 285s
epoch 129 lr 9.83e-05 mse 2.109e-05 val rel-L2 [sG 3.80e-03 sM 7.02e-03 a 1.92e-03] ends [1.74e-03 5.15e-03 1.18e-03] 288s
epoch 130 lr 8.98e-05 mse 2.004e-05 val rel-L2 [sG 3.74e-03 sM 6.17e-03 a 1.92e-03] ends [1.73e-03 3.99e-03 1.19e-03] 291s
epoch 131 lr 8.18e-05 mse 1.900e-05 val rel-L2 [sG 3.72e-03 sM 6.25e-03 a 1.84e-03] ends [1.70e-03 4.23e-03 1.11e-03] 293s
epoch 132 lr 7.41e-05 mse 1.819e-05 val rel-L2 [sG 3.72e-03 sM 6.55e-03 a 1.89e-03] ends [1.73e-03 4.56e-03 1.21e-03] 295s
epoch 133 lr 6.68e-05 mse 1.777e-05 val rel-L2 [sG 3.69e-03 sM 5.96e-03 a 1.84e-03] ends [1.70e-03 3.77e-03 1.13e-03] 296s
epoch 134 lr 6.00e-05 mse 1.771e-05 val rel-L2 [sG 3.66e-03 sM 5.85e-03 a 1.83e-03] ends [1.65e-03 3.65e-03 1.10e-03] 299s
epoch 135 lr 5.36e-05 mse 1.673e-05 val rel-L2 [sG 3.70e-03 sM 5.79e-03 a 1.81e-03] ends [1.72e-03 3.49e-03 1.08e-03] 301s
epoch 136 lr 4.76e-05 mse 1.629e-05 val rel-L2 [sG 3.66e-03 sM 6.18e-03 a 1.82e-03] ends [1.69e-03 4.22e-03 1.09e-03] 303s
epoch 137 lr 4.21e-05 mse 1.599e-05 val rel-L2 [sG 3.60e-03 sM 5.76e-03 a 1.80e-03] ends [1.59e-03 3.57e-03 1.09e-03] 305s
epoch 138 lr 3.70e-05 mse 1.559e-05 val rel-L2 [sG 3.61e-03 sM 5.64e-03 a 1.79e-03] ends [1.61e-03 3.36e-03 1.05e-03] 307s
epoch 139 lr 3.23e-05 mse 1.516e-05 val rel-L2 [sG 3.59e-03 sM 5.67e-03 a 1.77e-03] ends [1.63e-03 3.44e-03 1.05e-03] 309s
epoch 140 lr 2.81e-05 mse 1.502e-05 val rel-L2 [sG 3.56e-03 sM 5.63e-03 a 1.77e-03] ends [1.56e-03 3.35e-03 1.05e-03] 312s
epoch 141 lr 2.43e-05 mse 1.458e-05 val rel-L2 [sG 3.55e-03 sM 5.54e-03 a 1.76e-03] ends [1.57e-03 3.22e-03 1.03e-03] 314s
epoch 142 lr 2.10e-05 mse 1.433e-05 val rel-L2 [sG 3.56e-03 sM 5.63e-03 a 1.78e-03] ends [1.58e-03 3.37e-03 1.05e-03] 317s
epoch 143 lr 1.81e-05 mse 1.418e-05 val rel-L2 [sG 3.55e-03 sM 5.51e-03 a 1.76e-03] ends [1.59e-03 3.20e-03 1.03e-03] 319s
epoch 144 lr 1.56e-05 mse 1.399e-05 val rel-L2 [sG 3.52e-03 sM 5.43e-03 a 1.75e-03] ends [1.54e-03 3.04e-03 1.02e-03] 322s
epoch 145 lr 1.36e-05 mse 1.386e-05 val rel-L2 [sG 3.53e-03 sM 5.52e-03 a 1.75e-03] ends [1.55e-03 3.24e-03 1.03e-03] 324s
epoch 146 lr 1.20e-05 mse 1.370e-05 val rel-L2 [sG 3.53e-03 sM 5.94e-03 a 1.77e-03] ends [1.57e-03 3.96e-03 1.06e-03] 326s
epoch 147 lr 1.09e-05 mse 1.364e-05 val rel-L2 [sG 3.51e-03 sM 5.46e-03 a 1.76e-03] ends [1.53e-03 3.14e-03 1.05e-03] 328s
epoch 148 lr 1.02e-05 mse 1.352e-05 val rel-L2 [sG 3.51e-03 sM 5.43e-03 a 1.74e-03] ends [1.53e-03 3.07e-03 1.02e-03] 330s
epoch 149 lr 1.00e-05 mse 1.349e-05 val rel-L2 [sG 3.50e-03 sM 5.38e-03 a 1.74e-03] ends [1.52e-03 3.00e-03 1.01e-03] 332s
done. student val rel-L2 [0.0035  0.00538 0.00174] (teacher [0.00109 0.00182 0.00064]); 6.3x fewer parameters
